04-04 22:39:56.993 I/ActivityManager( 2313): appDiedLocked: app=ProcessRecord{5c6079d 6502:me.vishok.locent/u0a806} thread=android.os.BinderProxy@6f63f79 fromBinderDied=true isKilledByAm=true reason=null
04-04 22:39:56.994 D/RestartModeController( 2313): markWaitRestartAppIsSuicided null processName=me.vishok.locent
04-04 22:39:56.995 I/SurfaceFlinger( 1794): onHandleDestroyed: layerId=502387, name=e968ad6 ActivityRecordInputSink me.vishok.locent/.MainActivity#502387
04-04 22:39:56.995 W/UsageStatsService( 2313): Unexpected activity event reported! (me.vishok.locent/me.vishok.locent.MainActivity event : 23 instanceId : 266828077)
04-04 22:39:56.996 D/ConnectivityService( 2313): releasing NetworkRequest [ REQUEST id=149212, [ Capabilities: INTERNET&NOT_RESTRICTED&TRUSTED&NOT_VCN_MANAGED&NOT_BANDWIDTH_CONSTRAINED Uid: 10806 RequestorUid: 10806 RequestorPkg: me.vishok.locent UnderlyingNetworks: Null] ] (release request)
04-04 22:39:56.996 I/ScnModule( 2313): [GameDetection] requestedPermissions1/1:: me.vishok.locent:: [android.permission.ACCESS_COARSE_LOCATION, android.permission.ACCESS_FINE_LOCATION, android.permission.INTERNET, android.permission.POST_NOTIFICATIONS, android.permission.ACCESS_NETWORK_STATE, me.vishok.locent.DYNAMIC_RECEIVER_NOT_EXPORTED_PERMISSION] 
04-04 22:39:56.997 I/ScnModule( 2313): [GameDetection] numOfPermissiom:: me.vishok.locent:: 6 
04-04 22:39:56.997 I/ScnModule( 2313): [GameDetection] inputPermissions:: me.vishok.locent:: [0.0, 0.0, 0.0, 0.0, 0.0, 0.0, 0.0, 0.0, 0.0, 0.0, 0.0, 0.0, 0.0, 0.0, 1.0, 0.0, 0.0, 1.0, 0.0, 0.0, 0.0, 0.0, 0.0, 0.0, 0.0, 1.0, 0.0, 0.0, 0.0, 0.0, 0.0, 0.0, 0.0, 0.0, 0.0, 0.0, 0.0, 0.0, 0.0, 0.0, 0.0, 1.0, 0.0, 0.0, 0.0, 0.0, 0.0, 0.0, 0.0, 0.0, 0.0, 0.0, 0.0, 0.0, 0.0, 0.0, 0.0, 0.0, 0.0, 0.0, 0.0, 0.0, 0.0, 0.0, 0.0, 0.0, 0.0, 0.0, 0.0, 0.0, 0.0, 0.0, 0.0, 0.0, 0.0, 0.0, 0.0, 0.0, 0.0, 0.0, 0.0, 0.0, 0.0, 0.0, 0.0, 0.0, 0.0, 0.0, 0.0, 0.0, 0.0, 0.0, 0.0, 0.0, 0.0, 0.0, 0.0, 0.0, 0.0, 0.0, 0.0, 0.0, 0.0, 0.0, 0.0, 0.0, 0.0, 0.0, 0.0, 0.0, 0.0, 0.0, 0.0, 0.0, 0.0, 0.0, 0.0, 0.0, 0.0, 0.0, 0.0, 0.0, 0.0, 0.0, 0.0, 0.0, 0.0, 0.0, 0.0, 0.0, 0.0, 0.0, 0.0, 0.0, 0.0, 0.0, 0.0, 0.0, 0.0, 0.0, 0.0, 0.0, 0.0, 0.0, 0.0, 0.0, 0.0, 0.0, 0.0, 0.0, 0.0, 0.0, 0.0, 0.0, 0.0, 0.0, 0.0, 0.0, 0.0, 0.0, 0.0, 0.0, 0.0, 0.0, 0.0, 0.0, 0.0, 0.0, 0.0, 0.0, 0.0, 0.0, 0.0, 0.0, 0.0, 0.0, 0.0, 0.0, 0.0, 0.0, 0.0, 0.0, 0.0, 0.0, 0.0, 0.0, 0.0, 0.0, 0.0, 0.0, 0.0, 0.0, 0.0, 0.0, 0.0, 0.0, 0.0, 0.0, 0.0, 0.0] 
04-04 22:39:56.997 I/ScnModule( 2313): [GameDetection] inputGameFeature:: me.vishok.locent:: [-1.4682515, 0.0, 0.0, 0.0] 
04-04 22:39:56.997 I/ScnModule( 2313): [GameDetection] GamePredictor:: me.vishok.locent:: nonGame:9.1961,isGame:-10.2263 
04-04 22:39:56.997 I/mtkpower_client( 2313): [PowerHal_Wrap_notifyAppState] me.vishok.locent/me.vishok.locent pid=6502 activityId:6502 state:3
04-04 22:39:56.997 I/vendor.mediatek.hardware.mtkpower_applist-service.mediatek( 1738): packName: me.vishok.locent actName: me.vishok.locent pid: 6502 uid: 10806 state: 3
04-04 22:39:56.997 I/MTK_APPList( 1738): [notifyAPPstate] me.vishok.locent/me.vishok.locent, pid=6502, uid=10806, state:DEAD, fps:-1, win:1
04-04 22:39:56.997 I/MTK_APPList( 1738): [notifyAPPstate] pack:me.vishok.locent, pid:6502, STATE_DEAD
04-04 22:39:57.013 I/SurfaceFlinger( 1794): onHandleDestroyed: layerId=502381, name=ActivityRecord{48486040 u0 me.vishok.locent/.MainActivity#502381
04-04 22:39:57.013 I/SurfaceFlinger( 1794): onHandleDestroyed: layerId=502388, name=ab7eb1d me.vishok.locent/me.vishok.locent.MainActivity#502388
04-04 22:39:57.770 I/PowerHalWrapper( 2313): amsBoostNotify pid:12940,activity:com.android.launcher3.CustomizationPanelLauncher, package:com.motorola.launcher3, mProcessCreatePackme.vishok.locent 
04-04 22:39:57.774 I/PowerHalWrapper( 2313): amsBoostNotify pid:12940,activity:com.android.launcher3.CustomizationPanelLauncher, package:com.motorola.launcher3, mProcessCreatePackme.vishok.locent 
04-04 22:39:59.103 I/PowerHalWrapper( 2313): amsBoostNotify pid:12940,activity:com.android.launcher3.CustomizationPanelLauncher, package:com.motorola.launcher3, mProcessCreatePackme.vishok.locent 
04-04 22:39:59.242 I/MTK_APPList( 1738): [notifyAPPstate] act me.vishok.locent.MainActivity => com.android.launcher3.CustomizationPanelLauncher
04-04 22:41:45.633 I/Finsky  (23886): [2] VerifyApps: Install-time verification requested for package me.vishok.locent, PackageManager id = 186, Verifier id = 58b3bcf0-a3da-4fc7-98f4-8b5c4aebeafc
04-04 22:41:45.788 I/Finsky  (23886): [8032] VerifyApps: Anti-malware verification task started for package=me.vishok.locent
04-04 22:41:46.205 I/Finsky  (23886): [8032] VerifyApps: chooseScanResult for package=me.vishok.locent with timeout=15000ms
04-04 22:41:46.213 I/Finsky  (23886): [7627] VerifyApps: Starting APK Analysis scan for me.vishok.locent.
04-04 22:41:46.220 I/Finsky  (23886): [7627] Scanning package me.vishok.locent contents with client side protections. File: [uf10lDDGPUtPsOg9Ru4EmmdDmQwu3u608sJc1oaJA6g]
04-04 22:41:46.973 I/Finsky  (23886): [8036] VerifyApps: Verification package=me.vishok.locent, id=186, response=0, upload_requested=false, enable_ecm=false
04-04 22:41:46.976 I/Finsky  (23886): [8036] VerifyApps: PAM result saving to datastore delayed for package: me.vishok.locent
04-04 22:41:46.980 I/Finsky  (23886): [8032] VerifyApps: firstScanResult for package=me.vishok.locent: SAFE
04-04 22:41:55.418 I/Finsky  (23886): [7624] VerifyApps: APK Analysis scan finished for me.vishok.locent. Verdict: SAFE
04-04 22:41:55.419 I/Finsky  (23886): [8032] VerifyApps: overallScanResult for package=me.vishok.locent: SAFE
04-04 22:41:55.419 I/Finsky  (23886): [8032] VerifyApps: chooseScanResult returning verdict SAFE for package=me.vishok.locent
04-04 22:41:55.438 I/Finsky  (23886): [2] VerifyApps: Install-time verification complete: id=186, package_name=me.vishok.locent
04-04 22:41:55.439 D/InstallDependencyHelper( 2313): No missing dependency for me.vishok.locent
04-04 22:41:55.454 I/PackageManager( 2313): Update package me.vishok.locent code path from /data/app/~~GR-0-XsR-0SD9ogLb1zB3Q==/me.vishok.locent-QhoxRE7XArVkL6Fv4-gr7Q== to /data/app/vmdl1877708701.tmp; Retain data and using new
04-04 22:41:55.510 I/AppsFilter( 2313): interaction: PackageSetting{788d2cc me.vishok.sansocr/10811} -> PackageSetting{bcfabb4 me.vishok.locent/10806} BLOCKED
04-04 22:41:55.510 I/AppsFilter( 2313): interaction: PackageSetting{a0b355c com.oem.euiccpartnerapp/10255} -> PackageSetting{bcfabb4 me.vishok.locent/10806} BLOCKED
04-04 22:41:55.510 I/AppsFilter( 2313): interaction: PackageSetting{788d2cc me.vishok.sansocr/10811} -> PackageSetting{85e67b6 me.vishok.locent/10806} BLOCKED
04-04 22:41:55.510 I/AppsFilter( 2313): interaction: PackageSetting{a0b355c com.oem.euiccpartnerapp/10255} -> PackageSetting{85e67b6 me.vishok.locent/10806} BLOCKED
04-04 22:41:55.543 I/ActivityManager( 2313): Force stopping me.vishok.locent appid=10806 user=-1: installPackageLI
04-04 22:41:55.545 I/PackageManager( 2313): installation completed for package:me.vishok.locent. Final code path: /data/app/~~Kjq8B8oJWmJ39Paa3swsxg==/me.vishok.locent-KlTaudogI2IOUxhJ67jBfw==
04-04 22:41:55.546 I/AppsFilter( 2313): interaction: PackageSetting{e161012 me.vishok.sansocr/10811} -> PackageSetting{102f249 me.vishok.locent/10806} BLOCKED
04-04 22:41:55.546 I/AppsFilter( 2313): interaction: PackageSetting{934bc99 com.oem.euiccpartnerapp/10255} -> PackageSetting{102f249 me.vishok.locent/10806} BLOCKED
04-04 22:41:55.559 I/ActivityManager( 2313): Force stopping me.vishok.locent appid=10806 user=0: pkg removed
04-04 22:41:55.576 I/TrafficStatsCollector( 2313): Not com.tmobile.echolocate.system, pkgName=me.vishok.locent
04-04 22:41:55.579 D/ShortcutService( 2313): replacing package: me.vishok.locent userId=0
04-04 22:41:55.594 I/Telecom ( 2313): CarModeTracker: Package me.vishok.locent is not tracked.: SSH.oR@AII
04-04 22:41:55.596 W/PackageConfigPersister( 2313): App-specific configuration not found for packageName: me.vishok.locent and userId: 0
04-04 22:41:55.596 I/SdkSandboxManager( 2313): No SDKs used. Skipping SDK data reconcilation for CallingInfo{mUid=10806, mPackageName='me.vishok.locent, mAppProcessToken='null'}
04-04 22:41:55.597 I/SatelliteAppTracker( 3134): onPackageUpdateFinished : me.vishok.locent
04-04 22:41:55.597 I/SatelliteAppTracker( 3134): onPackageModified : me.vishok.locent
04-04 22:41:55.599 E/SatelliteAppTracker( 3134): packageName: me.vishok.locent, value: null
04-04 22:41:55.601 E/SatelliteAppTracker( 3134): packageName: me.vishok.locent, value: null
04-04 22:41:55.612 D/ActivityThread(12940): Package [me.vishok.locent] reported as REPLACED, but missing application info. Assuming REMOVED.
04-04 22:41:55.612 D/ActivityThread( 6316): Package [me.vishok.locent] reported as REPLACED, but missing application info. Assuming REMOVED.
04-04 22:41:55.612 D/ActivityThread(21569): Package [me.vishok.locent] reported as REPLACED, but missing application info. Assuming REMOVED.
04-04 22:41:55.612 D/ActivityThread(29000): Package [me.vishok.locent] reported as REPLACED, but missing application info. Assuming REMOVED.
04-04 22:41:55.613 D/ActivityThread( 1327): Package [me.vishok.locent] reported as REPLACED, but missing application info. Assuming REMOVED.
04-04 22:41:55.613 D/ActivityThread(28476): Package [me.vishok.locent] reported as REPLACED, but missing application info. Assuming REMOVED.
04-04 22:41:55.613 D/ActivityThread( 4317): Package [me.vishok.locent] reported as REPLACED, but missing application info. Assuming REMOVED.
04-04 22:41:55.613 D/ActivityThread(32131): Package [me.vishok.locent] reported as REPLACED, but missing application info. Assuming REMOVED.
04-04 22:41:55.613 D/ActivityThread(18122): Package [me.vishok.locent] reported as REPLACED, but missing application info. Assuming REMOVED.
04-04 22:41:55.614 D/ActivityThread( 2856): Package [me.vishok.locent] reported as REPLACED, but missing application info. Assuming REMOVED.
04-04 22:41:55.614 D/ActivityThread( 5996): Package [me.vishok.locent] reported as REPLACED, but missing application info. Assuming REMOVED.
04-04 22:41:55.614 D/ActivityThread( 4579): Package [me.vishok.locent] reported as REPLACED, but missing application info. Assuming REMOVED.
04-04 22:41:55.614 D/ActivityThread(29024): Package [me.vishok.locent] reported as REPLACED, but missing application info. Assuming REMOVED.
04-04 22:41:55.614 D/ActivityThread( 2918): Package [me.vishok.locent] reported as REPLACED, but missing application info. Assuming REMOVED.
04-04 22:41:55.614 D/ActivityThread(15439): Package [me.vishok.locent] reported as REPLACED, but missing application info. Assuming REMOVED.
04-04 22:41:55.614 D/ActivityThread(11878): Package [me.vishok.locent] reported as REPLACED, but missing application info. Assuming REMOVED.
04-04 22:41:55.615 D/ActivityThread(14952): Package [me.vishok.locent] reported as REPLACED, but missing application info. Assuming REMOVED.
04-04 22:41:55.615 D/ActivityThread(20649): Package [me.vishok.locent] reported as REPLACED, but missing application info. Assuming REMOVED.
04-04 22:41:55.616 D/ActivityThread(12940): Package [me.vishok.locent] reported as REPLACED, but missing application info. Assuming REMOVED.
04-04 22:41:55.616 D/ActivityThread(21569): Package [me.vishok.locent] reported as REPLACED, but missing application info. Assuming REMOVED.
04-04 22:41:55.616 D/ActivityThread(29000): Package [me.vishok.locent] reported as REPLACED, but missing application info. Assuming REMOVED.
04-04 22:41:55.616 D/ActivityThread( 3080): Package [me.vishok.locent] reported as REPLACED, but missing application info. Assuming REMOVED.
04-04 22:41:55.616 D/ActivityThread( 6316): Package [me.vishok.locent] reported as REPLACED, but missing application info. Assuming REMOVED.
04-04 22:41:55.616 D/ActivityThread(11148): Package [me.vishok.locent] reported as REPLACED, but missing application info. Assuming REMOVED.
04-04 22:41:55.617 D/ActivityThread(12161): Package [me.vishok.locent] reported as REPLACED, but missing application info. Assuming REMOVED.
04-04 22:41:55.617 D/ActivityThread(30947): Package [me.vishok.locent] reported as REPLACED, but missing application info. Assuming REMOVED.
04-04 22:41:55.617 D/ActivityThread( 3065): Package [me.vishok.locent] reported as REPLACED, but missing application info. Assuming REMOVED.
04-04 22:41:55.617 D/ActivityThread(18122): Package [me.vishok.locent] reported as REPLACED, but missing application info. Assuming REMOVED.
04-04 22:41:55.617 D/ActivityThread( 3126): Package [me.vishok.locent] reported as REPLACED, but missing application info. Assuming REMOVED.
04-04 22:41:55.617 D/ActivityThread( 4185): Package [me.vishok.locent] reported as REPLACED, but missing application info. Assuming REMOVED.
04-04 22:41:55.617 D/ActivityThread( 4317): Package [me.vishok.locent] reported as REPLACED, but missing application info. Assuming REMOVED.
04-04 22:41:55.618 D/ActivityThread(11878): Package [me.vishok.locent] reported as REPLACED, but missing application info. Assuming REMOVED.
04-04 22:41:55.618 D/ActivityThread( 1400): Package [me.vishok.locent] reported as REPLACED, but missing application info. Assuming REMOVED.
04-04 22:41:55.618 D/ActivityThread( 4569): Package [me.vishok.locent] reported as REPLACED, but missing application info. Assuming REMOVED.
04-04 22:41:55.618 D/ActivityThread( 2918): Package [me.vishok.locent] reported as REPLACED, but missing application info. Assuming REMOVED.
04-04 22:41:55.615 D/ActivityThread( 3090): Package [me.vishok.locent] reported as REPLACED, but missing application info. Assuming REMOVED.
04-04 22:41:55.618 D/ActivityThread( 5996): Package [me.vishok.locent] reported as REPLACED, but missing application info. Assuming REMOVED.
04-04 22:41:55.618 D/ActivityThread(30947): Package [me.vishok.locent] reported as REPLACED, but missing application info. Assuming REMOVED.
04-04 22:41:55.618 D/ActivityThread(29024): Package [me.vishok.locent] reported as REPLACED, but missing application info. Assuming REMOVED.
04-04 22:41:55.619 D/ActivityThread(32210): Package [me.vishok.locent] reported as REPLACED, but missing application info. Assuming REMOVED.
04-04 22:41:55.619 D/ActivityThread( 8002): Package [me.vishok.locent] reported as REPLACED, but missing application info. Assuming REMOVED.
04-04 22:41:55.619 D/ActivityThread( 1093): Package [me.vishok.locent] reported as REPLACED, but missing application info. Assuming REMOVED.
04-04 22:41:55.619 D/ActivityThread( 4441): Package [me.vishok.locent] reported as REPLACED, but missing application info. Assuming REMOVED.
04-04 22:41:55.619 D/ActivityThread( 1093): Package [me.vishok.locent] reported as REPLACED, but missing application info. Assuming REMOVED.
04-04 22:41:55.620 D/ActivityThread(19585): Package [me.vishok.locent] reported as REPLACED, but missing application info. Assuming REMOVED.
04-04 22:41:55.620 D/ActivityThread(14952): Package [me.vishok.locent] reported as REPLACED, but missing application info. Assuming REMOVED.
04-04 22:41:55.620 D/ActivityThread( 8307): Package [me.vishok.locent] reported as REPLACED, but missing application info. Assuming REMOVED.
04-04 22:41:55.621 D/ActivityThread( 4263): Package [me.vishok.locent] reported as REPLACED, but missing application info. Assuming REMOVED.
04-04 22:41:55.621 D/ActivityThread( 4264): Package [me.vishok.locent] reported as REPLACED, but missing application info. Assuming REMOVED.
04-04 22:41:55.621 D/ActivityThread(12843): Package [me.vishok.locent] reported as REPLACED, but missing application info. Assuming REMOVED.
04-04 22:41:55.621 D/ActivityThread( 4259): Package [me.vishok.locent] reported as REPLACED, but missing application info. Assuming REMOVED.
04-04 22:41:55.621 D/ActivityThread( 3109): Package [me.vishok.locent] reported as REPLACED, but missing application info. Assuming REMOVED.
04-04 22:41:55.622 D/ActivityThread( 4259): Package [me.vishok.locent] reported as REPLACED, but missing application info. Assuming REMOVED.
04-04 22:41:55.622 D/ActivityThread(26790): Package [me.vishok.locent] reported as REPLACED, but missing application info. Assuming REMOVED.
04-04 22:41:55.622 D/ActivityThread(12843): Package [me.vishok.locent] reported as REPLACED, but missing application info. Assuming REMOVED.
04-04 22:41:55.622 D/ActivityThread( 3164): Package [me.vishok.locent] reported as REPLACED, but missing application info. Assuming REMOVED.
04-04 22:41:55.622 D/ActivityThread( 4279): Package [me.vishok.locent] reported as REPLACED, but missing application info. Assuming REMOVED.
04-04 22:41:55.622 D/ActivityThread( 3665): Package [me.vishok.locent] reported as REPLACED, but missing application info. Assuming REMOVED.
04-04 22:41:55.622 I/TrafficStatsCollector( 2313): Not com.tmobile.echolocate.system, pkgName=me.vishok.locent
04-04 22:41:55.623 D/ActivityThread( 4279): Package [me.vishok.locent] reported as REPLACED, but missing application info. Assuming REMOVED.
04-04 22:41:55.625 D/ActivityThread( 2856): Package [me.vishok.locent] reported as REPLACED, but missing application info. Assuming REMOVED.
04-04 22:41:55.625 D/ActivityThread( 4263): Package [me.vishok.locent] reported as REPLACED, but missing application info. Assuming REMOVED.
04-04 22:41:55.626 D/ActivityThread(11148): Package [me.vishok.locent] reported as REPLACED, but missing application info. Assuming REMOVED.
04-04 22:41:55.627 D/ActivityThread( 4465): Package [me.vishok.locent] reported as REPLACED, but missing application info. Assuming REMOVED.
04-04 22:41:55.628 D/ActivityThread(17245): Package [me.vishok.locent] reported as REPLACED, but missing application info. Assuming REMOVED.
04-04 22:41:55.628 D/ActivityThread(17245): Package [me.vishok.locent] reported as REPLACED, but missing application info. Assuming REMOVED.
04-04 22:41:55.628 D/ActivityThread( 7757): Package [me.vishok.locent] reported as REPLACED, but missing application info. Assuming REMOVED.
04-04 22:41:55.628 D/ActivityThread(15439): Package [me.vishok.locent] reported as REPLACED, but missing application info. Assuming REMOVED.
04-04 22:41:55.629 D/ActivityThread( 4579): Package [me.vishok.locent] reported as REPLACED, but missing application info. Assuming REMOVED.
04-04 22:41:55.629 D/ActivityThread( 4264): Package [me.vishok.locent] reported as REPLACED, but missing application info. Assuming REMOVED.
04-04 22:41:55.629 D/ActivityThread(20649): Package [me.vishok.locent] reported as REPLACED, but missing application info. Assuming REMOVED.
04-04 22:41:55.629 D/ActivityThread(32562): Package [me.vishok.locent] reported as REPLACED, but missing application info. Assuming REMOVED.
04-04 22:41:55.629 D/ActivityThread( 4569): Package [me.vishok.locent] reported as REPLACED, but missing application info. Assuming REMOVED.
04-04 22:41:55.630 D/ActivityThread(19585): Package [me.vishok.locent] reported as REPLACED, but missing application info. Assuming REMOVED.
04-04 22:41:55.630 D/ActivityThread(32751): Package [me.vishok.locent] reported as REPLACED, but missing application info. Assuming REMOVED.
04-04 22:41:55.630 D/ActivityThread( 3065): Package [me.vishok.locent] reported as REPLACED, but missing application info. Assuming REMOVED.
04-04 22:41:55.630 D/ActivityThread( 7382): Package [me.vishok.locent] reported as REPLACED, but missing application info. Assuming REMOVED.
04-04 22:41:55.630 D/ActivityThread( 3665): Package [me.vishok.locent] reported as REPLACED, but missing application info. Assuming REMOVED.
04-04 22:41:55.630 D/ActivityThread( 3041): Package [me.vishok.locent] reported as REPLACED, but missing application info. Assuming REMOVED.
04-04 22:41:55.630 D/ActivityThread( 6186): Package [me.vishok.locent] reported as REPLACED, but missing application info. Assuming REMOVED.
04-04 22:41:55.630 D/ActivityThread( 7607): Package [me.vishok.locent] reported as REPLACED, but missing application info. Assuming REMOVED.
04-04 22:41:55.630 D/ActivityThread( 3096): Package [me.vishok.locent] reported as REPLACED, but missing application info. Assuming REMOVED.
04-04 22:41:55.631 D/ActivityThread( 3164): Package [me.vishok.locent] reported as REPLACED, but missing application info. Assuming REMOVED.
04-04 22:41:55.631 D/ActivityThread( 4252): Package [me.vishok.locent] reported as REPLACED, but missing application info. Assuming REMOVED.
04-04 22:41:55.631 D/ActivityThread(32751): Package [me.vishok.locent] reported as REPLACED, but missing application info. Assuming REMOVED.
04-04 22:41:55.631 D/ActivityThread(12783): Package [me.vishok.locent] reported as REPLACED, but missing application info. Assuming REMOVED.
04-04 22:41:55.631 D/ActivityThread( 1400): Package [me.vishok.locent] reported as REPLACED, but missing application info. Assuming REMOVED.
04-04 22:41:55.632 D/ActivityThread( 6186): Package [me.vishok.locent] reported as REPLACED, but missing application info. Assuming REMOVED.
04-04 22:41:55.633 D/ActivityThread( 4465): Package [me.vishok.locent] reported as REPLACED, but missing application info. Assuming REMOVED.
04-04 22:41:55.633 D/ActivityThread(12161): Package [me.vishok.locent] reported as REPLACED, but missing application info. Assuming REMOVED.
04-04 22:41:55.633 D/ActivityThread( 3076): Package [me.vishok.locent] reported as REPLACED, but missing application info. Assuming REMOVED.
04-04 22:41:55.634 D/ActivityThread( 4185): Package [me.vishok.locent] reported as REPLACED, but missing application info. Assuming REMOVED.
04-04 22:41:55.634 D/ActivityThread( 7607): Package [me.vishok.locent] reported as REPLACED, but missing application info. Assuming REMOVED.
04-04 22:41:55.634 D/ActivityThread(28476): Package [me.vishok.locent] reported as REPLACED, but missing application info. Assuming REMOVED.
04-04 22:41:55.634 D/ActivityThread( 7382): Package [me.vishok.locent] reported as REPLACED, but missing application info. Assuming REMOVED.
04-04 22:41:55.635 D/ActivityThread(32562): Package [me.vishok.locent] reported as REPLACED, but missing application info. Assuming REMOVED.
04-04 22:41:55.635 D/ActivityThread( 4252): Package [me.vishok.locent] reported as REPLACED, but missing application info. Assuming REMOVED.
04-04 22:41:55.636 W/AlarmManager( 2313): Package me.vishok.locent, uid 10806 lost permission to set exact alarms!
04-04 22:41:55.636 D/ActivityThread( 2313): Package [me.vishok.locent] reported as REPLACED, but missing application info. Assuming REMOVED.
04-04 22:41:55.636 D/ActivityThread( 2313): Package [me.vishok.locent] reported as REPLACED, but missing application info. Assuming REMOVED.
04-04 22:41:55.637 D/ActivityThread(32210): Package [me.vishok.locent] reported as REPLACED, but missing application info. Assuming REMOVED.
04-04 22:41:55.637 D/ActivityThread( 3080): Package [me.vishok.locent] reported as REPLACED, but missing application info. Assuming REMOVED.
04-04 22:41:55.639 D/ActivityThread(12783): Package [me.vishok.locent] reported as REPLACED, but missing application info. Assuming REMOVED.
04-04 22:41:55.639 D/ActivityThread( 8002): Package [me.vishok.locent] reported as REPLACED, but missing application info. Assuming REMOVED.
04-04 22:41:55.640 D/ActivityThread( 8307): Package [me.vishok.locent] reported as REPLACED, but missing application info. Assuming REMOVED.
04-04 22:41:55.641 D/ActivityThread( 3109): Package [me.vishok.locent] reported as REPLACED, but missing application info. Assuming REMOVED.
04-04 22:41:55.641 D/ActivityThread( 3041): Package [me.vishok.locent] reported as REPLACED, but missing application info. Assuming REMOVED.
04-04 22:41:55.641 D/ActivityThread( 4441): Package [me.vishok.locent] reported as REPLACED, but missing application info. Assuming REMOVED.
04-04 22:41:55.642 D/ActivityThread( 3076): Package [me.vishok.locent] reported as REPLACED, but missing application info. Assuming REMOVED.
04-04 22:41:55.651 D/ActivityThread(  379): Package [me.vishok.locent] reported as REPLACED, but missing application info. Assuming REMOVED.
04-04 22:41:55.656 D/ActivityThread(  379): Package [me.vishok.locent] reported as REPLACED, but missing application info. Assuming REMOVED.
04-04 22:41:55.657 D/ActivityThread( 3126): Package [me.vishok.locent] reported as REPLACED, but missing application info. Assuming REMOVED.
04-04 22:41:55.657 D/ActivityThread( 3090): Package [me.vishok.locent] reported as REPLACED, but missing application info. Assuming REMOVED.
04-04 22:41:55.660 I/SdkSandboxManager( 2313): No SDKs used. Skipping SDK data reconcilation for CallingInfo{mUid=10806, mPackageName='me.vishok.locent, mAppProcessToken='null'}
04-04 22:41:55.661 I/TrafficStatsCollector( 2313): Not com.tmobile.echolocate.system, pkgName=me.vishok.locent
04-04 22:41:55.669 D/ActivityThread( 3096): Package [me.vishok.locent] reported as REPLACED, but missing application info. Assuming REMOVED.
04-04 22:41:55.670 D/ActivityThread( 1327): Package [me.vishok.locent] reported as REPLACED, but missing application info. Assuming REMOVED.
04-04 22:41:55.681 D/ActivityThread(32131): Package [me.vishok.locent] reported as REPLACED, but missing application info. Assuming REMOVED.
04-04 22:41:55.684 D/ActivityThread( 7757): Package [me.vishok.locent] reported as REPLACED, but missing application info. Assuming REMOVED.
04-04 22:41:55.686 D/ActivityThread(17000): Package [me.vishok.locent] reported as REPLACED, but missing application info. Assuming REMOVED.
04-04 22:41:55.687 D/ActivityThread(17000): Package [me.vishok.locent] reported as REPLACED, but missing application info. Assuming REMOVED.
04-04 22:41:55.709 D/ActivityThread(26790): Package [me.vishok.locent] reported as REPLACED, but missing application info. Assuming REMOVED.
04-04 22:41:55.728 W/VvmPkgInstalledRcvr( 3134): carrierVvmPkgAdded: carrier vvm packages doesn't contain me.vishok.locent
04-04 22:41:55.730 D/CarrierSvcBindHelper( 3134): onPackageUpdateFinished: me.vishok.locent
04-04 22:41:55.731 D/CarrierSvcBindHelper( 3134): onPackageModified: me.vishok.locent
04-04 22:41:55.741 I/Finsky  (23886): [2] AIM: AppInfoCacheUpdater -> invalidating apps: [me.vishok.locent]
04-04 22:41:55.743 I/Finsky  (23886): [7626] AIM: AppInfoManager-Perf > OnDeviceAppInfo > cacheHitCount=0, cacheMissCount=1. Missed  in cache (limit 10) : [me.vishok.locent]
04-04 22:41:55.774 I/Finsky:background(14793): [7607] IQ:PSL: skipping onPackageRemoved(replacing=true) for untracked package=me.vishok.locent
04-04 22:41:55.776 D/ActivityThread(14793): Package [me.vishok.locent] reported as REPLACED, but missing application info. Assuming REMOVED.
04-04 22:41:55.779 D/ActivityThread(14793): Package [me.vishok.locent] reported as REPLACED, but missing application info. Assuming REMOVED.
04-04 22:41:55.824 I/Finsky  (23886): [2] AIM: AppInfoCacheUpdater -> invalidating apps: [me.vishok.locent]
04-04 22:41:55.830 I/Finsky  (23886): [7627] AIM: AppInfoManager-Perf > OnDeviceAppInfo > cacheHitCount=0, cacheMissCount=1. Missed  in cache (limit 10) : [me.vishok.locent]
04-04 22:41:55.848 D/ImsResolver( 3134): maybeAddedImsService, packageName: me.vishok.locent
04-04 22:41:55.848 V/ImsResolver( 3134): searchForImsServices: package=me.vishok.locent, users=[UserHandle{0}]
04-04 22:41:55.848 V/ImsResolver( 3134): searchForImsServices: package=me.vishok.locent, users=[UserHandle{0}]
04-04 22:41:55.851 W/VvmPkgInstalledRcvr( 3134): carrierVvmPkgAdded: carrier vvm packages doesn't contain me.vishok.locent
04-04 22:41:55.852 D/ActivityThread( 3134): Package [me.vishok.locent] reported as REPLACED, but missing application info. Assuming REMOVED.
04-04 22:41:55.852 D/ActivityThread( 3134): Package [me.vishok.locent] reported as REPLACED, but missing application info. Assuming REMOVED.
04-04 22:41:55.856 D/SatelliteController( 3134): packageStateChanged: package:me.vishok.locent DefaultSmsPackageName:com.google.android.apps.messaging
04-04 22:41:55.866 D/ActivityThread(23886): Package [me.vishok.locent] reported as REPLACED, but missing application info. Assuming REMOVED.
04-04 22:41:55.867 D/ActivityThread(23886): Package [me.vishok.locent] reported as REPLACED, but missing application info. Assuming REMOVED.
04-04 22:41:55.915 I/SafetyLabelChangedBroadcastReceiver(28723): received broadcast packageName: me.vishok.locent, current user: UserHandle{0}, packageChangeEvent: UPDATE, intent user: UserHandle{0}
04-04 22:41:55.915 D/ActivityThread(28723): Package [me.vishok.locent] reported as REPLACED, but missing application info. Assuming REMOVED.
04-04 22:41:55.916 D/ActivityThread(28723): Package [me.vishok.locent] reported as REPLACED, but missing application info. Assuming REMOVED.
04-04 22:41:56.081 W/BatteryCare( 4441): [SmartBackground] [PackageMonitor] PACKAGE_ADDED : pkgName = me.vishok.locent replacing = true uid = 10806
04-04 22:41:56.083 I/MotoFreeForm(11148): [PackageMonitor] PACKAGE_REMOVED : pkgName = me.vishok.locent replacing = true uid = 10806
04-04 22:41:56.083 I/MotoFreeForm(11148): [PackageMonitor] PACKAGE_REMOVED : pkgName = me.vishok.locent replacing = true uid = 10806
04-04 22:41:56.091 W/MediaProvider( 4185): WorkProfileOwnerApps cache miss for package me.vishok.locent
04-04 22:41:56.101 D/MotoSystemServer( 3164): mRemovedPackages add: me.vishok.locent
04-04 22:41:56.102 D/MotoSystemServer( 3164): #1 mRemovedPackages remove: me.vishok.locent
04-04 22:41:56.123 I/MotoDesktopLog( 1093): [ PluginUIController ] - queryShowUIPlugin() pkg me.vishok.locent
04-04 22:41:56.140 I/SurfaceFlinger( 1794): onHandleDestroyed: layerId=502224, name=ActivityRecord{59392564 u0 me.vishok.locent/io.appwrite.views.CallbackActivity#502224
04-04 22:41:56.143 I/SurfaceFlinger( 1794): onHandleDestroyed: layerId=502281, name=ActivityRecord{189193333 u0 me.vishok.locent/io.appwrite.views.CallbackActivity#502281
04-04 22:41:56.145 I/SurfaceFlinger( 1794): onHandleDestroyed: layerId=502338, name=ActivityRecord{139425935 u0 me.vishok.locent/io.appwrite.views.CallbackActivity#502338
04-04 22:41:56.145 I/SurfaceFlinger( 1794): onHandleDestroyed: layerId=502163, name=ActivityRecord{223418939 u0 me.vishok.locent/.MainActivity#502163
04-04 22:41:56.213 D/AppInfoLoader( 2856): update package info me.vishok.locent
04-04 22:41:56.214 I/ProximityAuth(12161): [RecentAppsMediator] Package added: (user=UserHandle{0}) me.vishok.locent
04-04 22:41:56.214 I/PackageUpdatedTask(12940): Packages updated: [me.vishok.locent], mOp: 2, mUser: UserHandle{0}
04-04 22:41:56.215 D/PackageUpdatedTask(12940): Package updated: mOp=UPDATE packages=[me.vishok.locent]
04-04 22:41:56.215 I/SQLiteCacheHelper(12940): SqliteCacheHelper---->delete whereClause = componentName LIKE ? AND profileId = ?, whereArgs = me.vishok.locent/%;0;
04-04 22:41:56.223 W/MotoFreeForm(11148): [PackageMonitor] onPackageChangedme.vishok.locent
04-04 22:41:56.230 D/CategoryUtil(28476): Package me.vishok.locent doesn't have Cast Key
04-04 22:41:56.381 W/SQLiteLog( 8002): (28) double-quoted string literal: "me.vishok.locent"
04-04 22:41:56.467 I/ActivityTaskManager( 2313): START u0 {flg=0x10000000 xflg=0x5 cmp=me.vishok.locent/.MainActivity} with LAUNCH_SINGLE_TASK from uid 2000 (startActivityAsUser) (BAL_ALLOW_PERMISSION) result code=0
04-04 22:41:56.467 V/WindowManagerShell( 2918): Transition requested (#35070): android.os.BinderProxy@fa0755e TransitionRequestInfo { type = OPEN, triggerTask = TaskInfo{userId=0 taskId=10014 effectiveUid=10806 displayId=0 isRunning=true baseIntent=Intent { flg=0x10000000 cmp=me.vishok.locent/.MainActivity } baseActivity=ComponentInfo{me.vishok.locent/me.vishok.locent.MainActivity} topActivity=ComponentInfo{me.vishok.locent/me.vishok.locent.MainActivity} origActivity=null realActivity=ComponentInfo{me.vishok.locent/me.vishok.locent.MainActivity} numActivities=1 lastActiveTime=1663572884 supportsMultiWindow=true supportsGlobalFreeform=true resizeMode=1 isResizeable=true isAppLocked=false isShowDecorCaptionWindowRequest=false canKillAndRestart=true minWidth=-1 minHeight=-1 defaultMinSize=200 token=WCT{android.window.IWindowContainerToken$Stub$Proxy@fc8cd3f} topActivityType=1 pictureInPictureParams=null shouldDockBigOverlays=false launchIntoPipHostTaskId=-1 lastParentTaskIdBeforePip=-1 displayCutoutSafeInsets=Rect(0, 128 - 0, 0) topActivityInfo=ActivityInfo{4c2c60c me.vishok.locent.MainActivity} launchCookies=[] positionInParent=Point(0, 0) parentTaskId=-1 isFocused=false isVisible=false isVisibleRequested=false isTopActivityNoDisplay=false isSleeping=false locusId=null displayAreaFeatureId=1 isTopActivityTransparent=false isActivityStackTransparent=false lastNonFullscreenBounds=Rect(315, 776 - 906, 1996) capturedLink=null capturedLinkTimestamp=0 requestedVisibleTypes=-9 topActivityRequestOpenInBrowserEducationTimestamp=0 appCompatTaskInfo=AppCompatTaskInfo { topActivityInSizeCompat=false eligibleForLetterboxEducation= false isLetterboxEducationEnabled= false isLetterboxDoubleTapEnabled= false eligibleForUserAspectRatioButton= false topActivityBoundsLetterboxed= false isFromLetterboxDoubleTap= false topActivityLetterboxVerticalPosition= -1 topActivityLetterboxHorizontalPosition= -1 topActivityLetterboxWidth=-1 topActivityLetterboxHeight=-1 topActivityAppBounds=Rect(0, 0 - 1220, 2712) isUserFullscreenOverrideEnabled=false isSystemFullscreenOverrideEnabled=false hasMinAspectRatioOverride=false topActivityLetterboxBounds=null cameraCompatTaskInfo=CameraCompatTaskInfo { freeformCameraCompatMode=inactive}} topActivityMainWindowFrame=null}, pipChange = null, remoteTransition = null, displayChange = null, flags = 0, debugId = 35070 }
04-04 22:41:56.473 I/TopTaskTracker(12940): onTaskMovedToFront: (moved taskInfo to front) taskId=10014, baseIntent=Intent { flg=0x10000000 cmp=me.vishok.locent/.MainActivity }
04-04 22:41:56.473 I/PowerHalWrapper( 2313): amsBoostProcessCreate package:me.vishok.locent 
04-04 22:41:56.485 I/PowerHalWrapper( 2313): amsBoostNotify pid:12940,activity:com.android.launcher3.CustomizationPanelLauncher, package:com.motorola.launcher3, mProcessCreatePackme.vishok.locent 
04-04 22:41:56.487 I/ActivityManager( 2313): Start proc 7737:me.vishok.locent/u0a806 for next-top-activity {me.vishok.locent/me.vishok.locent.MainActivity}
04-04 22:41:56.489 D/BLASTBufferQueue( 2918): [VRI[locent]#48717](f:0,a:0) constructor()
04-04 22:41:56.489 D/BLASTBufferQueue( 2918): [VRI[locent]#48717](f:0,a:0) update width=1220 height=2712 format=-3 mTransformHint=0
04-04 22:41:56.494 D/BLASTBufferQueue( 2918): [VRI[locent]#48717](f:0,a:1) acquireNextBufferLocked size=1220x2712 mFrameNumber=1 applyTransaction=true mTimestamp=743642149908862(auto) mPendingTransactions.size=0 graphicBufferId=12532714996754 transform=0
04-04 22:41:56.498 V/WindowManager( 2313): Sent Transition (#35070) createdAt=04-04 22:41:56.459 via request=TransitionRequestInfo { type = OPEN, triggerTask = TaskInfo{userId=0 taskId=10014 effectiveUid=10806 displayId=0 isRunning=true baseIntent=Intent { flg=0x10000000 cmp=me.vishok.locent/.MainActivity } baseActivity=ComponentInfo{me.vishok.locent/me.vishok.locent.MainActivity} topActivity=ComponentInfo{me.vishok.locent/me.vishok.locent.MainActivity} origActivity=null realActivity=ComponentInfo{me.vishok.locent/me.vishok.locent.MainActivity} numActivities=1 lastActiveTime=1663572884 supportsMultiWindow=true supportsGlobalFreeform=true resizeMode=1 isResizeable=true isAppLocked=false isShowDecorCaptionWindowRequest=false canKillAndRestart=true minWidth=-1 minHeight=-1 defaultMinSize=200 token=WCT{RemoteToken{6d193dd Task{99d0984 #10014 type=standard A=10806:me.vishok.locent}}} topActivityType=1 pictureInPictureParams=null shouldDockBigOverlays=false launchIntoPipHostTaskId=-1 lastParentTaskIdBeforePip=-1 displayCutoutSafeInsets=Rect(0, 128 - 0, 0) topActivityInfo=ActivityInfo{c377b52 me.vishok.locent.MainActivity} launchCookies=[] positionInParent=Point(0, 0) parentTaskId=-1 isFocused=false isVisible=false isVisibleRequested=false isTopActivityNoDisplay=false isSleeping=false locusId=null displayAreaFeatureId=1 isTopActivityTransparent=false isActivityStackTransparent=false lastNonFullscreenBounds=Rect(315, 776 - 906, 1996) capturedLink=null capturedLinkTimestamp=0 requestedVisibleTypes=-9 topActivityRequestOpenInBrowserEducationTimestamp=0 appCompatTaskInfo=AppCompatTaskInfo { topActivityInSizeCompat=false eligibleForLetterboxEducation= false isLetterboxEducationEnabled= false isLetterboxDoubleTapEnabled= false eligibleForUserAspectRatioButton= false topActivityBoundsLetterboxed= false isFromLetterboxDoubleTap= false topActivityLetterboxVerticalPosition= -1 topActivityLetterboxHorizontalPosition= -1 topActivityLetterboxWidth=-1 topActivityLetterboxHeight=-1 topActivityAppBounds=Rect(0, 0 - 1220, 2712) isUserFullscreenOverrideEnabled=false isSystemFullscreenOverrideEnabled=false hasMinAspectRatioOverride=false topActivityLetterboxBounds=null cameraCompatTaskInfo=CameraCompatTaskInfo { freeformCameraCompatMode=inactive}} topActivityMainWindowFrame=null}, pipChange = null, remoteTransition = null, displayChange = null, flags = 0, debugId = 35070 }
04-04 22:41:56.498 V/WindowManager( 2313):         {WCT{RemoteToken{6d193dd Task{99d0984 #10014 type=standard A=10806:me.vishok.locent}}} m=OPEN f=NONE pTaskId=-1 leash=Surface(name=Task=10014)/@0xdb756d sb=Rect(0, 0 - 1220, 2712) eb=Rect(0, 0 - 1220, 2712) epz=Point(1220, 2712) d=0 taskParent=-1},
04-04 22:41:56.503 I/e.vishok.locent( 7737): Late-enabling -Xcheck:jni
04-04 22:41:56.540 I/e.vishok.locent( 7737): Using CollectorTypeCMC GC.
04-04 22:41:56.566 I/ModeMonitor( 2313): TOP: Uid:10806, Name:me.vishok.locent, Top:true , App is top:true
04-04 22:41:56.569 D/MAC/ActionCoreApplicationMC(17245): onTopResumedActivityChange()-->packageName=me.vishok.locent,isTop=true
04-04 22:41:56.570 I/PowerHalWrapper( 2313): amsBoostNotify pid:7737,activity:me.vishok.locent.MainActivity, package:me.vishok.locent, mProcessCreatePackme.vishok.locent 
04-04 22:41:56.571 I/ScnModule( 2313): [GameDetection] requestedPermissions1/1:: me.vishok.locent:: [android.permission.ACCESS_COARSE_LOCATION, android.permission.ACCESS_FINE_LOCATION, android.permission.INTERNET, android.permission.POST_NOTIFICATIONS, android.permission.ACCESS_NETWORK_STATE, me.vishok.locent.DYNAMIC_RECEIVER_NOT_EXPORTED_PERMISSION] 
04-04 22:41:56.571 I/ScnModule( 2313): [GameDetection] numOfPermissiom:: me.vishok.locent:: 6 
04-04 22:41:56.571 I/ScnModule( 2313): [GameDetection] inputPermissions:: me.vishok.locent:: [0.0, 0.0, 0.0, 0.0, 0.0, 0.0, 0.0, 0.0, 0.0, 0.0, 0.0, 0.0, 0.0, 0.0, 1.0, 0.0, 0.0, 1.0, 0.0, 0.0, 0.0, 0.0, 0.0, 0.0, 0.0, 1.0, 0.0, 0.0, 0.0, 0.0, 0.0, 0.0, 0.0, 0.0, 0.0, 0.0, 0.0, 0.0, 0.0, 0.0, 0.0, 1.0, 0.0, 0.0, 0.0, 0.0, 0.0, 0.0, 0.0, 0.0, 0.0, 0.0, 0.0, 0.0, 0.0, 0.0, 0.0, 0.0, 0.0, 0.0, 0.0, 0.0, 0.0, 0.0, 0.0, 0.0, 0.0, 0.0, 0.0, 0.0, 0.0, 0.0, 0.0, 0.0, 0.0, 0.0, 0.0, 0.0, 0.0, 0.0, 0.0, 0.0, 0.0, 0.0, 0.0, 0.0, 0.0, 0.0, 0.0, 0.0, 0.0, 0.0, 0.0, 0.0, 0.0, 0.0, 0.0, 0.0, 0.0, 0.0, 0.0, 0.0, 0.0, 0.0, 0.0, 0.0, 0.0, 0.0, 0.0, 0.0, 0.0, 0.0, 0.0, 0.0, 0.0, 0.0, 0.0, 0.0, 0.0, 0.0, 0.0, 0.0, 0.0, 0.0, 0.0, 0.0, 0.0, 0.0, 0.0, 0.0, 0.0, 0.0, 0.0, 0.0, 0.0, 0.0, 0.0, 0.0, 0.0, 0.0, 0.0, 0.0, 0.0, 0.0, 0.0, 0.0, 0.0, 0.0, 0.0, 0.0, 0.0, 0.0, 0.0, 0.0, 0.0, 0.0, 0.0, 0.0, 0.0, 0.0, 0.0, 0.0, 0.0, 0.0, 0.0, 0.0, 0.0, 0.0, 0.0, 0.0, 0.0, 0.0, 0.0, 0.0, 0.0, 0.0, 0.0, 0.0, 0.0, 0.0, 0.0, 0.0, 0.0, 0.0, 0.0, 0.0, 0.0, 0.0, 0.0, 0.0, 0.0, 0.0, 0.0, 0.0, 0.0, 0.0, 0.0, 0.0, 0.0, 0.0] 
04-04 22:41:56.571 I/ScnModule( 2313): [GameDetection] inputGameFeature:: me.vishok.locent:: [-1.4682515, 0.0, 0.0, 0.0] 
04-04 22:41:56.571 I/ScnModule( 2313): [GameDetection] GamePredictor:: me.vishok.locent:: nonGame:9.1961,isGame:-10.2263 
04-04 22:41:56.571 I/mtkpower_client( 2313): [PowerHal_Wrap_notifyAppState] me.vishok.locent/me.vishok.locent.MainActivity pid=7737 activityId:210271766 state:1
04-04 22:41:56.573 I/vendor.mediatek.hardware.mtkpower_applist-service.mediatek( 1738): packName: me.vishok.locent actName: me.vishok.locent.MainActivity pid: 7737 uid: 10806 state: 1
04-04 22:41:56.573 I/MTK_APPList( 1738): [notifyAPPstate] me.vishok.locent/me.vishok.locent.MainActivity, pid=7737, uid=10806, state:RESUMED, fps:-1, win:0
04-04 22:41:56.573 I/MTK_APPList( 1738): [notifyAPPstate] multi_resumed_app_info[1] me.vishok.locent/me.vishok.locent.MainActivity, pid:7737, fps:-1, isMultiWindow:0
04-04 22:41:56.573 I/MTK_APPList( 1738): [notifyAPPstate] foreground:me.vishok.locent, pid:7737, uid:10806
04-04 22:41:56.575 D/GameMode(28476): onStartedActivityChange: componnent: ComponentInfo{me.vishok.locent/me.vishok.locent.MainActivity} entered launcher screen? true
04-04 22:41:56.581 I/MTK_APPList( 1738): [notifyAPPstate] pc:0, com.motorola.launcher3 => me.vishok.locent
04-04 22:41:57.041 D/nativeloader( 7737): Configuring clns-9 for other apk /data/app/~~Kjq8B8oJWmJ39Paa3swsxg==/me.vishok.locent-KlTaudogI2IOUxhJ67jBfw==/base.apk. target_sdk_version=36, uses_libraries=, library_path=/data/app/~~Kjq8B8oJWmJ39Paa3swsxg==/me.vishok.locent-KlTaudogI2IOUxhJ67jBfw==/lib/arm64:/data/app/~~Kjq8B8oJWmJ39Paa3swsxg==/me.vishok.locent-KlTaudogI2IOUxhJ67jBfw==/base.apk!/lib/arm64-v8a, permitted_path=/data:/mnt/expand:/data/user/0/me.vishok.locent
04-04 22:41:57.053 V/GraphicsEnvironment( 7737): me.vishok.locent is not listed in per-application setting
04-04 22:41:57.053 V/GraphicsEnvironment( 7737): me.vishok.locent is not listed in ANGLE allowlist or settings, returning default
04-04 22:41:57.090 D/libMEOW ( 7737): applied 1 plugins for [me.vishok.locent]:
04-04 22:41:57.115 D/ActivityThread( 4221): Package [me.vishok.locent] reported as REPLACED, but missing application info. Assuming REMOVED.
04-04 22:41:57.117 D/ActivityThread( 4221): Package [me.vishok.locent] reported as REPLACED, but missing application info. Assuming REMOVED.
04-04 22:41:57.250 D/CoreBackPreview( 2313): Window{544a5fb u0 me.vishok.locent/me.vishok.locent.MainActivity}: Setting back callback OnBackInvokedCallbackInfo{mCallback=android.window.IOnBackInvokedCallback$Stub$Proxy@98fbbc4, mPriority=-1, mIsAnimationCallback=false, mOverrideBehavior=0}
04-04 22:41:57.414 I/e.vishok.locent( 7737): hiddenapi: Accessing hidden method Landroid/os/SystemProperties;->addChangeCallback(Ljava/lang/Runnable;)V (runtime_flags=0, domain=platform, api=unsupported) from Landroidx/compose/ui/platform/AndroidComposeView$Companion; (domain=app, TargetSdkVersion=36) using reflection: allowed
04-04 22:41:57.726 I/e.vishok.locent( 7737): Compiler allocated 5405KB to compile void android.view.ViewRootImpl.performTraversals()
04-04 22:41:57.770 W/e.vishok.locent( 7737): ClassLoaderContext classpath size mismatch. expected=1, found=0 (DLC[];PCL[base.apk*3532740154]{PCL[/system/framework/org.apache.http.legacy.jar*4247870504]#PCL[/system/framework/com.android.location.provider.jar*1570284764]#PCL[/system/framework/com.android.media.remotedisplay.jar*487574312]#PCL[/system_ext/framework/com.android.extensions.appfunctions.jar*2880224042]#PCL[/system_ext/framework/androidx.window.extensions.jar*3319845491]#PCL[/system_ext/framework/androidx.window.sidecar.jar*879035739]} | DLC[];PCL[])
04-04 22:41:57.802 I/e.vishok.locent( 7737): hiddenapi: Accessing hidden method Ldalvik/system/VMStack;->getStackClass2()Ljava/lang/Class; (runtime_flags=0, domain=core-platform, api=unsupported) from Lm140/gwg; (domain=app, TargetSdkVersion=36) using reflection: allowed
04-04 22:41:57.855 I/PhenotypeResourceReader(12161): unable to find any Phenotype resource metadata for me.vishok.locent
04-04 22:41:57.870 I/PhenotypeResourceReader(12161): unable to find any Phenotype resource metadata for me.vishok.locent
04-04 22:41:57.876 I/PhenotypeResourceReader(12161): unable to find any Phenotype resource metadata for me.vishok.locent
04-04 22:41:58.134 D/libMEOW ( 7737): applied 1 plugins for [me.vishok.locent]:
04-04 22:41:58.168 I/AppsFilter( 2313): interaction: PackageSetting{102f249 me.vishok.locent/10806} -> PackageSetting{b9325fa com.motorola.actioncore/10290} BLOCKED
04-04 22:41:58.168 I/AppsFilter( 2313): interaction: PackageSetting{102f249 me.vishok.locent/10806} -> PackageSetting{c9587ab com.google.android.accessibility.switchaccess/10275} BLOCKED
04-04 22:41:58.230 D/ConnectivityService( 2313): requestNetwork for uid/pid:10806/7737 activeRequest: null callbackRequest: 149232 [NetworkRequest [ REQUEST id=149233, [ Capabilities: INTERNET&NOT_RESTRICTED&TRUSTED&NOT_VCN_MANAGED&NOT_BANDWIDTH_CONSTRAINED Uid: 10806 RequestorUid: 10806 RequestorPkg: me.vishok.locent UnderlyingNetworks: Null] ]] callback flags: 0 order: 2147483647 isUidTracked: false declaredMethods: AVAIL|LOST
04-04 22:41:58.234 D/WifiNetworkFactory( 2313): got request NetworkRequest [ REQUEST id=149233, [ Capabilities: INTERNET&NOT_RESTRICTED&TRUSTED&NOT_VCN_MANAGED&NOT_BANDWIDTH_CONSTRAINED Uid: 10806 RequestorUid: 10806 RequestorPkg: me.vishok.locent UnderlyingNetworks: Null] ]
04-04 22:41:58.234 D/UntrustedWifiNetworkFactory( 2313): got request NetworkRequest [ REQUEST id=149233, [ Capabilities: INTERNET&NOT_RESTRICTED&TRUSTED&NOT_VCN_MANAGED&NOT_BANDWIDTH_CONSTRAINED Uid: 10806 RequestorUid: 10806 RequestorPkg: me.vishok.locent UnderlyingNetworks: Null] ]
04-04 22:41:58.234 D/OemPaidWifiNetworkFactory( 2313): got request NetworkRequest [ REQUEST id=149233, [ Capabilities: INTERNET&NOT_RESTRICTED&TRUSTED&NOT_VCN_MANAGED&NOT_BANDWIDTH_CONSTRAINED Uid: 10806 RequestorUid: 10806 RequestorPkg: me.vishok.locent UnderlyingNetworks: Null] ]
04-04 22:41:58.234 D/MultiInternetWifiNetworkFactory( 2313): got request NetworkRequest [ REQUEST id=149233, [ Capabilities: INTERNET&NOT_RESTRICTED&TRUSTED&NOT_VCN_MANAGED&NOT_BANDWIDTH_CONSTRAINED Uid: 10806 RequestorUid: 10806 RequestorPkg: me.vishok.locent UnderlyingNetworks: Null] ]
04-04 22:41:58.289 E/e.vishok.locent( 7737): [perfctl] 7737 7737 FPSGO ver:7
04-04 22:41:58.289 E/e.vishok.locent( 7737): [perfctl] 1 1 1 0
04-04 22:41:58.292 D/SurfaceComposerClient( 2313): Transaction::apply InputWindowCommands.focusRequests timestamp=743643942398400, windowName=544a5fb me.vishok.locent/me.vishok.locent.MainActivity
04-04 22:41:58.296 I/mali_platform_hal( 1714): useCompressionGles pid=7737, procName=me.vishok.locent, 0
04-04 22:41:58.307 D/SurfaceFlinger( 1794): updateWinowInfo=1, setFocusedWindow timestamp=743643942398400, windowName=544a5fb me.vishok.locent/me.vishok.locent.MainActivity
04-04 22:41:58.330 D/libMEOW ( 7737): applied 1 plugins for [me.vishok.locent]:
04-04 22:41:58.371 I/ActivityTaskManager( 2313): Displayed me.vishok.locent/.MainActivity for user 0: +1s913ms
04-04 22:41:58.382 D/BLASTBufferQueue( 2918): [VRI[locent]#48717](f:0,a:1) destructor()
04-04 22:41:58.382 D/BufferQueueConsumer( 2918): [Splash Screen me.vishok.locent#502455(BLAST Consumer)pid:2918](id:b660000c269,api:0,p:-1,c:2918) disconnect
04-04 22:41:58.386 I/PowerHalWrapper( 2313): amsBoostNotify pid:12940,activity:com.android.launcher3.CustomizationPanelLauncher, package:com.motorola.launcher3, mProcessCreatePackme.vishok.locent 
04-04 22:41:58.390 I/MTK_APPList( 1738): [notifyAPPstate] multi_resumed_app_info[1] me.vishok.locent/me.vishok.locent.MainActivity, pid:7737, fps:-1, isMultiWindow:0
04-04 22:41:58.443 I/AppsFilter( 2313): interaction: PackageSetting{102f249 me.vishok.locent/10806} -> PackageSetting{5d99d36 com.motorola.dolby.dolbyui/10169} BLOCKED
04-04 22:41:58.450 I/ImeTracker( 2313): me.vishok.locent:1b0268ef: onRequestHide at ORIGIN_SERVER reason HIDE_UNSPECIFIED_WINDOW fromUser false
04-04 22:41:58.456 I/GoogleInputMethodService(29000): GoogleInputMethodService.onStartInput():1434 onStartInput(EditorInfo{EditorInfo{packageName=me.vishok.locent, inputType=0, inputTypeString=NULL, enableLearning=false, autoCorrection=false, autoComplete=false, imeOptions=0, privateImeOptions=null, actionName=UNSPECIFIED, actionLabel=null, initialSelStart=-1, initialSelEnd=-1, initialCapsMode=0, label=null, fieldId=0, fieldName=null, extras=null, hintText=null, hintLocales=[]}}, false)
04-04 22:41:58.457 W/PackageConfigPersister( 2313): App-specific configuration not found for packageName: me.vishok.locent and userId: 0
04-04 22:41:58.525 I/ImeTracker( 7737): me.vishok.locent:1b0268ef: onCancelled at PHASE_CLIENT_ALREADY_HIDDEN
04-04 22:41:58.571 I/SurfaceFlinger( 1794): onHandleDestroyed: layerId=502455, name=Splash Screen me.vishok.locent#502455
04-04 22:41:58.571 I/SurfaceFlinger( 1794): onHandleDestroyed: layerId=502465, name=Surface(name=6cae525 Splash Screen me.vishok.locent)/@0x65654ab - animation-leash of window_animation#502465
04-04 22:41:58.571 I/SurfaceFlinger( 1794): onHandleDestroyed: layerId=502454, name=6cae525 Splash Screen me.vishok.locent#502454
04-04 22:41:58.587 W/MotoBatteryCareService( 2313): uid: 10806 pkgName:me.vishok.locent come to foreground
04-04 22:41:59.583 I/e.vishok.locent( 7737): Compiler allocated 6680KB to compile void m140.ekm.W(m140.epa, m140.fiw, android.content.res.Resources, m140.emr, m140.exp, boolean, m140.dkr, java.util.Map, boolean, boolean, boolean, boolean, boolean)
04-04 22:41:59.784 W/e.vishok.locent( 7737): userfaultfd: MOVE ioctl seems unsupported: Try again
04-04 22:41:59.842 I/e.vishok.locent( 7737): Compiler allocated 7452KB to compile void m140.ekm.W(m140.epa, m140.fiw, android.content.res.Resources, m140.emr, m140.exp, boolean, m140.dkr, java.util.Map, boolean, boolean, boolean, boolean, boolean)
