04-04 22:28:31.838  1982  1982 W binder:1982_2: type=1400 audit(0.0:3880943): avc:  denied  { read } for  name="u:object_r:hwservicemanager_prop:s0" dev="tmpfs" ino=256 scontext=u:r:lbs_dbg_ext:s0 tcontext=u:object_r:hwservicemanager_prop:s0 tclass=file permissive=0
04-04 22:28:31.842  1982  1982 W libc    : Access denied finding property "hwservicemanager.ready"
04-04 22:28:31.838  1982  1982 W binder:1982_2: type=1400 audit(0.0:3880944): avc:  denied  { read } for  name="u:object_r:hwservicemanager_prop:s0" dev="tmpfs" ino=256 scontext=u:r:lbs_dbg_ext:s0 tcontext=u:object_r:hwservicemanager_prop:s0 tclass=file permissive=0
04-04 22:28:31.926  1709  1790 I HfLooper: moto_sensor LIGHT_SENSOR_LIGHT_1 lux = 0.000000, timestamp = 1662768340238072 
04-04 22:28:32.036  1709  1790 I HfLooper: moto_sensor LIGHT_SENSOR_LIGHT_1 lux = 0.000000, timestamp = 1662768450227548 
04-04 22:28:32.131  2313  2616 D PowerManagerService: nativeAcquireSuspendBlocker name:PowerManagerService.WakeLocks duration ms: 1
04-04 22:28:32.141  1709  1709 I OriginChannel: flush: [1]
04-04 22:28:32.143  1709  1790 I HfLooper: [1] flush complete
04-04 22:28:32.144  1709  1790 I HfLooper: moto_sensor LIGHT_SENSOR_LIGHT_1 lux = 0.000000, timestamp = 1662768560298735 
04-04 22:28:32.147  2313  3171 D PowerManagerService: nativeReleaseSuspendBlocker name:PowerManagerService.WakeLocks duration ms: 0
04-04 22:28:32.150  2313  2351 D addPss  : tracker=ProcessState{938f28 com.google.android.adservices.api/10349 pkg=com.google.android.adservices.api}
04-04 22:28:32.152  2313  2351 D addPss  : tracker=ProcessState{3d9b848 com.google.android.gms.persistent/10218 pkg=com.google.android.gms}
04-04 22:28:32.179  2313  4683 D PowerManagerService: nativeAcquireSuspendBlocker name:PowerManagerService.WakeLocks duration ms: 1
04-04 22:28:32.180  2313  4683 W AppOps  : Noting op not finished: uid 10218 pkg com.google.android.gms code 113 startTime of in progress event=1775321463266
04-04 22:28:32.187  2313  4683 W AppOps  : Noting op not finished: uid 10218 pkg com.google.android.gms code 79 startTime of in progress event=1775321463266
04-04 22:28:32.196  2313  3171 W AppOps  : Noting op not finished: uid 10218 pkg com.google.android.gms code 113 startTime of in progress event=1775321463266
04-04 22:28:32.209  2313  3171 W AppOps  : Noting op not finished: uid 10218 pkg com.google.android.gms code 113 startTime of in progress event=1775321463266
04-04 22:28:32.216 12161 12215 I ActivityScheduler: nextTriggerTime: 1662828634, in 60000ms, detectorType: 39, FULL_TYPE alarmWindowMillis: 7500
04-04 22:28:32.219  2313  3171 D PowerManagerService: nativeReleaseSuspendBlocker name:PowerManagerService.WakeLocks duration ms: 0
04-04 22:28:32.255  1709  1790 I HfLooper: moto_sensor LIGHT_SENSOR_LIGHT_1 lux = 0.000000, timestamp = 1662768670283048 
04-04 22:28:32.267  1738  1806 I libPerfCtl: xgfGetFPS pid:2918 fps:-1
04-04 22:28:32.365  1709  1790 I HfLooper: moto_sensor LIGHT_SENSOR_LIGHT_1 lux = 0.000000, timestamp = 1662768780695553 
04-04 22:28:32.475  1709  1790 I HfLooper: moto_sensor LIGHT_SENSOR_LIGHT_1 lux = 0.000000, timestamp = 1662768890711303 
04-04 22:28:32.585  1709  1790 I HfLooper: moto_sensor LIGHT_SENSOR_LIGHT_1 lux = 0.000000, timestamp = 1662769000696846 
04-04 22:28:32.643 25801  2614 W adbd    : timed out while waiting for FUNCTIONFS_BIND, trying again
04-04 22:28:32.643 25801  2614 I adbd    : UsbFfs: connection terminated: monitor thread finished
04-04 22:28:32.693 25801 25807 I adbd    : opening control endpoint /dev/usb-ffs/adb/ep0
04-04 22:28:32.695  1709  1790 I HfLooper: moto_sensor LIGHT_SENSOR_LIGHT_1 lux = 0.000000, timestamp = 1662769110712530 
04-04 22:28:32.696  1982  1982 W libc    : Access denied finding property "hwservicemanager.ready"
04-04 22:28:32.690  1982  1982 W binder:1982_2: type=1400 audit(0.0:3880945): avc:  denied  { read } for  name="u:object_r:hwservicemanager_prop:s0" dev="tmpfs" ino=256 scontext=u:r:lbs_dbg_ext:s0 tcontext=u:object_r:hwservicemanager_prop:s0 tclass=file permissive=0
04-04 22:28:32.806  1709  1790 I HfLooper: moto_sensor LIGHT_SENSOR_LIGHT_1 lux = 0.000000, timestamp = 1662769220698058 
04-04 22:28:32.842  1982  1982 W lbs_dbg_ext: Waited for hwservicemanager.ready for a second, waiting another...
04-04 22:28:32.843  1982  1982 W libc    : Access denied finding property "hwservicemanager.disabled"
04-04 22:28:32.843  1982  1982 W libc    : Access denied finding property "hwservicemanager.ready"
04-04 22:28:32.838  1982  1982 W binder:1982_2: type=1400 audit(0.0:3880946): avc:  denied  { read } for  name="u:object_r:hwservicemanager_prop:s0" dev="tmpfs" ino=256 scontext=u:r:lbs_dbg_ext:s0 tcontext=u:object_r:hwservicemanager_prop:s0 tclass=file permissive=0
04-04 22:28:32.843  1982  1982 W libc    : Access denied finding property "hwservicemanager.ready"
04-04 22:28:32.915  1709  1790 I HfLooper: moto_sensor LIGHT_SENSOR_LIGHT_1 lux = 0.000000, timestamp = 1662769330713977 
04-04 22:28:33.025  1709  1790 I HfLooper: moto_sensor LIGHT_SENSOR_LIGHT_1 lux = 0.000000, timestamp = 1662769440699251 
04-04 22:28:33.135  1709  1790 I HfLooper: moto_sensor LIGHT_SENSOR_LIGHT_1 lux = 0.000000, timestamp = 1662769550714933 
04-04 22:28:33.183  2313  4683 W AppOps  : Noting op not finished: uid 10218 pkg com.google.android.gms code 113 startTime of in progress event=1775321463266
04-04 22:28:33.245  1709  1790 I HfLooper: moto_sensor LIGHT_SENSOR_LIGHT_1 lux = 0.000000, timestamp = 1662769660700438 
04-04 22:28:33.267  1738  1806 I libPerfCtl: xgfGetFPS pid:2918 fps:-1
04-04 22:28:33.306  1794  1794 I BufferQueueProducer: [StatusBar#95](this:0xb400007dbfc247b0,id:-1,api:0,p:-1,c:1794) queueBuffer: fps=0.33 dur=3022.46 max=3022.46 min=3022.46
04-04 22:28:33.308  1705  2206 I hwcomposer: [HWCDisplay] [Display_0 (type:1, mode:2)] fps:0.330833,dur:3022.67,max:3022.67,min:3022.67  
04-04 22:28:33.355  1709  1790 I HfLooper: moto_sensor LIGHT_SENSOR_LIGHT_1 lux = 0.000000, timestamp = 1662769770229750 
04-04 22:28:33.465  1709  1790 I HfLooper: moto_sensor LIGHT_SENSOR_LIGHT_1 lux = 0.000000, timestamp = 1662769880701683 
04-04 22:28:33.576  1709  1790 I HfLooper: moto_sensor LIGHT_SENSOR_LIGHT_1 lux = 0.000000, timestamp = 1662769990266597 
04-04 22:28:33.685  1709  1790 I HfLooper: moto_sensor LIGHT_SENSOR_LIGHT_1 lux = 0.000000, timestamp = 1662770100702905 
04-04 22:28:33.699 25801  2623 W adbd    : timed out while waiting for FUNCTIONFS_BIND, trying again
04-04 22:28:33.700 25801  2623 I adbd    : UsbFfs: connection terminated: monitor thread finished
04-04 22:28:33.752 25801 25807 I adbd    : opening control endpoint /dev/usb-ffs/adb/ep0
04-04 22:28:33.755  1982  1982 W libc    : Access denied finding property "hwservicemanager.ready"
04-04 22:28:33.750  1982  1982 W binder:1982_2: type=1400 audit(0.0:3880949): avc:  denied  { read } for  name="u:object_r:hwservicemanager_prop:s0" dev="tmpfs" ino=256 scontext=u:r:lbs_dbg_ext:s0 tcontext=u:object_r:hwservicemanager_prop:s0 tclass=file permissive=0
04-04 22:28:33.758  1709  1789 W AString : ctor got NULL, using empty string instead
04-04 22:28:33.758  1709  1789 I SensorSavedChannel: [-83,114,189,432,-7112,-5090]==>gyro_temp.json
04-04 22:28:33.759  1709  1789 W AString : ctor got NULL, using empty string instead
04-04 22:28:33.759  1709  1789 I SensorSavedChannel: [-2564,-2985,1761]==>gyro_bias.json
04-04 22:28:33.759  1709  1789 W SensorSavedChannel: [SOIS_H] dynamic calibration process: static cali data [345,4677], bias cali data [-2564,-2985]
04-04 22:28:33.795  1709  1790 I HfLooper: moto_sensor LIGHT_SENSOR_LIGHT_1 lux = 0.000000, timestamp = 1662770210718689 
04-04 22:28:33.844  1982  1982 W lbs_dbg_ext: Waited for hwservicemanager.ready for a second, waiting another...
04-04 22:28:33.844  1982  1982 W libc    : Access denied finding property "hwservicemanager.disabled"
04-04 22:28:33.842  1982  1982 W binder:1982_2: type=1400 audit(0.0:3880950): avc:  denied  { read } for  name="u:object_r:hwservicemanager_prop:s0" dev="tmpfs" ino=256 scontext=u:r:lbs_dbg_ext:s0 tcontext=u:object_r:hwservicemanager_prop:s0 tclass=file permissive=0
04-04 22:28:33.842  1982  1982 W binder:1982_2: type=1400 audit(0.0:3880951): avc:  denied  { read } for  name="u:object_r:hwservicemanager_prop:s0" dev="tmpfs" ino=256 scontext=u:r:lbs_dbg_ext:s0 tcontext=u:object_r:hwservicemanager_prop:s0 tclass=file permissive=0
04-04 22:28:33.845  1982  1982 W libc    : Access denied finding property "hwservicemanager.ready"
04-04 22:28:33.845  1982  1982 W libc    : Access denied finding property "hwservicemanager.ready"
04-04 22:28:33.842  1982  1982 W binder:1982_2: type=1400 audit(0.0:3880952): avc:  denied  { read } for  name="u:object_r:hwservicemanager_prop:s0" dev="tmpfs" ino=256 scontext=u:r:lbs_dbg_ext:s0 tcontext=u:object_r:hwservicemanager_prop:s0 tclass=file permissive=0
04-04 22:28:33.903  3041 25681 D IpClient/wlan0: addressUpdated: 2406:7400:bb:f58c:2451:afff:fe93:298d/64 on ifindex 36 flags 0x00000100 scope 0
04-04 22:28:33.903  3041 25681 D IpClient/wlan0: addressUpdated: 2406:7400:bb:f58c:d7d9:1149:e9cd:8741/64 on ifindex 36 flags 0x00000001 scope 0
04-04 22:28:33.904  3041 25681 W AlarmManager: Unrecognized alarm listener com.android.networkstack.android.net.ip.IpClientLinkObserver$Dhcp6PdPreferredPrefixAlarmListener@a73de76
04-04 22:28:33.905  3041 25681 D ApfFilter: (wlan0): Ignoring RA RA fe80::9ea2:f4ff:fead:c72b -> ff02::1 30s 2406:7400:bb:f58c::/64 300s/120s  which matches RA fe80::9ea2:f4ff:fead:c72b -> ff02::1 30s 2406:7400:bb:f58c::/64 300s/120s 
04-04 22:28:33.905  1709  1790 I HfLooper: moto_sensor LIGHT_SENSOR_LIGHT_1 lux = 0.000000, timestamp = 1662770320704174 
04-04 22:28:33.906 11930 11931 D WifiHAL : WifiRequest::create vendor command to iface 36, vendor_id=0x1a11, subcmd=0x0002, res=0
04-04 22:28:33.906 11930 11931 I WifiHAL : feature_set=0x8488341a
04-04 22:28:33.909  2313  2748 I HalDevMgr: bestIfaceCreationProposal is null, requestIface=STA, existingIface=[name=wlan0 type=STA]
04-04 22:28:33.910  2313  6875 I MotoStaCheckin: onWifiUsabilityStats, seqNum: 98597, isSameBssidAndFreq: true, RSSI: -50, isThroughputSufficient: true, LinkSpeed: 351 Mbps, RxLinkSpeed: 390 Mbps
04-04 22:28:33.911  2313  6875 I MotoStaCheckin: onWifiUsabilityStats, Duration: 1662770329, Rx Good: 4 ( PPS: 0 ), Tx Good: 3, Tx Bad: 0 ( 0 % ), Tx Retry: 0 ( 0 % ), NSS: 0, Bandwidth: 0
04-04 22:28:34.017  1709  1790 I HfLooper: moto_sensor LIGHT_SENSOR_LIGHT_1 lux = 0.000000, timestamp = 1662770430719938 
04-04 22:28:34.104  2025  2378 D ULogGuard: Monitoring: 18 threads, 0 requests, 0 time-bombs; 326 guards. ResetFlags = 0x7
04-04 22:28:34.126  1709  1790 I HfLooper: moto_sensor LIGHT_SENSOR_LIGHT_1 lux = 0.000000, timestamp = 1662770540705386 
04-04 22:28:34.235  1709  1790 I HfLooper: moto_sensor LIGHT_SENSOR_LIGHT_1 lux = 0.000000, timestamp = 1662770650721414 
04-04 22:28:34.268  1738  1806 I libPerfCtl: xgfGetFPS pid:2918 fps:-1
04-04 22:28:34.345  1709  1790 I HfLooper: moto_sensor LIGHT_SENSOR_LIGHT_1 lux = 0.000000, timestamp = 1662770760706655 
04-04 22:28:34.455  1709  1790 I HfLooper: moto_sensor LIGHT_SENSOR_LIGHT_1 lux = 0.000000, timestamp = 1662770870722471 
04-04 22:28:34.565  1709  1790 I HfLooper: moto_sensor LIGHT_SENSOR_LIGHT_1 lux = 0.000000, timestamp = 1662770980394471 
04-04 22:28:34.675  1709  1790 I HfLooper: moto_sensor LIGHT_SENSOR_LIGHT_1 lux = 0.000000, timestamp = 1662771090723692 
04-04 22:28:34.758 25801  2628 W adbd    : timed out while waiting for FUNCTIONFS_BIND, trying again
04-04 22:28:34.759 25801  2628 I adbd    : UsbFfs: connection terminated: monitor thread finished
04-04 22:28:34.785  1709  1790 I HfLooper: moto_sensor LIGHT_SENSOR_LIGHT_1 lux = 0.000000, timestamp = 1662771200709146 
04-04 22:28:34.796 25801 25807 I adbd    : opening control endpoint /dev/usb-ffs/adb/ep0
04-04 22:28:34.799  1982  1982 W libc    : Access denied finding property "hwservicemanager.ready"
04-04 22:28:34.794  1982  1982 W binder:1982_2: type=1400 audit(0.0:3880953): avc:  denied  { read } for  name="u:object_r:hwservicemanager_prop:s0" dev="tmpfs" ino=256 scontext=u:r:lbs_dbg_ext:s0 tcontext=u:object_r:hwservicemanager_prop:s0 tclass=file permissive=0
04-04 22:28:34.842  1982  1982 W binder:1982_2: type=1400 audit(0.0:3880954): avc:  denied  { read } for  name="u:object_r:hwservicemanager_prop:s0" dev="tmpfs" ino=256 scontext=u:r:lbs_dbg_ext:s0 tcontext=u:object_r:hwservicemanager_prop:s0 tclass=file permissive=0
04-04 22:28:34.846  1982  1982 W lbs_dbg_ext: Waited for hwservicemanager.ready for a second, waiting another...
04-04 22:28:34.846  1982  1982 W libc    : Access denied finding property "hwservicemanager.disabled"
04-04 22:28:34.846  1982  1982 W libc    : Access denied finding property "hwservicemanager.ready"
04-04 22:28:34.842  1982  1982 W binder:1982_2: type=1400 audit(0.0:3880955): avc:  denied  { read } for  name="u:object_r:hwservicemanager_prop:s0" dev="tmpfs" ino=256 scontext=u:r:lbs_dbg_ext:s0 tcontext=u:object_r:hwservicemanager_prop:s0 tclass=file permissive=0
04-04 22:28:34.847  1982  1982 W libc    : Access denied finding property "hwservicemanager.ready"
04-04 22:28:34.842  1982  1982 W binder:1982_2: type=1400 audit(0.0:3880956): avc:  denied  { read } for  name="u:object_r:hwservicemanager_prop:s0" dev="tmpfs" ino=256 scontext=u:r:lbs_dbg_ext:s0 tcontext=u:object_r:hwservicemanager_prop:s0 tclass=file permissive=0
04-04 22:28:34.894  1709  1790 I HfLooper: moto_sensor LIGHT_SENSOR_LIGHT_1 lux = 0.000000, timestamp = 1662771310354078 
04-04 22:28:35.004  1709  1790 I HfLooper: moto_sensor LIGHT_SENSOR_LIGHT_1 lux = 0.000000, timestamp = 1662771420222698 
04-04 22:28:35.114  1709  1790 I HfLooper: moto_sensor LIGHT_SENSOR_LIGHT_1 lux = 0.000000, timestamp = 1662771530519314 
04-04 22:28:35.224  1709  1790 I HfLooper: moto_sensor LIGHT_SENSOR_LIGHT_1 lux = 0.000000, timestamp = 1662771640225107 
04-04 22:28:35.268  1738  1806 I libPerfCtl: xgfGetFPS pid:2918 fps:-1
04-04 22:28:35.335  1709  1790 I HfLooper: moto_sensor LIGHT_SENSOR_LIGHT_1 lux = 0.000000, timestamp = 1662771750574954 
04-04 22:28:35.419  2313  2800 D BackgroundInstallControlService: Package event received: 0
04-04 22:28:35.435  2313  2351 D addPss  : tracker=ProcessState{98996e1 com.google.android.gms/10218 pkg=com.google.android.gms}
04-04 22:28:35.437  2313  2351 D addPss  : tracker=ProcessState{bbc1c3e com.android.vending/10246 pkg=com.android.vending}
04-04 22:28:35.445  1709  1790 I HfLooper: moto_sensor LIGHT_SENSOR_LIGHT_1 lux = 0.000000, timestamp = 1662771860712785 
04-04 22:28:35.558  1709  1790 I HfLooper: moto_sensor LIGHT_SENSOR_LIGHT_1 lux = 0.000000, timestamp = 1662771970698079 
04-04 22:28:35.665  1709  1790 I HfLooper: moto_sensor LIGHT_SENSOR_LIGHT_1 lux = 0.000000, timestamp = 1662772080713732 
04-04 22:28:35.775  1709  1790 I HfLooper: moto_sensor LIGHT_SENSOR_LIGHT_1 lux = 0.000000, timestamp = 1662772190126040 
04-04 22:28:35.804 25801  2629 W adbd    : timed out while waiting for FUNCTIONFS_BIND, trying again
04-04 22:28:35.804 25801  2629 I adbd    : UsbFfs: connection terminated: monitor thread finished
04-04 22:28:35.847  1982  1982 W lbs_dbg_ext: Waited for hwservicemanager.ready for a second, waiting another...
04-04 22:28:35.848  1982  1982 W libc    : Access denied finding property "hwservicemanager.disabled"
04-04 22:28:35.846  1982  1982 W binder:1982_2: type=1400 audit(0.0:3880957): avc:  denied  { read } for  name="u:object_r:hwservicemanager_prop:s0" dev="tmpfs" ino=256 scontext=u:r:lbs_dbg_ext:s0 tcontext=u:object_r:hwservicemanager_prop:s0 tclass=file permissive=0
04-04 22:28:35.849  1982  1982 W libc    : Access denied finding property "hwservicemanager.ready"
04-04 22:28:35.846  1982  1982 W binder:1982_2: type=1400 audit(0.0:3880958): avc:  denied  { read } for  name="u:object_r:hwservicemanager_prop:s0" dev="tmpfs" ino=256 scontext=u:r:lbs_dbg_ext:s0 tcontext=u:object_r:hwservicemanager_prop:s0 tclass=file permissive=0
04-04 22:28:35.849  1982  1982 W libc    : Access denied finding property "hwservicemanager.ready"
04-04 22:28:35.846  1982  1982 W binder:1982_2: type=1400 audit(0.0:3880959): avc:  denied  { read } for  name="u:object_r:hwservicemanager_prop:s0" dev="tmpfs" ino=256 scontext=u:r:lbs_dbg_ext:s0 tcontext=u:object_r:hwservicemanager_prop:s0 tclass=file permissive=0
04-04 22:28:35.857 25801 25807 I adbd    : opening control endpoint /dev/usb-ffs/adb/ep0
04-04 22:28:35.859  1982  1982 W libc    : Access denied finding property "hwservicemanager.ready"
04-04 22:28:35.854  1982  1982 W binder:1982_2: type=1400 audit(0.0:3880960): avc:  denied  { read } for  name="u:object_r:hwservicemanager_prop:s0" dev="tmpfs" ino=256 scontext=u:r:lbs_dbg_ext:s0 tcontext=u:object_r:hwservicemanager_prop:s0 tclass=file permissive=0
04-04 22:28:35.885  1709  1790 I HfLooper: moto_sensor LIGHT_SENSOR_LIGHT_1 lux = 0.000000, timestamp = 1662772300715223 
04-04 22:28:35.995  1709  1790 I HfLooper: moto_sensor LIGHT_SENSOR_LIGHT_1 lux = 0.000000, timestamp = 1662772410700468 
04-04 22:28:36.108  1709  1790 I HfLooper: moto_sensor LIGHT_SENSOR_LIGHT_1 lux = 0.000000, timestamp = 1662772520716478 
04-04 22:28:36.217  1709  1790 I HfLooper: moto_sensor LIGHT_SENSOR_LIGHT_1 lux = 0.000000, timestamp = 1662772630701776 
04-04 22:28:36.271  1738  1806 I libPerfCtl: xgfGetFPS pid:2918 fps:-1
04-04 22:28:36.317  1794  1794 I BufferQueueProducer: [StatusBar#95](this:0xb400007dbfc247b0,id:-1,api:0,p:-1,c:1794) queueBuffer: fps=0.33 dur=3011.14 max=3011.14 min=3011.14
04-04 22:28:36.319  1705  2206 I hwcomposer: [HWCDisplay] [Display_0 (type:1, mode:2)] fps:0.332106,dur:3011.09,max:3011.09,min:3011.09  
04-04 22:28:36.325  1709  1790 I HfLooper: moto_sensor LIGHT_SENSOR_LIGHT_1 lux = 0.000000, timestamp = 1662772740717684 
04-04 22:28:36.435  1709  1790 I HfLooper: moto_sensor LIGHT_SENSOR_LIGHT_1 lux = 0.000000, timestamp = 1662772850703035 
