04-04 22:27:37.730  1982  1982 W binder:1982_2: type=1400 audit(0.0:3880728): avc:  denied  { read } for  name="u:object_r:hwservicemanager_prop:s0" dev="tmpfs" ino=256 scontext=u:r:lbs_dbg_ext:s0 tcontext=u:object_r:hwservicemanager_prop:s0 tclass=file permissive=0
04-04 22:27:37.735  1982  1982 W libc    : Access denied finding property "hwservicemanager.disabled"
04-04 22:27:37.736  1982  1982 W libc    : Access denied finding property "hwservicemanager.ready"
04-04 22:27:37.734  1982  1982 W binder:1982_2: type=1400 audit(0.0:3880729): avc:  denied  { read } for  name="u:object_r:hwservicemanager_prop:s0" dev="tmpfs" ino=256 scontext=u:r:lbs_dbg_ext:s0 tcontext=u:object_r:hwservicemanager_prop:s0 tclass=file permissive=0
04-04 22:27:37.737  1982  1982 W libc    : Access denied finding property "hwservicemanager.ready"
04-04 22:27:37.734  1982  1982 W binder:1982_2: type=1400 audit(0.0:3880730): avc:  denied  { read } for  name="u:object_r:hwservicemanager_prop:s0" dev="tmpfs" ino=256 scontext=u:r:lbs_dbg_ext:s0 tcontext=u:object_r:hwservicemanager_prop:s0 tclass=file permissive=0
04-04 22:27:37.806  1709  1790 I HfLooper: moto_sensor LIGHT_SENSOR_LIGHT_1 lux = 0.000000, timestamp = 1662714220697982 
04-04 22:27:37.906 25801  2188 W adbd    : timed out while waiting for FUNCTIONFS_BIND, trying again
04-04 22:27:37.907 25801  2188 I adbd    : UsbFfs: connection terminated: monitor thread finished
04-04 22:27:37.915  1709  1790 I HfLooper: moto_sensor LIGHT_SENSOR_LIGHT_1 lux = 0.000000, timestamp = 1662714330713959 
04-04 22:27:37.948 25801 25807 I adbd    : opening control endpoint /dev/usb-ffs/adb/ep0
04-04 22:27:37.951  1982  1982 W libc    : Access denied finding property "hwservicemanager.ready"
04-04 22:27:37.946  1982  1982 W binder:1982_2: type=1400 audit(0.0:3880731): avc:  denied  { read } for  name="u:object_r:hwservicemanager_prop:s0" dev="tmpfs" ino=256 scontext=u:r:lbs_dbg_ext:s0 tcontext=u:object_r:hwservicemanager_prop:s0 tclass=file permissive=0
04-04 22:27:37.978  1738  1806 I libPerfCtl: xgfGetFPS pid:2918 fps:-1
04-04 22:27:38.024  1709  1790 I HfLooper: moto_sensor LIGHT_SENSOR_LIGHT_1 lux = 0.000000, timestamp = 1662714440213079 
04-04 22:27:38.135  1709  1790 I HfLooper: moto_sensor LIGHT_SENSOR_LIGHT_1 lux = 0.000000, timestamp = 1662714550714925 
04-04 22:27:38.246  1709  1790 I HfLooper: moto_sensor LIGHT_SENSOR_LIGHT_1 lux = 0.000000, timestamp = 1662714660700431 
04-04 22:27:38.357  1709  1790 I HfLooper: moto_sensor LIGHT_SENSOR_LIGHT_1 lux = 0.000000, timestamp = 1662714770716354 
04-04 22:27:38.467  1709  1790 I HfLooper: moto_sensor LIGHT_SENSOR_LIGHT_1 lux = 0.000000, timestamp = 1662714880701574 
04-04 22:27:38.576  1709  1790 I HfLooper: moto_sensor LIGHT_SENSOR_LIGHT_1 lux = 0.000000, timestamp = 1662714990266483 
04-04 22:27:38.687  1709  1790 I HfLooper: moto_sensor LIGHT_SENSOR_LIGHT_1 lux = 0.000000, timestamp = 1662715100702790 
04-04 22:27:38.738  1982  1982 W lbs_dbg_ext: Waited for hwservicemanager.ready for a second, waiting another...
04-04 22:27:38.738  1982  1982 W binder:1982_2: type=1400 audit(0.0:3880732): avc:  denied  { read } for  name="u:object_r:hwservicemanager_prop:s0" dev="tmpfs" ino=256 scontext=u:r:lbs_dbg_ext:s0 tcontext=u:object_r:hwservicemanager_prop:s0 tclass=file permissive=0
04-04 22:27:38.739  1982  1982 W libc    : Access denied finding property "hwservicemanager.disabled"
04-04 22:27:38.740  1982  1982 W libc    : Access denied finding property "hwservicemanager.ready"
04-04 22:27:38.738  1982  1982 W binder:1982_2: type=1400 audit(0.0:3880733): avc:  denied  { read } for  name="u:object_r:hwservicemanager_prop:s0" dev="tmpfs" ino=256 scontext=u:r:lbs_dbg_ext:s0 tcontext=u:object_r:hwservicemanager_prop:s0 tclass=file permissive=0
04-04 22:27:38.740  1982  1982 W libc    : Access denied finding property "hwservicemanager.ready"
04-04 22:27:38.738  1982  1982 W binder:1982_2: type=1400 audit(0.0:3880734): avc:  denied  { read } for  name="u:object_r:hwservicemanager_prop:s0" dev="tmpfs" ino=256 scontext=u:r:lbs_dbg_ext:s0 tcontext=u:object_r:hwservicemanager_prop:s0 tclass=file permissive=0
04-04 22:27:38.797  1709  1790 I HfLooper: moto_sensor LIGHT_SENSOR_LIGHT_1 lux = 0.000000, timestamp = 1662715210718795 
04-04 22:27:38.905  1709  1790 I HfLooper: moto_sensor LIGHT_SENSOR_LIGHT_1 lux = 0.000000, timestamp = 1662715320704055 
04-04 22:27:38.954 25801  2189 W adbd    : timed out while waiting for FUNCTIONFS_BIND, trying again
04-04 22:27:38.955 25801  2189 I adbd    : UsbFfs: connection terminated: monitor thread finished
04-04 22:27:38.978  1738  1806 I libPerfCtl: xgfGetFPS pid:2918 fps:-1
04-04 22:27:39.005 25801 25807 I adbd    : opening control endpoint /dev/usb-ffs/adb/ep0
04-04 22:27:39.006  1982  1982 W libc    : Access denied finding property "hwservicemanager.ready"
04-04 22:27:39.002  1982  1982 W binder:1982_2: type=1400 audit(0.0:3880735): avc:  denied  { read } for  name="u:object_r:hwservicemanager_prop:s0" dev="tmpfs" ino=256 scontext=u:r:lbs_dbg_ext:s0 tcontext=u:object_r:hwservicemanager_prop:s0 tclass=file permissive=0
04-04 22:27:39.015  1709  1790 I HfLooper: moto_sensor LIGHT_SENSOR_LIGHT_1 lux = 0.000000, timestamp = 1662715430719819 
04-04 22:27:39.015  1794  1794 I BufferQueueProducer: [StatusBar#95](this:0xb400007dbfc247b0,id:-1,api:0,p:-1,c:1794) queueBuffer: fps=0.33 dur=3022.16 max=3022.16 min=3022.16
04-04 22:27:39.017  1705  2206 I hwcomposer: [HWCDisplay] [Display_0 (type:1, mode:2)] fps:0.330930,dur:3021.78,max:3021.78,min:3021.78  
04-04 22:27:39.125  1709  1790 I HfLooper: moto_sensor LIGHT_SENSOR_LIGHT_1 lux = 0.000000, timestamp = 1662715540705290 
04-04 22:27:39.234  1709  1790 I HfLooper: moto_sensor LIGHT_SENSOR_LIGHT_1 lux = 0.000000, timestamp = 1662715650264051 
04-04 22:27:39.347  1709  1790 I HfLooper: moto_sensor LIGHT_SENSOR_LIGHT_1 lux = 0.000000, timestamp = 1662715760560464 
04-04 22:27:39.440 11930 11931 D WifiHAL : WifiRequest::create vendor command to iface 36, vendor_id=0x1a11, subcmd=0x0002, res=0
04-04 22:27:39.441 11930 11931 I WifiHAL : feature_set=0x8488341a
04-04 22:27:39.445  2313  2748 I HalDevMgr: bestIfaceCreationProposal is null, requestIface=STA, existingIface=[name=wlan0 type=STA]
04-04 22:27:39.446  2313  6875 I MotoStaCheckin: onWifiUsabilityStats, seqNum: 98579, isSameBssidAndFreq: true, RSSI: -49, isThroughputSufficient: true, LinkSpeed: 351 Mbps, RxLinkSpeed: 390 Mbps
04-04 22:27:39.446  2313  6875 I MotoStaCheckin: onWifiUsabilityStats, Duration: 1662715865, Rx Good: 4 ( PPS: 0 ), Tx Good: 3, Tx Bad: 0 ( 0 % ), Tx Retry: 0 ( 0 % ), NSS: 0, Bandwidth: 0
04-04 22:27:39.455  1709  1790 I HfLooper: moto_sensor LIGHT_SENSOR_LIGHT_1 lux = 0.000000, timestamp = 1662715870234619 
04-04 22:27:39.542  1742  1742 I android.hardware.thermal-service.mediatek: getTemperaturesWithType TemperatureType: 3
04-04 22:27:39.543  1742  1742 W android.hardware.thermal-service.mediatek: i=0 tz_data[i].tz_idx[0]=9
04-04 22:27:39.543  1742  1742 W android.hardware.thermal-service.mediatek: i=1 tz_data[i].tz_idx[0]=9
04-04 22:27:39.543  1742  1742 W android.hardware.thermal-service.mediatek: i=2 tz_data[i].tz_idx[0]=6
04-04 22:27:39.543  1742  1742 W android.hardware.thermal-service.mediatek: i=3 tz_data[i].tz_idx[0]=53
04-04 22:27:39.546  1742  1742 I android.hardware.thermal-service.mediatek: fill_temperatures filterType1 name: SKIN type: SKIN throttlingStatus: NONE value: 35.244 ret_temps size 0
04-04 22:27:39.547  1742  1742 W android.hardware.thermal-service.mediatek: i=4 tz_data[i].tz_idx[0]=0
04-04 22:27:39.547  1742  1742 W android.hardware.thermal-service.mediatek: i=5 tz_data[i].tz_idx[0]=44
04-04 22:27:39.547  1742  1742 W android.hardware.thermal-service.mediatek: i=6 tz_data[i].tz_idx[0]=-1
04-04 22:27:39.547  1742  1742 W android.hardware.thermal-service.mediatek: i=7 tz_data[i].tz_idx[0]=-1
04-04 22:27:39.547  1742  1742 W android.hardware.thermal-service.mediatek: i=8 tz_data[i].tz_idx[0]=-1
04-04 22:27:39.547  1742  1742 W android.hardware.thermal-service.mediatek: i=9 tz_data[i].tz_idx[0]=9
04-04 22:27:39.547  1742  1742 W android.hardware.thermal-service.mediatek: i=10 tz_data[i].tz_idx[0]=9
04-04 22:27:39.547  1742  1742 W android.hardware.thermal-service.mediatek: i=11 tz_data[i].tz_idx[0]=-1
04-04 22:27:39.547  1742  1742 W android.hardware.thermal-service.mediatek: i=12 tz_data[i].tz_idx[0]=-1
04-04 22:27:39.547  1742  1742 W android.hardware.thermal-service.mediatek: i=13 tz_data[i].tz_idx[0]=9
04-04 22:27:39.565  1709  1790 I HfLooper: moto_sensor LIGHT_SENSOR_LIGHT_1 lux = 0.000000, timestamp = 1662715980616147 
04-04 22:27:39.675  1709  1790 I HfLooper: moto_sensor LIGHT_SENSOR_LIGHT_1 lux = 0.000000, timestamp = 1662716090723763 
04-04 22:27:39.740  1982  1982 W lbs_dbg_ext: Waited for hwservicemanager.ready for a second, waiting another...
04-04 22:27:39.741  1982  1982 W libc    : Access denied finding property "hwservicemanager.disabled"
04-04 22:27:39.742  1982  1982 W libc    : Access denied finding property "hwservicemanager.ready"
04-04 22:27:39.738  1982  1982 W binder:1982_2: type=1400 audit(0.0:3880736): avc:  denied  { read } for  name="u:object_r:hwservicemanager_prop:s0" dev="tmpfs" ino=256 scontext=u:r:lbs_dbg_ext:s0 tcontext=u:object_r:hwservicemanager_prop:s0 tclass=file permissive=0
04-04 22:27:39.742  1982  1982 W libc    : Access denied finding property "hwservicemanager.ready"
04-04 22:27:39.738  1982  1982 W binder:1982_2: type=1400 audit(0.0:3880737): avc:  denied  { read } for  name="u:object_r:hwservicemanager_prop:s0" dev="tmpfs" ino=256 scontext=u:r:lbs_dbg_ext:s0 tcontext=u:object_r:hwservicemanager_prop:s0 tclass=file permissive=0
04-04 22:27:39.738  1982  1982 W binder:1982_2: type=1400 audit(0.0:3880738): avc:  denied  { read } for  name="u:object_r:hwservicemanager_prop:s0" dev="tmpfs" ino=256 scontext=u:r:lbs_dbg_ext:s0 tcontext=u:object_r:hwservicemanager_prop:s0 tclass=file permissive=0
04-04 22:27:39.787  1709  1790 I HfLooper: moto_sensor LIGHT_SENSOR_LIGHT_1 lux = 0.000000, timestamp = 1662716200708979 
04-04 22:27:39.896  1709  1790 I HfLooper: moto_sensor LIGHT_SENSOR_LIGHT_1 lux = 0.000000, timestamp = 1662716310724757 
04-04 22:27:39.979  1738  1806 I libPerfCtl: xgfGetFPS pid:2918 fps:-1
04-04 22:27:40.006  1709  1790 I HfLooper: moto_sensor LIGHT_SENSOR_LIGHT_1 lux = 0.000000, timestamp = 1662716420710205 
04-04 22:27:40.012 25801  2192 W adbd    : timed out while waiting for FUNCTIONFS_BIND, trying again
04-04 22:27:40.013 25801  2192 I adbd    : UsbFfs: connection terminated: monitor thread finished
04-04 22:27:40.052 25801 25807 I adbd    : opening control endpoint /dev/usb-ffs/adb/ep0
04-04 22:27:40.055  1982  1982 W libc    : Access denied finding property "hwservicemanager.ready"
04-04 22:27:40.050  1982  1982 W binder:1982_2: type=1400 audit(0.0:3880739): avc:  denied  { read } for  name="u:object_r:hwservicemanager_prop:s0" dev="tmpfs" ino=256 scontext=u:r:lbs_dbg_ext:s0 tcontext=u:object_r:hwservicemanager_prop:s0 tclass=file permissive=0
04-04 22:27:40.064  2025  2378 D ULogGuard: Monitoring: 18 threads, 0 requests, 0 time-bombs; 326 guards. ResetFlags = 0x7
04-04 22:27:40.115  1709  1790 I HfLooper: moto_sensor LIGHT_SENSOR_LIGHT_1 lux = 0.000000, timestamp = 1662716530695459 
04-04 22:27:40.179  3041 25681 D IpClient/wlan0: addressUpdated: 2406:7400:bb:f58c:2451:afff:fe93:298d/64 on ifindex 36 flags 0x00000100 scope 0
04-04 22:27:40.180  3041 25681 D IpClient/wlan0: addressUpdated: 2406:7400:bb:f58c:d7d9:1149:e9cd:8741/64 on ifindex 36 flags 0x00000001 scope 0
04-04 22:27:40.180  3041 25681 W AlarmManager: Unrecognized alarm listener com.android.networkstack.android.net.ip.IpClientLinkObserver$Dhcp6PdPreferredPrefixAlarmListener@a73de76
04-04 22:27:40.182  3041 25681 D ApfFilter: (wlan0): Adding RA fe80::9ea2:f4ff:fead:c72b -> ff02::1 30s 2406:7400:bb:f58c::/64 300s/120s 
04-04 22:27:40.188 11930 11930 I WifiHAL : createRequest: APF set program request
04-04 22:27:40.188 11930 11930 D WifiHAL : WifiRequest::create vendor command to iface 36, vendor_id=0xce7, subcmd=0x000f, res=0
04-04 22:27:40.189 11930 11930 I WifiHAL : Done!
04-04 22:27:40.225  1709  1790 I HfLooper: moto_sensor LIGHT_SENSOR_LIGHT_1 lux = 0.000000, timestamp = 1662716640711252 
04-04 22:27:40.335  1709  1790 I HfLooper: moto_sensor LIGHT_SENSOR_LIGHT_1 lux = 0.000000, timestamp = 1662716750696785 
04-04 22:27:40.445  1709  1790 I HfLooper: moto_sensor LIGHT_SENSOR_LIGHT_1 lux = 0.000000, timestamp = 1662716860712757 
04-04 22:27:40.555  1709  1790 I HfLooper: moto_sensor LIGHT_SENSOR_LIGHT_1 lux = 0.000000, timestamp = 1662716970698093 
04-04 22:27:40.665  1709  1790 I HfLooper: moto_sensor LIGHT_SENSOR_LIGHT_1 lux = 0.000000, timestamp = 1662717080652891 
04-04 22:27:40.742  1982  1982 W binder:1982_2: type=1400 audit(0.0:3880740): avc:  denied  { read } for  name="u:object_r:hwservicemanager_prop:s0" dev="tmpfs" ino=256 scontext=u:r:lbs_dbg_ext:s0 tcontext=u:object_r:hwservicemanager_prop:s0 tclass=file permissive=0
04-04 22:27:40.744  1982  1982 W lbs_dbg_ext: Waited for hwservicemanager.ready for a second, waiting another...
04-04 22:27:40.745  1982  1982 W libc    : Access denied finding property "hwservicemanager.disabled"
04-04 22:27:40.745  1982  1982 W libc    : Access denied finding property "hwservicemanager.ready"
04-04 22:27:40.746  1982  1982 W libc    : Access denied finding property "hwservicemanager.ready"
04-04 22:27:40.742  1982  1982 W binder:1982_2: type=1400 audit(0.0:3880741): avc:  denied  { read } for  name="u:object_r:hwservicemanager_prop:s0" dev="tmpfs" ino=256 scontext=u:r:lbs_dbg_ext:s0 tcontext=u:object_r:hwservicemanager_prop:s0 tclass=file permissive=0
04-04 22:27:40.742  1982  1982 W binder:1982_2: type=1400 audit(0.0:3880742): avc:  denied  { read } for  name="u:object_r:hwservicemanager_prop:s0" dev="tmpfs" ino=256 scontext=u:r:lbs_dbg_ext:s0 tcontext=u:object_r:hwservicemanager_prop:s0 tclass=file permissive=0
04-04 22:27:40.776  1709  1790 I HfLooper: moto_sensor LIGHT_SENSOR_LIGHT_1 lux = 0.000000, timestamp = 1662717190242343 
04-04 22:27:40.884  1709  1790 I HfLooper: moto_sensor LIGHT_SENSOR_LIGHT_1 lux = 0.000000, timestamp = 1662717300508252 
04-04 22:27:40.979  1738  1806 I libPerfCtl: xgfGetFPS pid:2918 fps:-1
04-04 22:27:40.995  1709  1790 I HfLooper: moto_sensor LIGHT_SENSOR_LIGHT_1 lux = 0.000000, timestamp = 1662717410214324 
04-04 22:27:41.059 25801  2204 W adbd    : timed out while waiting for FUNCTIONFS_BIND, trying again
04-04 22:27:41.059 25801  2204 I adbd    : UsbFfs: connection terminated: monitor thread finished
04-04 22:27:41.069  1709  1789 W AString : ctor got NULL, using empty string instead
04-04 22:27:41.070  1709  1789 I SensorSavedChannel: [-91,120,199,750,-7328,-5461]==>gyro_temp.json
04-04 22:27:41.070  1709  1789 W AString : ctor got NULL, using empty string instead
04-04 22:27:41.070  1709  1789 I SensorSavedChannel: [-2599,-2944,1798]==>gyro_bias.json
04-04 22:27:41.071  1709  1789 W SensorSavedChannel: [SOIS_H] dynamic calibration process: static cali data [345,4677], bias cali data [-2599,-2944]
04-04 22:27:41.104 25801 25807 I adbd    : opening control endpoint /dev/usb-ffs/adb/ep0
04-04 22:27:41.105  1709  1790 I HfLooper: moto_sensor LIGHT_SENSOR_LIGHT_1 lux = 0.000000, timestamp = 1662717520563877 
04-04 22:27:41.107  1982  1982 W libc    : Access denied finding property "hwservicemanager.ready"
04-04 22:27:41.102  1982  1982 W binder:1982_2: type=1400 audit(0.0:3880743): avc:  denied  { read } for  name="u:object_r:hwservicemanager_prop:s0" dev="tmpfs" ino=256 scontext=u:r:lbs_dbg_ext:s0 tcontext=u:object_r:hwservicemanager_prop:s0 tclass=file permissive=0
04-04 22:27:41.216  1709  1790 I HfLooper: moto_sensor LIGHT_SENSOR_LIGHT_1 lux = 0.000000, timestamp = 1662717630701748 
04-04 22:27:41.325  1709  1790 I HfLooper: moto_sensor LIGHT_SENSOR_LIGHT_1 lux = 0.000000, timestamp = 1662717740717771 
04-04 22:27:41.438  1709  1790 I HfLooper: moto_sensor LIGHT_SENSOR_LIGHT_1 lux = 0.000000, timestamp = 1662717850703012 
04-04 22:27:41.545  1709  1790 I HfLooper: moto_sensor LIGHT_SENSOR_LIGHT_1 lux = 0.000000, timestamp = 1662717960718979 
04-04 22:27:41.655  1709  1790 I HfLooper: moto_sensor LIGHT_SENSOR_LIGHT_1 lux = 0.000000, timestamp = 1662718070704247 
04-04 22:27:41.748  1982  1982 W lbs_dbg_ext: Waited for hwservicemanager.ready for a second, waiting another...
04-04 22:27:41.749  1982  1982 W libc    : Access denied finding property "hwservicemanager.disabled"
04-04 22:27:41.749  1982  1982 W libc    : Access denied finding property "hwservicemanager.ready"
04-04 22:27:41.746  1982  1982 W binder:1982_2: type=1400 audit(0.0:3880744): avc:  denied  { read } for  name="u:object_r:hwservicemanager_prop:s0" dev="tmpfs" ino=256 scontext=u:r:lbs_dbg_ext:s0 tcontext=u:object_r:hwservicemanager_prop:s0 tclass=file permissive=0
04-04 22:27:41.746  1982  1982 W binder:1982_2: type=1400 audit(0.0:3880745): avc:  denied  { read } for  name="u:object_r:hwservicemanager_prop:s0" dev="tmpfs" ino=256 scontext=u:r:lbs_dbg_ext:s0 tcontext=u:object_r:hwservicemanager_prop:s0 tclass=file permissive=0
04-04 22:27:41.750  1982  1982 W libc    : Access denied finding property "hwservicemanager.ready"
04-04 22:27:41.746  1982  1982 W binder:1982_2: type=1400 audit(0.0:3880746): avc:  denied  { read } for  name="u:object_r:hwservicemanager_prop:s0" dev="tmpfs" ino=256 scontext=u:r:lbs_dbg_ext:s0 tcontext=u:object_r:hwservicemanager_prop:s0 tclass=file permissive=0
04-04 22:27:41.765  1709  1790 I HfLooper: moto_sensor LIGHT_SENSOR_LIGHT_1 lux = 0.000000, timestamp = 1662718180720031 
04-04 22:27:41.878  1709  1790 I HfLooper: moto_sensor LIGHT_SENSOR_LIGHT_1 lux = 0.000000, timestamp = 1662718290222488 
04-04 22:27:41.979  1738  1806 I libPerfCtl: xgfGetFPS pid:2918 fps:-1
04-04 22:27:41.985  1709  1790 I HfLooper: moto_sensor LIGHT_SENSOR_LIGHT_1 lux = 0.000000, timestamp = 1662718400721228 
04-04 22:27:42.038  1794  1794 I BufferQueueProducer: [StatusBar#95](this:0xb400007dbfc247b0,id:-1,api:0,p:-1,c:1794) queueBuffer: fps=0.33 dur=3022.52 max=3022.52 min=3022.52
04-04 22:27:42.040  1705  2206 I hwcomposer: [HWCDisplay] [Display_0 (type:1, mode:2)] fps:0.330809,dur:3022.89,max:3022.89,min:3022.89  
04-04 22:27:42.095  1709  1790 I HfLooper: moto_sensor LIGHT_SENSOR_LIGHT_1 lux = 0.000000, timestamp = 1662718510706748 
04-04 22:27:42.110 25801  2205 W adbd    : timed out while waiting for FUNCTIONFS_BIND, trying again
04-04 22:27:42.111 25801  2205 I adbd    : UsbFfs: connection terminated: monitor thread finished
04-04 22:27:42.145 25801 25807 I adbd    : opening control endpoint /dev/usb-ffs/adb/ep0
04-04 22:27:42.147  1982  1982 W libc    : Access denied finding property "hwservicemanager.ready"
04-04 22:27:42.142  1982  1982 W binder:1982_2: type=1400 audit(0.0:3880747): avc:  denied  { read } for  name="u:object_r:hwservicemanager_prop:s0" dev="tmpfs" ino=256 scontext=u:r:lbs_dbg_ext:s0 tcontext=u:object_r:hwservicemanager_prop:s0 tclass=file permissive=0
04-04 22:27:42.206  1709  1790 I HfLooper: moto_sensor LIGHT_SENSOR_LIGHT_1 lux = 0.000000, timestamp = 1662718620722401 
04-04 22:27:42.315  1709  1790 I HfLooper: moto_sensor LIGHT_SENSOR_LIGHT_1 lux = 0.000000, timestamp = 1662718730707843 
04-04 22:27:42.425  1709  1790 I HfLooper: moto_sensor LIGHT_SENSOR_LIGHT_1 lux = 0.000000, timestamp = 1662718840723828 
04-04 22:27:42.463 11930 11930 D WifiHAL : WifiRequest::create vendor command to iface 36, vendor_id=0x1a11, subcmd=0x0002, res=0
04-04 22:27:42.463 11930 11930 I WifiHAL : feature_set=0x8488341a
04-04 22:27:42.467  2313  2748 I HalDevMgr: bestIfaceCreationProposal is null, requestIface=STA, existingIface=[name=wlan0 type=STA]
04-04 22:27:42.468  2313  6875 I MotoStaCheckin: onWifiUsabilityStats, seqNum: 98580, isSameBssidAndFreq: true, RSSI: -52, isThroughputSufficient: true, LinkSpeed: 351 Mbps, RxLinkSpeed: 390 Mbps
04-04 22:27:42.469  2313  6875 I MotoStaCheckin: onWifiUsabilityStats, Duration: 1662718887, Rx Good: 32 ( PPS: 0 ), Tx Good: 48, Tx Bad: 0 ( 0 % ), Tx Retry: 0 ( 0 % ), NSS: 0, Bandwidth: 0
04-04 22:27:42.535  1709  1790 I HfLooper: moto_sensor LIGHT_SENSOR_LIGHT_1 lux = 0.000000, timestamp = 1662718950709112 
04-04 22:27:42.645  1709  1790 I HfLooper: moto_sensor LIGHT_SENSOR_LIGHT_1 lux = 0.000000, timestamp = 1662719060724848 
04-04 22:27:42.750  1982  1982 W lbs_dbg_ext: Waited for hwservicemanager.ready for a second, waiting another...
04-04 22:27:42.751  1982  1982 W libc    : Access denied finding property "hwservicemanager.disabled"
04-04 22:27:42.746  1982  1982 W binder:1982_2: type=1400 audit(0.0:3880748): avc:  denied  { read } for  name="u:object_r:hwservicemanager_prop:s0" dev="tmpfs" ino=256 scontext=u:r:lbs_dbg_ext:s0 tcontext=u:object_r:hwservicemanager_prop:s0 tclass=file permissive=0
04-04 22:27:42.752  1982  1982 W libc    : Access denied finding property "hwservicemanager.ready"
04-04 22:27:42.746  1982  1982 W binder:1982_2: type=1400 audit(0.0:3880749): avc:  denied  { read } for  name="u:object_r:hwservicemanager_prop:s0" dev="tmpfs" ino=256 scontext=u:r:lbs_dbg_ext:s0 tcontext=u:object_r:hwservicemanager_prop:s0 tclass=file permissive=0
04-04 22:27:42.752  1982  1982 W libc    : Access denied finding property "hwservicemanager.ready"
04-04 22:27:42.750  1982  1982 W binder:1982_2: type=1400 audit(0.0:3880750): avc:  denied  { read } for  name="u:object_r:hwservicemanager_prop:s0" dev="tmpfs" ino=256 scontext=u:r:lbs_dbg_ext:s0 tcontext=u:object_r:hwservicemanager_prop:s0 tclass=file permissive=0
04-04 22:27:42.754  1709  1790 I HfLooper: moto_sensor LIGHT_SENSOR_LIGHT_1 lux = 0.000000, timestamp = 1662719170710363 
04-04 22:27:42.865  1709  1790 I HfLooper: moto_sensor LIGHT_SENSOR_LIGHT_1 lux = 0.000000, timestamp = 1662719280695603 
04-04 22:27:42.974  1709  1790 I HfLooper: moto_sensor LIGHT_SENSOR_LIGHT_1 lux = 0.000000, timestamp = 1662719390227329 
04-04 22:27:42.979  1738  1806 I libPerfCtl: xgfGetFPS pid:2918 fps:-1
04-04 22:27:43.065  2025  2378 D ULogGuard: Monitoring: 18 threads, 0 requests, 0 time-bombs; 326 guards. ResetFlags = 0x7
04-04 22:27:43.084  1709  1790 I HfLooper: moto_sensor LIGHT_SENSOR_LIGHT_1 lux = 0.000000, timestamp = 1662719500243306 
04-04 22:27:43.150 25801  2207 W adbd    : timed out while waiting for FUNCTIONFS_BIND, trying again
04-04 22:27:43.150 25801  2207 I adbd    : UsbFfs: connection terminated: monitor thread finished
04-04 22:27:43.194  1709  1790 I HfLooper: moto_sensor LIGHT_SENSOR_LIGHT_1 lux = 0.000000, timestamp = 1662719610414421 
04-04 22:27:43.196 25801 25807 I adbd    : opening control endpoint /dev/usb-ffs/adb/ep0
04-04 22:27:43.199  1982  1982 W libc    : Access denied finding property "hwservicemanager.ready"
04-04 22:27:43.194  1982  1982 W binder:1982_2: type=1400 audit(0.0:3880751): avc:  denied  { read } for  name="u:object_r:hwservicemanager_prop:s0" dev="tmpfs" ino=256 scontext=u:r:lbs_dbg_ext:s0 tcontext=u:object_r:hwservicemanager_prop:s0 tclass=file permissive=0
04-04 22:27:43.308  1709  1790 I HfLooper: moto_sensor LIGHT_SENSOR_LIGHT_1 lux = 0.000000, timestamp = 1662719720850830 
04-04 22:27:43.418  1709  1790 I HfLooper: moto_sensor LIGHT_SENSOR_LIGHT_1 lux = 0.000000, timestamp = 1662719830469912 
04-04 22:27:43.526  1709  1790 I HfLooper: moto_sensor LIGHT_SENSOR_LIGHT_1 lux = 0.000000, timestamp = 1662719940699340 
04-04 22:27:43.637  1709  1790 I HfLooper: moto_sensor LIGHT_SENSOR_LIGHT_1 lux = 0.000000, timestamp = 1662720050715075 
04-04 22:27:43.745  1709  1790 I HfLooper: moto_sensor LIGHT_SENSOR_LIGHT_1 lux = 0.000000, timestamp = 1662720160700489 
04-04 22:27:43.753  1982  1982 W lbs_dbg_ext: Waited for hwservicemanager.ready for a second, waiting another...
04-04 22:27:43.753  1982  1982 W libc    : Access denied finding property "hwservicemanager.disabled"
04-04 22:27:43.750  1982  1982 W binder:1982_2: type=1400 audit(0.0:3880752): avc:  denied  { read } for  name="u:object_r:hwservicemanager_prop:s0" dev="tmpfs" ino=256 scontext=u:r:lbs_dbg_ext:s0 tcontext=u:object_r:hwservicemanager_prop:s0 tclass=file permissive=0
04-04 22:27:43.754  1982  1982 W libc    : Access denied finding property "hwservicemanager.ready"
04-04 22:27:43.750  1982  1982 W binder:1982_2: type=1400 audit(0.0:3880753): avc:  denied  { read } for  name="u:object_r:hwservicemanager_prop:s0" dev="tmpfs" ino=256 scontext=u:r:lbs_dbg_ext:s0 tcontext=u:object_r:hwservicemanager_prop:s0 tclass=file permissive=0
04-04 22:27:43.755  1982  1982 W libc    : Access denied finding property "hwservicemanager.ready"
04-04 22:27:43.750  1982  1982 W binder:1982_2: type=1400 audit(0.0:3880754): avc:  denied  { read } for  name="u:object_r:hwservicemanager_prop:s0" dev="tmpfs" ino=256 scontext=u:r:lbs_dbg_ext:s0 tcontext=u:object_r:hwservicemanager_prop:s0 tclass=file permissive=0
04-04 22:27:43.857  1709  1790 I HfLooper: moto_sensor LIGHT_SENSOR_LIGHT_1 lux = 0.000000, timestamp = 1662720270230305 
04-04 22:27:43.968  1709  1790 I HfLooper: moto_sensor LIGHT_SENSOR_LIGHT_1 lux = 0.000000, timestamp = 1662720380579632 
04-04 22:27:44.076  1709  1790 I HfLooper: moto_sensor LIGHT_SENSOR_LIGHT_1 lux = 0.000000, timestamp = 1662720490717685 
04-04 22:27:44.187  1709  1790 I HfLooper: moto_sensor LIGHT_SENSOR_LIGHT_1 lux = 0.000000, timestamp = 1662720600702892 
04-04 22:27:44.202 25801  2208 W adbd    : timed out while waiting for FUNCTIONFS_BIND, trying again
04-04 22:27:44.203 25801  2208 I adbd    : UsbFfs: connection terminated: monitor thread finished
04-04 22:27:44.253 25801 25807 I adbd    : opening control endpoint /dev/usb-ffs/adb/ep0
04-04 22:27:44.255  1982  1982 W libc    : Access denied finding property "hwservicemanager.ready"
04-04 22:27:44.250  1982  1982 W binder:1982_2: type=1400 audit(0.0:3880755): avc:  denied  { read } for  name="u:object_r:hwservicemanager_prop:s0" dev="tmpfs" ino=256 scontext=u:r:lbs_dbg_ext:s0 tcontext=u:object_r:hwservicemanager_prop:s0 tclass=file permissive=0
04-04 22:27:44.295  1709  1790 I HfLooper: moto_sensor LIGHT_SENSOR_LIGHT_1 lux = 0.000000, timestamp = 1662720710420195 
04-04 22:27:44.408  1709  1790 I HfLooper: moto_sensor LIGHT_SENSOR_LIGHT_1 lux = 0.000000, timestamp = 1662720820704103 
04-04 22:27:44.515  1709  1790 I HfLooper: moto_sensor LIGHT_SENSOR_LIGHT_1 lux = 0.000000, timestamp = 1662720930719867 
04-04 22:27:44.627  1709  1790 I HfLooper: moto_sensor LIGHT_SENSOR_LIGHT_1 lux = 0.000000, timestamp = 1662721040705305 
04-04 22:27:44.687  2313  2817 D ActivityManager: freezing 14952 android.process.acore, reason = moto_freezer, adj=920, adjType=cch-empty
04-04 22:27:44.695  2313  2755 D InetDiagMessage: Destroyed 0 sockets, proto=IPPROTO_TCP, family=AF_INET, states=14
04-04 22:27:44.699  2313  2755 D InetDiagMessage: Destroyed 0 sockets, proto=IPPROTO_TCP, family=AF_INET6, states=14
04-04 22:27:44.700  2313  2755 D InetDiagMessage: Destroyed live tcp sockets for uids={10129} in 9ms
04-04 22:27:44.735  1709  1790 I HfLooper: moto_sensor LIGHT_SENSOR_LIGHT_1 lux = 0.000000, timestamp = 1662721150721281 
04-04 22:27:44.755  1982  1982 W lbs_dbg_ext: Waited for hwservicemanager.ready for a second, waiting another...
04-04 22:27:44.756  1982  1982 W libc    : Access denied finding property "hwservicemanager.disabled"
04-04 22:27:44.750  1982  1982 W binder:1982_2: type=1400 audit(0.0:3880756): avc:  denied  { read } for  name="u:object_r:hwservicemanager_prop:s0" dev="tmpfs" ino=256 scontext=u:r:lbs_dbg_ext:s0 tcontext=u:object_r:hwservicemanager_prop:s0 tclass=file permissive=0
04-04 22:27:44.754  1982  1982 W binder:1982_2: type=1400 audit(0.0:3880757): avc:  denied  { read } for  name="u:object_r:hwservicemanager_prop:s0" dev="tmpfs" ino=256 scontext=u:r:lbs_dbg_ext:s0 tcontext=u:object_r:hwservicemanager_prop:s0 tclass=file permissive=0
04-04 22:27:44.756  1982  1982 W libc    : Access denied finding property "hwservicemanager.ready"
04-04 22:27:44.757  1982  1982 W libc    : Access denied finding property "hwservicemanager.ready"
04-04 22:27:44.754  1982  1982 W binder:1982_2: type=1400 audit(0.0:3880758): avc:  denied  { read } for  name="u:object_r:hwservicemanager_prop:s0" dev="tmpfs" ino=256 scontext=u:r:lbs_dbg_ext:s0 tcontext=u:object_r:hwservicemanager_prop:s0 tclass=file permissive=0
04-04 22:27:44.845  1709  1790 I HfLooper: moto_sensor LIGHT_SENSOR_LIGHT_1 lux = 0.000000, timestamp = 1662721260706522 
04-04 22:27:44.957  1709  1790 I HfLooper: moto_sensor LIGHT_SENSOR_LIGHT_1 lux = 0.000000, timestamp = 1662721370722503 
04-04 22:27:45.060  1794  1794 I BufferQueueProducer: [StatusBar#95](this:0xb400007dbfc247b0,id:-1,api:0,p:-1,c:1794) queueBuffer: fps=0.33 dur=3022.42 max=3022.42 min=3022.42
04-04 22:27:45.063  1705  2206 I hwcomposer: [HWCDisplay] [Display_0 (type:1, mode:2)] fps:0.330884,dur:3022.21,max:3022.21,min:3022.21  
04-04 22:27:45.065  1709  1790 I HfLooper: moto_sensor LIGHT_SENSOR_LIGHT_1 lux = 0.000000, timestamp = 1662721480707715 
04-04 22:27:45.174  1709  1790 I HfLooper: moto_sensor LIGHT_SENSOR_LIGHT_1 lux = 0.000000, timestamp = 1662721590272397 
04-04 22:27:45.259 25801  2209 W adbd    : timed out while waiting for FUNCTIONFS_BIND, trying again
04-04 22:27:45.259 25801  2209 I adbd    : UsbFfs: connection terminated: monitor thread finished
04-04 22:27:45.285  1709  1790 I HfLooper: moto_sensor LIGHT_SENSOR_LIGHT_1 lux = 0.000000, timestamp = 1662721700708946 
04-04 22:27:45.292 25801 25807 I adbd    : opening control endpoint /dev/usb-ffs/adb/ep0
04-04 22:27:45.296  1982  1982 W libc    : Access denied finding property "hwservicemanager.ready"
04-04 22:27:45.290  1982  1982 W binder:1982_2: type=1400 audit(0.0:3880759): avc:  denied  { read } for  name="u:object_r:hwservicemanager_prop:s0" dev="tmpfs" ino=256 scontext=u:r:lbs_dbg_ext:s0 tcontext=u:object_r:hwservicemanager_prop:s0 tclass=file permissive=0
04-04 22:27:45.395  1709  1790 I HfLooper: moto_sensor LIGHT_SENSOR_LIGHT_1 lux = 0.000000, timestamp = 1662721810724984 
04-04 22:27:45.485 11930 11930 D WifiHAL : WifiRequest::create vendor command to iface 36, vendor_id=0x1a11, subcmd=0x0002, res=0
04-04 22:27:45.486 11930 11930 I WifiHAL : feature_set=0x8488341a
04-04 22:27:45.489  2313  2748 I HalDevMgr: bestIfaceCreationProposal is null, requestIface=STA, existingIface=[name=wlan0 type=STA]
04-04 22:27:45.491  2313  6875 I MotoStaCheckin: onWifiUsabilityStats, seqNum: 98581, isSameBssidAndFreq: true, RSSI: -52, isThroughputSufficient: true, LinkSpeed: 351 Mbps, RxLinkSpeed: 390 Mbps
04-04 22:27:45.491  2313  6875 I MotoStaCheckin: onWifiUsabilityStats, Duration: 1662721910, Rx Good: 4 ( PPS: 0 ), Tx Good: 3, Tx Bad: 0 ( 0 % ), Tx Retry: 0 ( 0 % ), NSS: 0, Bandwidth: 0
04-04 22:27:45.505  1709  1790 I HfLooper: moto_sensor LIGHT_SENSOR_LIGHT_1 lux = 0.000000, timestamp = 1662721920342234 
04-04 22:27:45.615  1709  1790 I HfLooper: moto_sensor LIGHT_SENSOR_LIGHT_1 lux = 0.000000, timestamp = 1662722030695464 
04-04 22:27:45.725  1709  1790 I HfLooper: moto_sensor LIGHT_SENSOR_LIGHT_1 lux = 0.000000, timestamp = 1662722140711460 
04-04 22:27:45.754  1982  1982 W binder:1982_2: type=1400 audit(0.0:3880760): avc:  denied  { read } for  name="u:object_r:hwservicemanager_prop:s0" dev="tmpfs" ino=256 scontext=u:r:lbs_dbg_ext:s0 tcontext=u:object_r:hwservicemanager_prop:s0 tclass=file permissive=0
04-04 22:27:45.757  1982  1982 W lbs_dbg_ext: Waited for hwservicemanager.ready for a second, waiting another...
04-04 22:27:45.757  1982  1982 W libc    : Access denied finding property "hwservicemanager.disabled"
04-04 22:27:45.758  1982  1982 W libc    : Access denied finding property "hwservicemanager.ready"
04-04 22:27:45.754  1982  1982 W binder:1982_2: type=1400 audit(0.0:3880761): avc:  denied  { read } for  name="u:object_r:hwservicemanager_prop:s0" dev="tmpfs" ino=256 scontext=u:r:lbs_dbg_ext:s0 tcontext=u:object_r:hwservicemanager_prop:s0 tclass=file permissive=0
04-04 22:27:45.758  1982  1982 W libc    : Access denied finding property "hwservicemanager.ready"
04-04 22:27:45.754  1982  1982 W binder:1982_2: type=1400 audit(0.0:3880762): avc:  denied  { read } for  name="u:object_r:hwservicemanager_prop:s0" dev="tmpfs" ino=256 scontext=u:r:lbs_dbg_ext:s0 tcontext=u:object_r:hwservicemanager_prop:s0 tclass=file permissive=0
04-04 22:27:45.835  1709  1790 I HfLooper: moto_sensor LIGHT_SENSOR_LIGHT_1 lux = 0.000000, timestamp = 1662722250696802 
04-04 22:27:45.944  1709  1790 I HfLooper: moto_sensor LIGHT_SENSOR_LIGHT_1 lux = 0.000000, timestamp = 1662722360225124 
04-04 22:27:46.056  1738  1806 I libPerfCtl: xgfGetFPS pid:2918 fps:-1
04-04 22:27:46.056  1709  1790 I HfLooper: moto_sensor LIGHT_SENSOR_LIGHT_1 lux = 0.000000, timestamp = 1662722470460508 
04-04 22:27:46.068  2025  2378 D ULogGuard: Monitoring: 18 threads, 0 requests, 0 time-bombs; 326 guards. ResetFlags = 0x7
04-04 22:27:46.167  1709  1790 I HfLooper: moto_sensor LIGHT_SENSOR_LIGHT_1 lux = 0.000000, timestamp = 1662722580897104 
04-04 22:27:46.275  1709  1790 I HfLooper: moto_sensor LIGHT_SENSOR_LIGHT_1 lux = 0.000000, timestamp = 1662722690516099 
04-04 22:27:46.298 25801  2212 W adbd    : timed out while waiting for FUNCTIONFS_BIND, trying again
04-04 22:27:46.299 25801  2212 I adbd    : UsbFfs: connection terminated: monitor thread finished
04-04 22:27:46.332 25801 25807 I adbd    : opening control endpoint /dev/usb-ffs/adb/ep0
04-04 22:27:46.335  1982  1982 W libc    : Access denied finding property "hwservicemanager.ready"
04-04 22:27:46.330  1982  1982 W binder:1982_2: type=1400 audit(0.0:3880763): avc:  denied  { read } for  name="u:object_r:hwservicemanager_prop:s0" dev="tmpfs" ino=256 scontext=u:r:lbs_dbg_ext:s0 tcontext=u:object_r:hwservicemanager_prop:s0 tclass=file permissive=0
04-04 22:27:46.386  1709  1790 I HfLooper: moto_sensor LIGHT_SENSOR_LIGHT_1 lux = 0.000000, timestamp = 1662722800715143 
04-04 22:27:46.498  1709  1790 I HfLooper: moto_sensor LIGHT_SENSOR_LIGHT_1 lux = 0.000000, timestamp = 1662722910700465 
04-04 22:27:46.606  1709  1790 I HfLooper: moto_sensor LIGHT_SENSOR_LIGHT_1 lux = 0.000000, timestamp = 1662723020716373 
04-04 22:27:46.717  1709  1790 I HfLooper: moto_sensor LIGHT_SENSOR_LIGHT_1 lux = 0.000000, timestamp = 1662723130244739 
04-04 22:27:46.758  1982  1982 W lbs_dbg_ext: Waited for hwservicemanager.ready for a second, waiting another...
04-04 22:27:46.759  1982  1982 W libc    : Access denied finding property "hwservicemanager.disabled"
04-04 22:27:46.754  1982  1982 W binder:1982_2: type=1400 audit(0.0:3880764): avc:  denied  { read } for  name="u:object_r:hwservicemanager_prop:s0" dev="tmpfs" ino=256 scontext=u:r:lbs_dbg_ext:s0 tcontext=u:object_r:hwservicemanager_prop:s0 tclass=file permissive=0
04-04 22:27:46.754  1982  1982 W binder:1982_2: type=1400 audit(0.0:3880765): avc:  denied  { read } for  name="u:object_r:hwservicemanager_prop:s0" dev="tmpfs" ino=256 scontext=u:r:lbs_dbg_ext:s0 tcontext=u:object_r:hwservicemanager_prop:s0 tclass=file permissive=0
04-04 22:27:46.760  1982  1982 W libc    : Access denied finding property "hwservicemanager.ready"
04-04 22:27:46.760  1982  1982 W libc    : Access denied finding property "hwservicemanager.ready"
04-04 22:27:46.758  1982  1982 W binder:1982_2: type=1400 audit(0.0:3880766): avc:  denied  { read } for  name="u:object_r:hwservicemanager_prop:s0" dev="tmpfs" ino=256 scontext=u:r:lbs_dbg_ext:s0 tcontext=u:object_r:hwservicemanager_prop:s0 tclass=file permissive=0
04-04 22:27:46.825  1709  1790 I HfLooper: moto_sensor LIGHT_SENSOR_LIGHT_1 lux = 0.000000, timestamp = 1662723240717320 
04-04 22:27:46.937  1709  1790 I HfLooper: moto_sensor LIGHT_SENSOR_LIGHT_1 lux = 0.000000, timestamp = 1662723350702801 
04-04 22:27:47.047  1709  1790 I HfLooper: moto_sensor LIGHT_SENSOR_LIGHT_1 lux = 0.000000, timestamp = 1662723460718820 
04-04 22:27:47.057  1738  1806 I libPerfCtl: xgfGetFPS pid:2918 fps:-1
04-04 22:27:47.157  1709  1790 I HfLooper: moto_sensor LIGHT_SENSOR_LIGHT_1 lux = 0.000000, timestamp = 1662723570703844 
04-04 22:27:47.265  1709  1790 I HfLooper: moto_sensor LIGHT_SENSOR_LIGHT_1 lux = 0.000000, timestamp = 1662723680719844 
04-04 22:27:47.338 25801  2215 W adbd    : timed out while waiting for FUNCTIONFS_BIND, trying again
04-04 22:27:47.339 25801  2215 I adbd    : UsbFfs: connection terminated: monitor thread finished
04-04 22:27:47.374  1709  1790 I HfLooper: moto_sensor LIGHT_SENSOR_LIGHT_1 lux = 0.000000, timestamp = 1662723790254301 
04-04 22:27:47.380 25801 25807 I adbd    : opening control endpoint /dev/usb-ffs/adb/ep0
04-04 22:27:47.383  1982  1982 W libc    : Access denied finding property "hwservicemanager.ready"
04-04 22:27:47.378  1982  1982 W binder:1982_2: type=1400 audit(0.0:3880767): avc:  denied  { read } for  name="u:object_r:hwservicemanager_prop:s0" dev="tmpfs" ino=256 scontext=u:r:lbs_dbg_ext:s0 tcontext=u:object_r:hwservicemanager_prop:s0 tclass=file permissive=0
04-04 22:27:47.485  1709  1790 I HfLooper: moto_sensor LIGHT_SENSOR_LIGHT_1 lux = 0.000000, timestamp = 1662723900721325 
04-04 22:27:47.597  1709  1790 I HfLooper: moto_sensor LIGHT_SENSOR_LIGHT_1 lux = 0.000000, timestamp = 1662724010706575 
04-04 22:27:47.708  1709  1790 I HfLooper: moto_sensor LIGHT_SENSOR_LIGHT_1 lux = 0.000000, timestamp = 1662724120722350 
04-04 22:27:47.761  1982  1982 W lbs_dbg_ext: Waited for hwservicemanager.ready for a second, waiting another...
04-04 22:27:47.762  1982  1982 W libc    : Access denied finding property "hwservicemanager.disabled"
04-04 22:27:47.762  1982  1982 W libc    : Access denied finding property "hwservicemanager.ready"
04-04 22:27:47.758  1982  1982 W binder:1982_2: type=1400 audit(0.0:3880768): avc:  denied  { read } for  name="u:object_r:hwservicemanager_prop:s0" dev="tmpfs" ino=256 scontext=u:r:lbs_dbg_ext:s0 tcontext=u:object_r:hwservicemanager_prop:s0 tclass=file permissive=0
04-04 22:27:47.758  1982  1982 W binder:1982_2: type=1400 audit(0.0:3880769): avc:  denied  { read } for  name="u:object_r:hwservicemanager_prop:s0" dev="tmpfs" ino=256 scontext=u:r:lbs_dbg_ext:s0 tcontext=u:object_r:hwservicemanager_prop:s0 tclass=file permissive=0
04-04 22:27:47.763  1982  1982 W libc    : Access denied finding property "hwservicemanager.ready"
04-04 22:27:47.758  1982  1982 W binder:1982_2: type=1400 audit(0.0:3880770): avc:  denied  { read } for  name="u:object_r:hwservicemanager_prop:s0" dev="tmpfs" ino=256 scontext=u:r:lbs_dbg_ext:s0 tcontext=u:object_r:hwservicemanager_prop:s0 tclass=file permissive=0
04-04 22:27:47.817  1709  1790 I HfLooper: moto_sensor LIGHT_SENSOR_LIGHT_1 lux = 0.000000, timestamp = 1662724230707873 
04-04 22:27:47.925  1709  1790 I HfLooper: moto_sensor LIGHT_SENSOR_LIGHT_1 lux = 0.000000, timestamp = 1662724340723566 
04-04 22:27:47.957  1959  2518 E md_thermal: interval=40 temp: 38700 37200 36200 36200
04-04 22:27:48.037  1709  1790 I HfLooper: moto_sensor LIGHT_SENSOR_LIGHT_1 lux = 0.000000, timestamp = 1662724450709037 
04-04 22:27:48.057  1738  1806 I libPerfCtl: xgfGetFPS pid:2918 fps:-1
04-04 22:27:48.072  1794  1794 I BufferQueueProducer: [StatusBar#95](this:0xb400007dbfc247b0,id:-1,api:0,p:-1,c:1794) queueBuffer: fps=0.33 dur=3011.10 max=3011.10 min=3011.10
04-04 22:27:48.074  1705  2206 I hwcomposer: [HWCDisplay] [Display_0 (type:1, mode:2)] fps:0.332094,dur:3011.20,max:3011.20,min:3011.20  
04-04 22:27:48.145  1709  1790 I HfLooper: moto_sensor LIGHT_SENSOR_LIGHT_1 lux = 0.000000, timestamp = 1662724560724787 
04-04 22:27:48.255  1709  1790 I HfLooper: moto_sensor LIGHT_SENSOR_LIGHT_1 lux = 0.000000, timestamp = 1662724670710027 
04-04 22:27:48.365  1709  1790 I HfLooper: moto_sensor LIGHT_SENSOR_LIGHT_1 lux = 0.000000, timestamp = 1662724780695523 
04-04 22:27:48.386 25801  2216 W adbd    : timed out while waiting for FUNCTIONFS_BIND, trying again
04-04 22:27:48.387 25801  2216 I adbd    : UsbFfs: connection terminated: monitor thread finished
04-04 22:27:48.432 25801 25807 I adbd    : opening control endpoint /dev/usb-ffs/adb/ep0
04-04 22:27:48.435  1982  1982 W libc    : Access denied finding property "hwservicemanager.ready"
04-04 22:27:48.430  1982  1982 W binder:1982_2: type=1400 audit(0.0:3880771): avc:  denied  { read } for  name="u:object_r:hwservicemanager_prop:s0" dev="tmpfs" ino=256 scontext=u:r:lbs_dbg_ext:s0 tcontext=u:object_r:hwservicemanager_prop:s0 tclass=file permissive=0
04-04 22:27:48.475  1709  1790 I HfLooper: moto_sensor LIGHT_SENSOR_LIGHT_1 lux = 0.000000, timestamp = 1662724890711431 
04-04 22:27:48.504 11930 11930 D WifiHAL : WifiRequest::create vendor command to iface 36, vendor_id=0x1a11, subcmd=0x0002, res=0
04-04 22:27:48.505 11930 11930 I WifiHAL : feature_set=0x8488341a
04-04 22:27:48.508  2313  2748 I HalDevMgr: bestIfaceCreationProposal is null, requestIface=STA, existingIface=[name=wlan0 type=STA]
04-04 22:27:48.510  2313  6875 I MotoStaCheckin: onWifiUsabilityStats, seqNum: 98582, isSameBssidAndFreq: true, RSSI: -53, isThroughputSufficient: true, LinkSpeed: 351 Mbps, RxLinkSpeed: 390 Mbps
04-04 22:27:48.510  2313  6875 I MotoStaCheckin: onWifiUsabilityStats, Duration: 1662724929, Rx Good: 4 ( PPS: 0 ), Tx Good: 3, Tx Bad: 0 ( 0 % ), Tx Retry: 0 ( 0 % ), NSS: 0, Bandwidth: 0
04-04 22:27:48.585  1709  1790 I HfLooper: moto_sensor LIGHT_SENSOR_LIGHT_1 lux = 0.000000, timestamp = 1662725000696714 
04-04 22:27:48.697  1709  1790 I HfLooper: moto_sensor LIGHT_SENSOR_LIGHT_1 lux = 0.000000, timestamp = 1662725110712710 
04-04 22:27:48.732  1709  1789 W AString : ctor got NULL, using empty string instead
04-04 22:27:48.733  1709  1789 I SensorSavedChannel: [-91,120,196,730,-7317,-5323]==>gyro_temp.json
04-04 22:27:48.733  1709  1789 W AString : ctor got NULL, using empty string instead
04-04 22:27:48.734  1709  1789 I SensorSavedChannel: [-2594,-2951,1814]==>gyro_bias.json
04-04 22:27:48.734  1709  1789 W SensorSavedChannel: [SOIS_H] dynamic calibration process: static cali data [345,4677], bias cali data [-2594,-2951]
04-04 22:27:48.765  1982  1982 W lbs_dbg_ext: Waited for hwservicemanager.ready for a second, waiting another...
04-04 22:27:48.766  1982  1982 W libc    : Access denied finding property "hwservicemanager.disabled"
04-04 22:27:48.766  1982  1982 W libc    : Access denied finding property "hwservicemanager.ready"
04-04 22:27:48.767  1982  1982 W libc    : Access denied finding property "hwservicemanager.ready"
04-04 22:27:48.762  1982  1982 W binder:1982_2: type=1400 audit(0.0:3880772): avc:  denied  { read } for  name="u:object_r:hwservicemanager_prop:s0" dev="tmpfs" ino=256 scontext=u:r:lbs_dbg_ext:s0 tcontext=u:object_r:hwservicemanager_prop:s0 tclass=file permissive=0
04-04 22:27:48.762  1982  1982 W binder:1982_2: type=1400 audit(0.0:3880773): avc:  denied  { read } for  name="u:object_r:hwservicemanager_prop:s0" dev="tmpfs" ino=256 scontext=u:r:lbs_dbg_ext:s0 tcontext=u:object_r:hwservicemanager_prop:s0 tclass=file permissive=0
04-04 22:27:48.762  1982  1982 W binder:1982_2: type=1400 audit(0.0:3880774): avc:  denied  { read } for  name="u:object_r:hwservicemanager_prop:s0" dev="tmpfs" ino=256 scontext=u:r:lbs_dbg_ext:s0 tcontext=u:object_r:hwservicemanager_prop:s0 tclass=file permissive=0
04-04 22:27:48.805  1709  1790 I HfLooper: moto_sensor LIGHT_SENSOR_LIGHT_1 lux = 0.000000, timestamp = 1662725220697950 
04-04 22:27:48.915  1709  1790 I HfLooper: moto_sensor LIGHT_SENSOR_LIGHT_1 lux = 0.000000, timestamp = 1662725330713955 
04-04 22:27:49.024  1709  1790 I HfLooper: moto_sensor LIGHT_SENSOR_LIGHT_1 lux = 0.000000, timestamp = 1662725440211925 
04-04 22:27:49.057  1738  1806 I libPerfCtl: xgfGetFPS pid:2918 fps:-1
04-04 22:27:49.072  2025  2378 D ULogGuard: Monitoring: 18 threads, 0 requests, 0 time-bombs; 326 guards. ResetFlags = 0x7
04-04 22:27:49.134  1709  1790 I HfLooper: moto_sensor LIGHT_SENSOR_LIGHT_1 lux = 0.000000, timestamp = 1662725550447233 
04-04 22:27:49.246  1709  1790 I HfLooper: moto_sensor LIGHT_SENSOR_LIGHT_1 lux = 0.000000, timestamp = 1662725660213474 
04-04 22:27:49.349  3041 25681 D IpClient/wlan0: addressUpdated: 2406:7400:bb:f58c:2451:afff:fe93:298d/64 on ifindex 36 flags 0x00000100 scope 0
04-04 22:27:49.350  3041 25681 D IpClient/wlan0: addressUpdated: 2406:7400:bb:f58c:d7d9:1149:e9cd:8741/64 on ifindex 36 flags 0x00000001 scope 0
04-04 22:27:49.350  3041 25681 W AlarmManager: Unrecognized alarm listener com.android.networkstack.android.net.ip.IpClientLinkObserver$Dhcp6PdPreferredPrefixAlarmListener@a73de76
04-04 22:27:49.353  3041 25681 D ApfFilter: (wlan0): Ignoring RA RA fe80::9ea2:f4ff:fead:c72b -> ff02::1 30s 2406:7400:bb:f58c::/64 300s/120s  which matches RA fe80::9ea2:f4ff:fead:c72b -> ff02::1 30s 2406:7400:bb:f58c::/64 300s/120s 
04-04 22:27:49.355  1709  1790 I HfLooper: moto_sensor LIGHT_SENSOR_LIGHT_1 lux = 0.000000, timestamp = 1662725770502714 
04-04 22:27:49.440 25801  2221 W adbd    : timed out while waiting for FUNCTIONFS_BIND, trying again
04-04 22:27:49.440 25801  2221 I adbd    : UsbFfs: connection terminated: monitor thread finished
04-04 22:27:49.466  1709  1790 I HfLooper: moto_sensor LIGHT_SENSOR_LIGHT_1 lux = 0.000000, timestamp = 1662725880701771 
04-04 22:27:49.493 25801 25807 I adbd    : opening control endpoint /dev/usb-ffs/adb/ep0
04-04 22:27:49.495  1982  1982 W libc    : Access denied finding property "hwservicemanager.ready"
04-04 22:27:49.490  1982  1982 W binder:1982_2: type=1400 audit(0.0:3880775): avc:  denied  { read } for  name="u:object_r:hwservicemanager_prop:s0" dev="tmpfs" ino=256 scontext=u:r:lbs_dbg_ext:s0 tcontext=u:object_r:hwservicemanager_prop:s0 tclass=file permissive=0
04-04 22:27:49.574  1709  1790 I HfLooper: moto_sensor LIGHT_SENSOR_LIGHT_1 lux = 0.000000, timestamp = 1662725990266589 
04-04 22:27:49.686  1709  1790 I HfLooper: moto_sensor LIGHT_SENSOR_LIGHT_1 lux = 0.000000, timestamp = 1662726100702897 
04-04 22:27:49.767  1982  1982 W lbs_dbg_ext: Waited for hwservicemanager.ready for a second, waiting another...
04-04 22:27:49.768  1982  1982 W libc    : Access denied finding property "hwservicemanager.disabled"
04-04 22:27:49.762  1982  1982 W binder:1982_2: type=1400 audit(0.0:3880776): avc:  denied  { read } for  name="u:object_r:hwservicemanager_prop:s0" dev="tmpfs" ino=256 scontext=u:r:lbs_dbg_ext:s0 tcontext=u:object_r:hwservicemanager_prop:s0 tclass=file permissive=0
04-04 22:27:49.766  1982  1982 W binder:1982_2: type=1400 audit(0.0:3880777): avc:  denied  { read } for  name="u:object_r:hwservicemanager_prop:s0" dev="tmpfs" ino=256 scontext=u:r:lbs_dbg_ext:s0 tcontext=u:object_r:hwservicemanager_prop:s0 tclass=file permissive=0
04-04 22:27:49.768  1982  1982 W libc    : Access denied finding property "hwservicemanager.ready"
04-04 22:27:49.769  1982  1982 W libc    : Access denied finding property "hwservicemanager.ready"
04-04 22:27:49.766  1982  1982 W binder:1982_2: type=1400 audit(0.0:3880778): avc:  denied  { read } for  name="u:object_r:hwservicemanager_prop:s0" dev="tmpfs" ino=256 scontext=u:r:lbs_dbg_ext:s0 tcontext=u:object_r:hwservicemanager_prop:s0 tclass=file permissive=0
04-04 22:27:49.795  1709  1790 I HfLooper: moto_sensor LIGHT_SENSOR_LIGHT_1 lux = 0.000000, timestamp = 1662726210718887 
04-04 22:27:49.905  1709  1790 I HfLooper: moto_sensor LIGHT_SENSOR_LIGHT_1 lux = 0.000000, timestamp = 1662726320704137 
04-04 22:27:50.017  1709  1790 I HfLooper: moto_sensor LIGHT_SENSOR_LIGHT_1 lux = 0.000000, timestamp = 1662726430720117 
04-04 22:27:50.058  1738  1806 I libPerfCtl: xgfGetFPS pid:2918 fps:-1
04-04 22:27:50.125  1709  1790 I HfLooper: moto_sensor LIGHT_SENSOR_LIGHT_1 lux = 0.000000, timestamp = 1662726540705348 
04-04 22:27:50.235  1709  1790 I HfLooper: moto_sensor LIGHT_SENSOR_LIGHT_1 lux = 0.000000, timestamp = 1662726650721355 
04-04 22:27:50.345  1709  1790 I HfLooper: moto_sensor LIGHT_SENSOR_LIGHT_1 lux = 0.000000, timestamp = 1662726760706571 
04-04 22:27:50.457  1709  1790 I HfLooper: moto_sensor LIGHT_SENSOR_LIGHT_1 lux = 0.000000, timestamp = 1662726870722561 
04-04 22:27:50.500 25801  2222 W adbd    : timed out while waiting for FUNCTIONFS_BIND, trying again
04-04 22:27:50.500 25801  2222 I adbd    : UsbFfs: connection terminated: monitor thread finished
04-04 22:27:50.556 25801 25807 I adbd    : opening control endpoint /dev/usb-ffs/adb/ep0
04-04 22:27:50.560  1982  1982 W libc    : Access denied finding property "hwservicemanager.ready"
04-04 22:27:50.558  1982  1982 W binder:1982_2: type=1400 audit(0.0:3880779): avc:  denied  { read } for  name="u:object_r:hwservicemanager_prop:s0" dev="tmpfs" ino=256 scontext=u:r:lbs_dbg_ext:s0 tcontext=u:object_r:hwservicemanager_prop:s0 tclass=file permissive=0
04-04 22:27:50.565  1709  1790 I HfLooper: moto_sensor LIGHT_SENSOR_LIGHT_1 lux = 0.000000, timestamp = 1662726980707802 
04-04 22:27:50.675  1709  1790 I HfLooper: moto_sensor LIGHT_SENSOR_LIGHT_1 lux = 0.000000, timestamp = 1662727090723821 
04-04 22:27:50.769  1982  1982 W lbs_dbg_ext: Waited for hwservicemanager.ready for a second, waiting another...
04-04 22:27:50.769  1982  1982 W libc    : Access denied finding property "hwservicemanager.disabled"
04-04 22:27:50.770  1982  1982 W libc    : Access denied finding property "hwservicemanager.ready"
04-04 22:27:50.770  1982  1982 W libc    : Access denied finding property "hwservicemanager.ready"
04-04 22:27:50.766  1982  1982 W binder:1982_2: type=1400 audit(0.0:3880780): avc:  denied  { read } for  name="u:object_r:hwservicemanager_prop:s0" dev="tmpfs" ino=256 scontext=u:r:lbs_dbg_ext:s0 tcontext=u:object_r:hwservicemanager_prop:s0 tclass=file permissive=0
04-04 22:27:50.766  1982  1982 W binder:1982_2: type=1400 audit(0.0:3880781): avc:  denied  { read } for  name="u:object_r:hwservicemanager_prop:s0" dev="tmpfs" ino=256 scontext=u:r:lbs_dbg_ext:s0 tcontext=u:object_r:hwservicemanager_prop:s0 tclass=file permissive=0
