04-04 22:37:48.787 V/WindowManagerShell( 2918): Transition requested (#35064): android.os.BinderProxy@51b1cd8 TransitionRequestInfo { type = OPEN, triggerTask = TaskInfo{userId=0 taskId=10013 effectiveUid=10806 displayId=0 isRunning=true baseIntent=Intent { act=android.intent.action.MAIN cat=[android.intent.category.LAUNCHER] flg=0x10200000 cmp=me.vishok.locent/.MainActivity } baseActivity=ComponentInfo{me.vishok.locent/me.vishok.locent.MainActivity} topActivity=ComponentInfo{me.vishok.locent/me.vishok.locent.MainActivity} origActivity=null realActivity=ComponentInfo{me.vishok.locent/me.vishok.locent.MainActivity} numActivities=1 lastActiveTime=1663325194 supportsMultiWindow=true supportsGlobalFreeform=true resizeMode=1 isResizeable=true isAppLocked=false isShowDecorCaptionWindowRequest=false canKillAndRestart=true minWidth=-1 minHeight=-1 defaultMinSize=200 token=WCT{android.window.IWindowContainerToken$Stub$Proxy@6654831} topActivityType=1 pictureInPictureParams=null shouldDockBigOverlays=false launchIntoPipHostTaskId=-1 lastParentTaskIdBeforePip=-1 displayCutoutSafeInsets=Rect(0, 128 - 0, 0) topActivityInfo=ActivityInfo{c04db16 me.vishok.locent.MainActivity} launchCookies=[] positionInParent=Point(0, 0) parentTaskId=-1 isFocused=false isVisible=false isVisibleRequested=false isTopActivityNoDisplay=false isSleeping=false locusId=null displayAreaFeatureId=1 isTopActivityTransparent=false isActivityStackTransparent=false lastNonFullscreenBounds=Rect(315, 776 - 906, 1996) capturedLink=null capturedLinkTimestamp=0 requestedVisibleTypes=-9 topActivityRequestOpenInBrowserEducationTimestamp=0 appCompatTaskInfo=AppCompatTaskInfo { topActivityInSizeCompat=false eligibleForLetterboxEducation= false isLetterboxEducationEnabled= false isLetterboxDoubleTapEnabled= false eligibleForUserAspectRatioButton= false topActivityBoundsLetterboxed= false isFromLetterboxDoubleTap= false topActivityLetterboxVerticalPosition= -1 topActivityLetterboxHorizontalPosition= -1 topActivityLetterboxWidth=-1 topActivityLetterboxHeight=-1 topActivityAppBounds=Rect(0, 0 - 1220, 2712) isUserFullscreenOverrideEnabled=false isSystemFullscreenOverrideEnabled=false hasMinAspectRatioOverride=false topActivityLetterboxBounds=null cameraCompatTaskInfo=CameraCompatTaskInfo { freeformCameraCompatMode=inactive}} topActivityMainWindowFrame=null}, pipChange = null, remoteTransition = null, displayChange = null, flags = 0, debugId = 35064 }
04-04 22:37:48.805 I/TopTaskTracker(12940): onTaskMovedToFront: (moved taskInfo to front) taskId=10013, baseIntent=Intent { act=android.intent.action.MAIN cat=[android.intent.category.LAUNCHER] flg=0x10200000 cmp=me.vishok.locent/.MainActivity }
04-04 22:37:48.811 D/BLASTBufferQueue( 2918): [VRI[locent]#48710](f:0,a:0) constructor()
04-04 22:37:48.811 D/BLASTBufferQueue( 2918): [VRI[locent]#48710](f:0,a:0) update width=1220 height=2712 format=-3 mTransformHint=0
04-04 22:37:48.818 D/BLASTBufferQueue( 2918): [VRI[locent]#48710](f:0,a:1) acquireNextBufferLocked size=1220x2712 mFrameNumber=1 applyTransaction=true mTimestamp=743394474459001(auto) mPendingTransactions.size=0 graphicBufferId=12532714996701 transform=0
04-04 22:37:48.822 V/WindowManager( 2313): Sent Transition (#35064) createdAt=04-04 22:37:48.770 via request=TransitionRequestInfo { type = OPEN, triggerTask = TaskInfo{userId=0 taskId=10013 effectiveUid=10806 displayId=0 isRunning=true baseIntent=Intent { act=android.intent.action.MAIN cat=[android.intent.category.LAUNCHER] flg=0x10200000 cmp=me.vishok.locent/.MainActivity } baseActivity=ComponentInfo{me.vishok.locent/me.vishok.locent.MainActivity} topActivity=ComponentInfo{me.vishok.locent/me.vishok.locent.MainActivity} origActivity=null realActivity=ComponentInfo{me.vishok.locent/me.vishok.locent.MainActivity} numActivities=1 lastActiveTime=1663325194 supportsMultiWindow=true supportsGlobalFreeform=true resizeMode=1 isResizeable=true isAppLocked=false isShowDecorCaptionWindowRequest=false canKillAndRestart=true minWidth=-1 minHeight=-1 defaultMinSize=200 token=WCT{RemoteToken{248a9d1 Task{bea8157 #10013 type=standard A=10806:me.vishok.locent}}} topActivityType=1 pictureInPictureParams=null shouldDockBigOverlays=false launchIntoPipHostTaskId=-1 lastParentTaskIdBeforePip=-1 displayCutoutSafeInsets=Rect(0, 128 - 0, 0) topActivityInfo=ActivityInfo{5542c36 me.vishok.locent.MainActivity} launchCookies=[] positionInParent=Point(0, 0) parentTaskId=-1 isFocused=false isVisible=false isVisibleRequested=false isTopActivityNoDisplay=false isSleeping=false locusId=null displayAreaFeatureId=1 isTopActivityTransparent=false isActivityStackTransparent=false lastNonFullscreenBounds=Rect(315, 776 - 906, 1996) capturedLink=null capturedLinkTimestamp=0 requestedVisibleTypes=-9 topActivityRequestOpenInBrowserEducationTimestamp=0 appCompatTaskInfo=AppCompatTaskInfo { topActivityInSizeCompat=false eligibleForLetterboxEducation= false isLetterboxEducationEnabled= false isLetterboxDoubleTapEnabled= false eligibleForUserAspectRatioButton= false topActivityBoundsLetterboxed= false isFromLetterboxDoubleTap= false topActivityLetterboxVerticalPosition= -1 topActivityLetterboxHorizontalPosition= -1 topActivityLetterboxWidth=-1 topActivityLetterboxHeight=-1 topActivityAppBounds=Rect(0, 0 - 1220, 2712) isUserFullscreenOverrideEnabled=false isSystemFullscreenOverrideEnabled=false hasMinAspectRatioOverride=false topActivityLetterboxBounds=null cameraCompatTaskInfo=CameraCompatTaskInfo { freeformCameraCompatMode=inactive}} topActivityMainWindowFrame=null}, pipChange = null, remoteTransition = null, displayChange = null, flags = 0, debugId = 35064 }
04-04 22:37:48.822 V/WindowManager( 2313):         {WCT{RemoteToken{248a9d1 Task{bea8157 #10013 type=standard A=10806:me.vishok.locent}}} m=OPEN f=NONE pTaskId=-1 leash=Surface(name=Task=10013)/@0x68bc444 sb=Rect(0, 0 - 1220, 2712) eb=Rect(0, 0 - 1220, 2712) epz=Point(1220, 2712) d=0 taskParent=-1},
04-04 22:37:48.828 I/ActivityManager( 2313): Start proc 6502:me.vishok.locent/u0a806 for next-top-activity {me.vishok.locent/me.vishok.locent.MainActivity}
04-04 22:37:48.840 I/e.vishok.locent( 6502): Late-enabling -Xcheck:jni
04-04 22:37:48.846 I/PowerHalWrapper( 2313): amsBoostProcessCreate package:me.vishok.locent 
04-04 22:37:48.881 I/e.vishok.locent( 6502): Using CollectorTypeCMC GC.
04-04 22:37:48.916 I/AppsFilter( 2313): interaction: PackageSetting{dfad988 me.vishok.locent/10806} -> PackageSetting{453c440 com.motorola.smartfeed/10405} BLOCKED
04-04 22:37:48.919 I/PowerHalWrapper( 2313): amsBoostNotify pid:6502,activity:me.vishok.locent.MainActivity, package:me.vishok.locent, mProcessCreatePackme.vishok.locent 
04-04 22:37:48.923 I/ScnModule( 2313): [GameDetection] requestedPermissions1/1:: me.vishok.locent:: [android.permission.ACCESS_COARSE_LOCATION, android.permission.ACCESS_FINE_LOCATION, android.permission.INTERNET, android.permission.POST_NOTIFICATIONS, android.permission.ACCESS_NETWORK_STATE, me.vishok.locent.DYNAMIC_RECEIVER_NOT_EXPORTED_PERMISSION] 
04-04 22:37:48.923 I/ScnModule( 2313): [GameDetection] numOfPermissiom:: me.vishok.locent:: 6 
04-04 22:37:48.923 D/MAC/ActionCoreApplicationMC(17245): onTopResumedActivityChange()-->packageName=me.vishok.locent,isTop=true
04-04 22:37:48.923 I/ScnModule( 2313): [GameDetection] inputPermissions:: me.vishok.locent:: [0.0, 0.0, 0.0, 0.0, 0.0, 0.0, 0.0, 0.0, 0.0, 0.0, 0.0, 0.0, 0.0, 0.0, 1.0, 0.0, 0.0, 1.0, 0.0, 0.0, 0.0, 0.0, 0.0, 0.0, 0.0, 1.0, 0.0, 0.0, 0.0, 0.0, 0.0, 0.0, 0.0, 0.0, 0.0, 0.0, 0.0, 0.0, 0.0, 0.0, 0.0, 1.0, 0.0, 0.0, 0.0, 0.0, 0.0, 0.0, 0.0, 0.0, 0.0, 0.0, 0.0, 0.0, 0.0, 0.0, 0.0, 0.0, 0.0, 0.0, 0.0, 0.0, 0.0, 0.0, 0.0, 0.0, 0.0, 0.0, 0.0, 0.0, 0.0, 0.0, 0.0, 0.0, 0.0, 0.0, 0.0, 0.0, 0.0, 0.0, 0.0, 0.0, 0.0, 0.0, 0.0, 0.0, 0.0, 0.0, 0.0, 0.0, 0.0, 0.0, 0.0, 0.0, 0.0, 0.0, 0.0, 0.0, 0.0, 0.0, 0.0, 0.0, 0.0, 0.0, 0.0, 0.0, 0.0, 0.0, 0.0, 0.0, 0.0, 0.0, 0.0, 0.0, 0.0, 0.0, 0.0, 0.0, 0.0, 0.0, 0.0, 0.0, 0.0, 0.0, 0.0, 0.0, 0.0, 0.0, 0.0, 0.0, 0.0, 0.0, 0.0, 0.0, 0.0, 0.0, 0.0, 0.0, 0.0, 0.0, 0.0, 0.0, 0.0, 0.0, 0.0, 0.0, 0.0, 0.0, 0.0, 0.0, 0.0, 0.0, 0.0, 0.0, 0.0, 0.0, 0.0, 0.0, 0.0, 0.0, 0.0, 0.0, 0.0, 0.0, 0.0, 0.0, 0.0, 0.0, 0.0, 0.0, 0.0, 0.0, 0.0, 0.0, 0.0, 0.0, 0.0, 0.0, 0.0, 0.0, 0.0, 0.0, 0.0, 0.0, 0.0, 0.0, 0.0, 0.0, 0.0, 0.0, 0.0, 0.0, 0.0, 0.0, 0.0, 0.0, 0.0, 0.0, 0.0, 0.0] 
04-04 22:37:48.923 I/ScnModule( 2313): [GameDetection] inputGameFeature:: me.vishok.locent:: [-1.4682515, 0.0, 0.0, 0.0] 
04-04 22:37:48.923 I/ScnModule( 2313): [GameDetection] GamePredictor:: me.vishok.locent:: nonGame:9.1961,isGame:-10.2263 
04-04 22:37:48.923 I/mtkpower_client( 2313): [PowerHal_Wrap_notifyAppState] me.vishok.locent/me.vishok.locent.MainActivity pid=6502 activityId:48486040 state:1
04-04 22:37:48.925 I/ModeMonitor( 2313): TOP: Uid:10806, Name:me.vishok.locent, Top:true , App is top:true
04-04 22:37:48.930 I/vendor.mediatek.hardware.mtkpower_applist-service.mediatek( 1738): packName: me.vishok.locent actName: me.vishok.locent.MainActivity pid: 6502 uid: 10806 state: 1
04-04 22:37:48.930 I/MTK_APPList( 1738): [notifyAPPstate] me.vishok.locent/me.vishok.locent.MainActivity, pid=6502, uid=10806, state:RESUMED, fps:-1, win:0
04-04 22:37:48.930 I/MTK_APPList( 1738): [notifyAPPstate] multi_resumed_app_info[1] me.vishok.locent/me.vishok.locent.MainActivity, pid:6502, fps:-1, isMultiWindow:0
04-04 22:37:48.930 I/MTK_APPList( 1738): [notifyAPPstate] foreground:me.vishok.locent, pid:6502, uid:10806
04-04 22:37:48.939 I/MTK_APPList( 1738): [notifyAPPstate] pc:0, com.motorola.launcher3 => me.vishok.locent
04-04 22:37:48.976 D/GameMode(28476): onStartedActivityChange: componnent: ComponentInfo{me.vishok.locent/me.vishok.locent.MainActivity} entered launcher screen? true
04-04 22:37:49.387 D/nativeloader( 6502): Configuring clns-9 for other apk /data/app/~~GR-0-XsR-0SD9ogLb1zB3Q==/me.vishok.locent-QhoxRE7XArVkL6Fv4-gr7Q==/base.apk. target_sdk_version=36, uses_libraries=, library_path=/data/app/~~GR-0-XsR-0SD9ogLb1zB3Q==/me.vishok.locent-QhoxRE7XArVkL6Fv4-gr7Q==/lib/arm64:/data/app/~~GR-0-XsR-0SD9ogLb1zB3Q==/me.vishok.locent-QhoxRE7XArVkL6Fv4-gr7Q==/base.apk!/lib/arm64-v8a, permitted_path=/data:/mnt/expand:/data/user/0/me.vishok.locent
04-04 22:37:49.396 V/GraphicsEnvironment( 6502): me.vishok.locent is not listed in per-application setting
04-04 22:37:49.397 V/GraphicsEnvironment( 6502): me.vishok.locent is not listed in ANGLE allowlist or settings, returning default
04-04 22:37:49.426 D/libMEOW ( 6502): applied 1 plugins for [me.vishok.locent]:
04-04 22:37:49.550 D/CoreBackPreview( 2313): Window{ab7eb1d u0 me.vishok.locent/me.vishok.locent.MainActivity}: Setting back callback OnBackInvokedCallbackInfo{mCallback=android.window.IOnBackInvokedCallback$Stub$Proxy@1dac4de, mPriority=-1, mIsAnimationCallback=false, mOverrideBehavior=0}
04-04 22:37:49.693 I/e.vishok.locent( 6502): hiddenapi: Accessing hidden method Landroid/os/SystemProperties;->addChangeCallback(Ljava/lang/Runnable;)V (runtime_flags=0, domain=platform, api=unsupported) from Landroidx/compose/ui/platform/AndroidComposeView$Companion; (domain=app, TargetSdkVersion=36) using reflection: allowed
04-04 22:37:49.863 I/e.vishok.locent( 6502): Compiler allocated 5405KB to compile void android.view.ViewRootImpl.performTraversals()
04-04 22:37:49.994 W/e.vishok.locent( 6502): ClassLoaderContext classpath size mismatch. expected=1, found=0 (DLC[];PCL[base.apk*3532740154]{PCL[/system/framework/org.apache.http.legacy.jar*4247870504]#PCL[/system/framework/com.android.location.provider.jar*1570284764]#PCL[/system/framework/com.android.media.remotedisplay.jar*487574312]#PCL[/system_ext/framework/com.android.extensions.appfunctions.jar*2880224042]#PCL[/system_ext/framework/androidx.window.extensions.jar*3319845491]#PCL[/system_ext/framework/androidx.window.sidecar.jar*879035739]} | DLC[];PCL[])
04-04 22:37:50.021 I/e.vishok.locent( 6502): hiddenapi: Accessing hidden method Ldalvik/system/VMStack;->getStackClass2()Ljava/lang/Class; (runtime_flags=0, domain=core-platform, api=unsupported) from Lm140/gwg; (domain=app, TargetSdkVersion=36) using reflection: allowed
04-04 22:37:50.055 I/PhenotypeResourceReader(12161): unable to find any Phenotype resource metadata for me.vishok.locent
04-04 22:37:50.072 I/PhenotypeResourceReader(12161): unable to find any Phenotype resource metadata for me.vishok.locent
04-04 22:37:50.076 I/PhenotypeResourceReader(12161): unable to find any Phenotype resource metadata for me.vishok.locent
04-04 22:37:50.325 D/libMEOW ( 6502): applied 1 plugins for [me.vishok.locent]:
04-04 22:37:50.357 I/AppsFilter( 2313): interaction: PackageSetting{dfad988 me.vishok.locent/10806} -> PackageSetting{b9325fa com.motorola.actioncore/10290} BLOCKED
04-04 22:37:50.357 I/AppsFilter( 2313): interaction: PackageSetting{dfad988 me.vishok.locent/10806} -> PackageSetting{c9587ab com.google.android.accessibility.switchaccess/10275} BLOCKED
04-04 22:37:50.405 D/ConnectivityService( 2313): requestNetwork for uid/pid:10806/6502 activeRequest: null callbackRequest: 149211 [NetworkRequest [ REQUEST id=149212, [ Capabilities: INTERNET&NOT_RESTRICTED&TRUSTED&NOT_VCN_MANAGED&NOT_BANDWIDTH_CONSTRAINED Uid: 10806 RequestorUid: 10806 RequestorPkg: me.vishok.locent UnderlyingNetworks: Null] ]] callback flags: 0 order: 2147483647 isUidTracked: false declaredMethods: AVAIL|LOST
04-04 22:37:50.409 D/WifiNetworkFactory( 2313): got request NetworkRequest [ REQUEST id=149212, [ Capabilities: INTERNET&NOT_RESTRICTED&TRUSTED&NOT_VCN_MANAGED&NOT_BANDWIDTH_CONSTRAINED Uid: 10806 RequestorUid: 10806 RequestorPkg: me.vishok.locent UnderlyingNetworks: Null] ]
04-04 22:37:50.409 D/UntrustedWifiNetworkFactory( 2313): got request NetworkRequest [ REQUEST id=149212, [ Capabilities: INTERNET&NOT_RESTRICTED&TRUSTED&NOT_VCN_MANAGED&NOT_BANDWIDTH_CONSTRAINED Uid: 10806 RequestorUid: 10806 RequestorPkg: me.vishok.locent UnderlyingNetworks: Null] ]
04-04 22:37:50.410 D/OemPaidWifiNetworkFactory( 2313): got request NetworkRequest [ REQUEST id=149212, [ Capabilities: INTERNET&NOT_RESTRICTED&TRUSTED&NOT_VCN_MANAGED&NOT_BANDWIDTH_CONSTRAINED Uid: 10806 RequestorUid: 10806 RequestorPkg: me.vishok.locent UnderlyingNetworks: Null] ]
04-04 22:37:50.410 D/MultiInternetWifiNetworkFactory( 2313): got request NetworkRequest [ REQUEST id=149212, [ Capabilities: INTERNET&NOT_RESTRICTED&TRUSTED&NOT_VCN_MANAGED&NOT_BANDWIDTH_CONSTRAINED Uid: 10806 RequestorUid: 10806 RequestorPkg: me.vishok.locent UnderlyingNetworks: Null] ]
04-04 22:37:50.476 D/SurfaceComposerClient( 2313): Transaction::apply InputWindowCommands.focusRequests timestamp=743396130349078, windowName=ab7eb1d me.vishok.locent/me.vishok.locent.MainActivity
04-04 22:37:50.476 E/e.vishok.locent( 6502): [perfctl] 6502 6502 FPSGO ver:7
04-04 22:37:50.476 E/e.vishok.locent( 6502): [perfctl] 1 1 1 0
04-04 22:37:50.483 I/mali_platform_hal( 1714): useCompressionGles pid=6502, procName=me.vishok.locent, 0
04-04 22:37:50.491 D/SurfaceFlinger( 1794): updateWinowInfo=1, setFocusedWindow timestamp=743396130349078, windowName=ab7eb1d me.vishok.locent/me.vishok.locent.MainActivity
04-04 22:37:50.522 D/libMEOW ( 6502): applied 1 plugins for [me.vishok.locent]:
04-04 22:37:50.561 I/ActivityTaskManager( 2313): Displayed me.vishok.locent/.MainActivity for user 0: +1s792ms
04-04 22:37:50.569 D/BLASTBufferQueue( 2918): [VRI[locent]#48710](f:0,a:1) destructor()
04-04 22:37:50.569 D/BufferQueueConsumer( 2918): [Splash Screen me.vishok.locent#502383(BLAST Consumer)pid:2918](id:b660000c262,api:0,p:-1,c:2918) disconnect
04-04 22:37:50.582 I/PowerHalWrapper( 2313): amsBoostNotify pid:12940,activity:com.android.launcher3.CustomizationPanelLauncher, package:com.motorola.launcher3, mProcessCreatePackme.vishok.locent 
04-04 22:37:50.585 I/MTK_APPList( 1738): [notifyAPPstate] multi_resumed_app_info[1] me.vishok.locent/me.vishok.locent.MainActivity, pid:6502, fps:-1, isMultiWindow:0
04-04 22:37:50.637 I/ImeTracker( 2313): me.vishok.locent:c05b08d: onRequestHide at ORIGIN_SERVER reason HIDE_UNSPECIFIED_WINDOW fromUser false
04-04 22:37:50.648 I/GoogleInputMethodService(29000): GoogleInputMethodService.onStartInput():1434 onStartInput(EditorInfo{EditorInfo{packageName=me.vishok.locent, inputType=0, inputTypeString=NULL, enableLearning=false, autoCorrection=false, autoComplete=false, imeOptions=0, privateImeOptions=null, actionName=UNSPECIFIED, actionLabel=null, initialSelStart=-1, initialSelEnd=-1, initialCapsMode=0, label=null, fieldId=0, fieldName=null, extras=null, hintText=null, hintLocales=[]}}, false)
04-04 22:37:50.649 W/PackageConfigPersister( 2313): App-specific configuration not found for packageName: me.vishok.locent and userId: 0
04-04 22:37:50.700 I/ImeTracker( 6502): me.vishok.locent:c05b08d: onCancelled at PHASE_CLIENT_ALREADY_HIDDEN
04-04 22:37:50.730 W/MotoBatteryCareService( 2313): uid: 10806 pkgName:me.vishok.locent come to foreground
04-04 22:37:50.755 I/SurfaceFlinger( 1794): onHandleDestroyed: layerId=502383, name=Splash Screen me.vishok.locent#502383
04-04 22:37:50.755 I/SurfaceFlinger( 1794): onHandleDestroyed: layerId=502393, name=Surface(name=e03a7e3 Splash Screen me.vishok.locent)/@0xe3edf3f - animation-leash of window_animation#502393
04-04 22:37:50.755 I/SurfaceFlinger( 1794): onHandleDestroyed: layerId=502382, name=e03a7e3 Splash Screen me.vishok.locent#502382
04-04 22:37:50.937 I/SurfaceFlinger( 1794): onHandleDestroyed: layerId=502079, name=ActivityRecord{129623127 u0 me.vishok.locent/io.appwrite.views.CallbackActivity#502079
04-04 22:37:50.937 I/SurfaceFlinger( 1794): onHandleDestroyed: layerId=502024, name=ActivityRecord{133763432 u0 me.vishok.locent/.MainActivity#502024
04-04 22:37:50.940 I/SurfaceFlinger( 1794): onHandleDestroyed: layerId=502174, name=Surface(name=39e9bd me.vishok.locent/me.vishok.locent.MainActivity)/@0x5d2a703 - animation-leash of starting_reveal#502174
04-04 22:37:50.942 I/SurfaceFlinger( 1794): onHandleDestroyed: layerId=502239, name=Surface(name=39e9bd me.vishok.locent/me.vishok.locent.MainActivity)/@0x5d2a703 - animation-leash of starting_reveal#502239
04-04 22:37:50.949 I/SurfaceFlinger( 1794): onHandleDestroyed: layerId=502296, name=Surface(name=39e9bd me.vishok.locent/me.vishok.locent.MainActivity)/@0x5d2a703 - animation-leash of starting_reveal#502296
04-04 22:37:50.954 I/SurfaceFlinger( 1794): onHandleDestroyed: layerId=502353, name=Surface(name=39e9bd me.vishok.locent/me.vishok.locent.MainActivity)/@0x5d2a703 - animation-leash of starting_reveal#502353
04-04 22:37:50.965 I/SurfaceFlinger( 1794): onHandleDestroyed: layerId=502392, name=Surface(name=ab7eb1d me.vishok.locent/me.vishok.locent.MainActivity)/@0xf14f763 - animation-leash of starting_reveal#502392
04-04 22:37:51.282 I/e.vishok.locent( 6502): Compiler allocated 5705KB to compile void m140.esk.o()
04-04 22:37:51.526 W/e.vishok.locent( 6502): userfaultfd: MOVE ioctl seems unsupported: Try again
04-04 22:37:51.587 I/BufferQueueProducer( 1794): [me.vishok.locent/me.vishok.locent.MainActivity#502389](this:0xb400007dbfcc11a0,id:-1,api:0,p:-1,c:1794) queueBuffer: fps=35.25 dur=1021.19 max=88.81 min=11.44
04-04 22:37:51.637 I/e.vishok.locent( 6502): Compiler allocated 4444KB to compile void m140.efl.c(m140.dlg, m140.eed, m140.egg, m140.end, boolean)
04-04 22:37:51.915 I/e.vishok.locent( 6502): Compiler allocated 4150KB to compile m140.eow m140.epa.l(m140.bbf, m140.ilq, m140.eoo, byte[], boolean, m140.cfe, m140.dfl, java.lang.Iterable)
04-04 22:37:52.032 I/e.vishok.locent( 6502): Compiler allocated 6644KB to compile void m140.ekm.W(m140.epa, m140.fiw, android.content.res.Resources, m140.emr, m140.exp, boolean, m140.dkr, java.util.Map, boolean, boolean, boolean, boolean, boolean)
04-04 22:37:52.095 W/e.vishok.locent( 6502): ClassLoaderContext classpath element checksum mismatch. expected=3532740154, found=1765437091 (DLC[];PCL[base.apk*3532740154]{PCL[/system/framework/org.apache.http.legacy.jar*4247870504]#PCL[/system/framework/com.android.location.provider.jar*1570284764]#PCL[/system/framework/com.android.media.remotedisplay.jar*487574312]#PCL[/system_ext/framework/com.android.extensions.appfunctions.jar*2880224042]#PCL[/system_ext/framework/androidx.window.extensions.jar*3319845491]#PCL[/system_ext/framework/androidx.window.sidecar.jar*879035739]} | DLC[];PCL[/data/app/~~GR-0-XsR-0SD9ogLb1zB3Q==/me.vishok.locent-QhoxRE7XArVkL6Fv4-gr7Q==/base.apk*1765437091]{PCL[/system_ext/framework/androidx.window.extensions.jar*3319845491]#PCL[/system_ext/framework/androidx.window.sidecar.jar*879035739]})
04-04 22:37:54.282 D/CoreBackPreview( 2313): startBackNavigation currentTask=Task{bea8157 #10013 type=standard A=10806:me.vishok.locent}, topRunningActivity=ActivityRecord{48486040 u0 me.vishok.locent/.MainActivity t10013}, callbackInfo=OnBackInvokedCallbackInfo{mCallback=android.window.IOnBackInvokedCallback$Stub$Proxy@1dac4de, mPriority=-1, mIsAnimationCallback=false, mOverrideBehavior=0}, currentFocus=Window{ab7eb1d u0 me.vishok.locent/me.vishok.locent.MainActivity}
04-04 22:37:54.282 D/CoreBackPreview( 2313): Previous Destination is Activity:ComponentInfo{com.motorola.launcher3/com.android.launcher3.uioverrides.QuickstepLauncher} Task:Task=1 removedContainer:Task{bea8157 #10013 type=standard A=10806:me.vishok.locent}, backType=TYPE_RETURN_TO_HOME
04-04 22:37:54.318 V/WindowManager( 2313):         {WCT{RemoteToken{248a9d1 Task{bea8157 #10013 type=standard A=10806:me.vishok.locent}}} m=CHANGE f=FLAG_BACK_GESTURE_ANIMATED pTaskId=-1 leash=Surface(name=Task=10013)/@0x68bc444 sb=Rect(0, 0 - 1220, 2712) eb=Rect(0, 0 - 1220, 2712) epz=Point(1220, 2712) d=0 taskParent=-1},
04-04 22:37:54.397 D/CoreBackPreview( 2313): onTransactionReady, opening: [], closing: [Task{4cf75 #1 type=undefined}], animating: AnimationTargets{ openTarget= {Task{4cf75 #1 type=undefined}} closeTarget= Task{bea8157 #10013 type=standard A=10806:me.vishok.locent} mSwitchType= 1 mComposed= true mWaitTransition= false}, match: false
04-04 22:37:55.394 D/ProfileInstaller( 6502): Installing profile for me.vishok.locent
04-04 22:37:55.876 I/BufferQueueProducer( 1794): [me.vishok.locent/me.vishok.locent.MainActivity#502389](this:0xb400007dbfcc11a0,id:-1,api:0,p:-1,c:1794) queueBuffer: fps=6.06 dur=4289.44 max=3511.80 min=22.02
04-04 22:37:55.955 D/CoreBackPreview( 2313): Window{6ef14b5 u0 me.vishok.locent/me.vishok.locent.MainActivity}: Setting back callback OnBackInvokedCallbackInfo{mCallback=android.window.IOnBackInvokedCallback$Stub$Proxy@3a256d, mPriority=-1, mIsAnimationCallback=false, mOverrideBehavior=0}
04-04 22:37:55.955 D/CoreBackPreview( 2313): Window{6ef14b5 u0 me.vishok.locent/me.vishok.locent.MainActivity}: Setting back callback OnBackInvokedCallbackInfo{mCallback=android.window.IOnBackInvokedCallback$Stub$Proxy@f7755a2, mPriority=0, mIsAnimationCallback=true, mOverrideBehavior=0}
04-04 22:37:55.999 D/SurfaceComposerClient( 2313): Transaction::apply InputWindowCommands.focusRequests timestamp=743401649737694, windowName=6ef14b5 me.vishok.locent/me.vishok.locent.MainActivity
04-04 22:37:56.011 D/SurfaceFlinger( 1794): updateWinowInfo=1, setFocusedWindow timestamp=743401649737694, windowName=6ef14b5 me.vishok.locent/me.vishok.locent.MainActivity
04-04 22:37:56.063 I/ImeTracker( 2313): me.vishok.locent:d8f09071: onRequestHide at ORIGIN_SERVER reason HIDE_UNSPECIFIED_WINDOW fromUser false
04-04 22:37:56.064 I/ImeTracker( 6502): me.vishok.locent:d8f09071: onCancelled at PHASE_CLIENT_ALREADY_HIDDEN
04-04 22:37:56.067 I/GoogleInputMethodService(29000): GoogleInputMethodService.onStartInput():1434 onStartInput(EditorInfo{EditorInfo{packageName=me.vishok.locent, inputType=0, inputTypeString=NULL, enableLearning=false, autoCorrection=false, autoComplete=false, imeOptions=0, privateImeOptions=null, actionName=UNSPECIFIED, actionLabel=null, initialSelStart=-1, initialSelEnd=-1, initialCapsMode=0, label=null, fieldId=0, fieldName=null, extras=null, hintText=null, hintLocales=[]}}, false)
04-04 22:37:56.068 W/PackageConfigPersister( 2313): App-specific configuration not found for packageName: me.vishok.locent and userId: 0
04-04 22:37:56.265 I/SurfaceFlinger( 1794): onHandleDestroyed: layerId=502406, name=Surface(name=6ef14b5 me.vishok.locent/me.vishok.locent.MainActivity)/@0x2ea76bb - animation-leash of window_animation#502406
04-04 22:37:57.354 I/BufferQueueProducer( 1794): [me.vishok.locent/me.vishok.locent.MainActivity#502389](this:0xb400007dbfcc11a0,id:-1,api:0,p:-1,c:1794) queueBuffer: fps=53.46 dur=1477.85 max=600.24 min=10.80
04-04 22:37:58.009 I/BufferQueueProducer( 1794): [me.vishok.locent/me.vishok.locent.MainActivity#502405](this:0xb400007dbfbb8450,id:-1,api:0,p:-1,c:1794) queueBuffer: fps=1.01 dur=1988.84 max=1955.54 min=33.30
04-04 22:37:58.044 D/CoreBackPreview( 2313): Window{6ef14b5 u0 me.vishok.locent/me.vishok.locent.MainActivity}: Setting back callback null
04-04 22:37:58.066 D/SurfaceComposerClient( 2313): Transaction::apply InputWindowCommands.focusRequests timestamp=743403718994386, windowName=ab7eb1d me.vishok.locent/me.vishok.locent.MainActivity
04-04 22:37:58.071 D/BufferQueueConsumer( 6502): [me.vishok.locent/me.vishok.locent.MainActivity#502405(BLAST Consumer)pid:6502](id:196600000002,api:0,p:-1,c:6502) disconnect
04-04 22:37:58.079 D/SurfaceFlinger( 1794): updateWinowInfo=1, setFocusedWindow timestamp=743403718994386, windowName=ab7eb1d me.vishok.locent/me.vishok.locent.MainActivity
04-04 22:37:58.087 I/ImeTracker( 2313): me.vishok.locent:b07edf28: onRequestHide at ORIGIN_SERVER reason HIDE_UNSPECIFIED_WINDOW fromUser false
04-04 22:37:58.087 I/ImeTracker( 6502): me.vishok.locent:b07edf28: onCancelled at PHASE_CLIENT_ALREADY_HIDDEN
04-04 22:37:58.090 I/GoogleInputMethodService(29000): GoogleInputMethodService.onStartInput():1434 onStartInput(EditorInfo{EditorInfo{packageName=me.vishok.locent, inputType=0, inputTypeString=NULL, enableLearning=false, autoCorrection=false, autoComplete=false, imeOptions=0, privateImeOptions=null, actionName=UNSPECIFIED, actionLabel=null, initialSelStart=-1, initialSelEnd=-1, initialCapsMode=0, label=null, fieldId=0, fieldName=null, extras=null, hintText=null, hintLocales=[]}}, false)
04-04 22:37:58.091 W/PackageConfigPersister( 2313): App-specific configuration not found for packageName: me.vishok.locent and userId: 0
04-04 22:37:58.243 I/SurfaceFlinger( 1794): onHandleDestroyed: layerId=502405, name=me.vishok.locent/me.vishok.locent.MainActivity#502405
04-04 22:37:58.243 I/SurfaceFlinger( 1794): onHandleDestroyed: layerId=502409, name=Surface(name=6ef14b5 me.vishok.locent/me.vishok.locent.MainActivity)/@0x2ea76bb - animation-leash of window_animation#502409
04-04 22:37:58.243 I/SurfaceFlinger( 1794): onHandleDestroyed: layerId=502402, name=6ef14b5 me.vishok.locent/me.vishok.locent.MainActivity#502402
04-04 22:37:58.882 I/AppsFilter( 2313): interaction: PackageSetting{dfad988 me.vishok.locent/10806} -> PackageSetting{f8be226 com.google.android.inputmethod.latin/10264} BLOCKED
04-04 22:37:58.922 I/ImeTracker( 6502): me.vishok.locent:f93745b2: onRequestShow at ORIGIN_CLIENT reason SHOW_SOFT_INPUT_BY_INSETS_API fromUser false
04-04 22:37:58.935 I/ImeTracker( 2313): me.vishok.locent:1bd6f7c7: onRequestShow at ORIGIN_SERVER reason ATTACH_NEW_INPUT fromUser false
04-04 22:37:58.935 D/ContentCapturePerUserService( 2313): Notified activity assist data for activity: Token{fe7792d ActivityRecord{48486040 u0 me.vishok.locent/.MainActivity t10013}} without a session Id
04-04 22:37:58.942 I/BufferQueueProducer( 1794): [me.vishok.locent/me.vishok.locent.MainActivity#502389](this:0xb400007dbfcc11a0,id:-1,api:0,p:-1,c:1794) queueBuffer: fps=1.89 dur=1588.38 max=833.14 min=33.28
04-04 22:37:58.958 I/GoogleInputMethodService(29000): GoogleInputMethodService.onStartInput():1434 onStartInput(EditorInfo{EditorInfo{packageName=me.vishok.locent, inputType=8001, inputTypeString=Normal[AutoCorrect], enableLearning=true, autoCorrection=true, autoComplete=true, imeOptions=2000003, privateImeOptions=null, actionName=SEARCH, actionLabel=null, initialSelStart=0, initialSelEnd=0, initialCapsMode=0, label=null, fieldId=-1, fieldName=null, extras=Bundle[mParcelledData.dataSize=404], hintText=null, hintLocales=[]}}, false)
04-04 22:37:58.958 I/ImeTracker( 6502): me.vishok.locent:7d822936: onRequestShow at ORIGIN_CLIENT reason SHOW_SOFT_INPUT fromUser false
04-04 22:37:58.959 I/ImeTracker( 6502): me.vishok.locent:7d822936: onCancelled at PHASE_CLIENT_REPORT_REQUESTED_VISIBLE_TYPES
04-04 22:37:58.960 W/PackageConfigPersister( 2313): App-specific configuration not found for packageName: me.vishok.locent and userId: 0
04-04 22:37:58.996 I/GoogleInputMethodService(29000): GoogleInputMethodService.onStartInputView():1519 onStartInputView(EditorInfo{EditorInfo{packageName=me.vishok.locent, inputType=8001, inputTypeString=Normal[AutoCorrect], enableLearning=true, autoCorrection=true, autoComplete=true, imeOptions=2000003, privateImeOptions=null, actionName=SEARCH, actionLabel=null, initialSelStart=0, initialSelEnd=0, initialCapsMode=0, label=null, fieldId=-1, fieldName=null, extras=Bundle[{android.support.text.emoji.emojiCompat_metadataVersion=12, androidx.core.view.inputmethod.EditorInfoCompat.STYLUS_HANDWRITING_ENABLED=true, android.support.text.emoji.emojiCompat_replaceAll=false}], hintText=null, hintLocales=[]}}, false)
04-04 22:37:59.020 I/AndroidIME(29000): AbstractIme.onActivate():95 LatinIme.onActivate() : EditorInfo = EditorInfo{packageName=me.vishok.locent, inputType=8001, inputTypeString=Normal[AutoCorrect], enableLearning=true, autoCorrection=true, autoComplete=true, imeOptions=2000003, privateImeOptions=null, actionName=SEARCH, actionLabel=null, initialSelStart=0, initialSelEnd=0, initialCapsMode=0, label=null, fieldId=-1, fieldName=null, extras=Bundle[{android.support.text.emoji.emojiCompat_metadataVersion=12, androidx.core.view.inputmethod.EditorInfoCompat.STYLUS_HANDWRITING_ENABLED=true, android.support.text.emoji.emojiCompat_replaceAll=false}], hintText=null, hintLocales=[]}, IncognitoMode = false, DeviceLocked = false
04-04 22:37:59.268 D/CoreBackPreview( 2313): Window{ab7eb1d u0 me.vishok.locent/me.vishok.locent.MainActivity}: Setting back callback OnBackInvokedCallbackInfo{mCallback=android.window.IOnBackInvokedCallback$Stub$Proxy@18a655e, mPriority=0, mIsAnimationCallback=true, mOverrideBehavior=0}
04-04 22:37:59.269 I/GoogleInputMethodService(29000): GoogleInputMethodService.onStartInput():1434 onStartInput(EditorInfo{EditorInfo{packageName=me.vishok.locent, inputType=8001, inputTypeString=Normal[AutoCorrect], enableLearning=true, autoCorrection=true, autoComplete=true, imeOptions=2000003, privateImeOptions=null, actionName=SEARCH, actionLabel=null, initialSelStart=0, initialSelEnd=0, initialCapsMode=0, label=null, fieldId=-1, fieldName=null, extras=Bundle[mParcelledData.dataSize=404], hintText=null, hintLocales=[]}}, true)
04-04 22:37:59.270 I/GoogleInputMethodService(29000): GoogleInputMethodService.onStartInputView():1519 onStartInputView(EditorInfo{EditorInfo{packageName=me.vishok.locent, inputType=8001, inputTypeString=Normal[AutoCorrect], enableLearning=true, autoCorrection=true, autoComplete=true, imeOptions=2000003, privateImeOptions=null, actionName=SEARCH, actionLabel=null, initialSelStart=0, initialSelEnd=0, initialCapsMode=0, label=null, fieldId=-1, fieldName=null, extras=Bundle[{android.support.text.emoji.emojiCompat_metadataVersion=12, androidx.core.view.inputmethod.EditorInfoCompat.STYLUS_HANDWRITING_ENABLED=true, android.support.text.emoji.emojiCompat_replaceAll=false}], hintText=null, hintLocales=[]}}, true)
04-04 22:37:59.271 W/PackageConfigPersister( 2313): App-specific configuration not found for packageName: me.vishok.locent and userId: 0
04-04 22:37:59.274 I/AndroidIME(29000): AbstractIme.onActivate():95 LatinIme.onActivate() : EditorInfo = EditorInfo{packageName=me.vishok.locent, inputType=8001, inputTypeString=Normal[AutoCorrect], enableLearning=true, autoCorrection=true, autoComplete=true, imeOptions=2000003, privateImeOptions=null, actionName=SEARCH, actionLabel=null, initialSelStart=0, initialSelEnd=0, initialCapsMode=0, label=null, fieldId=-1, fieldName=null, extras=Bundle[{android.support.text.emoji.emojiCompat_metadataVersion=12, androidx.core.view.inputmethod.EditorInfoCompat.STYLUS_HANDWRITING_ENABLED=true, android.support.text.emoji.emojiCompat_replaceAll=false}], hintText=null, hintLocales=[]}, IncognitoMode = false, DeviceLocked = false
04-04 22:37:59.294 D/ImeInsetsSourceProvider( 2313): showImePostLayout cancelled, isScheduledAndReadyToShowIme: false, mImeRequester: null, serverVisible: false, frozen: false, mWindowContainer is: non-null, windowState: Window{9b0939e u0 InputMethod}, isDrawn: false, mGivenInsetsPending: false, dcTarget: Window{ab7eb1d u0 me.vishok.locent/me.vishok.locent.MainActivity}, controlTarget: Window{ab7eb1d u0 me.vishok.locent/me.vishok.locent.MainActivity}
04-04 22:37:59.294 I/ImeTracker( 2313): me.vishok.locent:f93745b2: onCancelled at PHASE_WM_ABORT_SHOW_IME_POST_LAYOUT
04-04 22:37:59.362 I/ImeTracker( 2313): me.vishok.locent:1bd6f7c7: onCancelled at PHASE_WM_POST_LAYOUT_NOTIFY_CONTROLS_CHANGED
04-04 22:37:59.376 W/InteractionJankMonitor( 6502): Initializing without READ_DEVICE_CONFIG permission. enabled=false, interval=1, missedFrameThreshold=3, frameTimeThreshold=64, package=me.vishok.locent
04-04 22:37:59.976 I/BufferQueueProducer( 1794): [me.vishok.locent/me.vishok.locent.MainActivity#502389](this:0xb400007dbfcc11a0,id:-1,api:0,p:-1,c:1794) queueBuffer: fps=45.49 dur=1033.28 max=288.81 min=10.93
04-04 22:38:01.165 I/BufferQueueProducer( 1794): [me.vishok.locent/me.vishok.locent.MainActivity#502389](this:0xb400007dbfcc11a0,id:-1,api:0,p:-1,c:1794) queueBuffer: fps=7.57 dur=1188.91 max=522.17 min=10.87
04-04 22:38:02.231 I/BufferQueueProducer( 1794): [me.vishok.locent/me.vishok.locent.MainActivity#502389](this:0xb400007dbfcc11a0,id:-1,api:0,p:-1,c:1794) queueBuffer: fps=17.81 dur=1066.70 max=177.89 min=10.96
04-04 22:38:03.276 I/BufferQueueProducer( 1794): [me.vishok.locent/me.vishok.locent.MainActivity#502389](this:0xb400007dbfcc11a0,id:-1,api:0,p:-1,c:1794) queueBuffer: fps=13.40 dur=1044.46 max=233.33 min=11.03
04-04 22:38:03.444 I/ImeTracker( 6502): me.vishok.locent:9748cdb0: onRequestHide at ORIGIN_CLIENT reason HIDE_SOFT_INPUT_BY_INSETS_API fromUser false
04-04 22:38:03.445 D/CoreBackPreview( 2313): Window{ab7eb1d u0 me.vishok.locent/me.vishok.locent.MainActivity}: Setting back callback OnBackInvokedCallbackInfo{mCallback=android.window.IOnBackInvokedCallback$Stub$Proxy@e110158, mPriority=-1, mIsAnimationCallback=false, mOverrideBehavior=0}
04-04 22:38:03.448 I/GoogleInputMethodService(29000): GoogleInputMethodService.onStartInput():1434 onStartInput(EditorInfo{EditorInfo{packageName=me.vishok.locent, inputType=0, inputTypeString=NULL, enableLearning=false, autoCorrection=false, autoComplete=false, imeOptions=0, privateImeOptions=null, actionName=UNSPECIFIED, actionLabel=null, initialSelStart=-1, initialSelEnd=-1, initialCapsMode=0, label=null, fieldId=0, fieldName=null, extras=null, hintText=null, hintLocales=[]}}, true)
04-04 22:38:03.449 I/GoogleInputMethodService(29000): GoogleInputMethodService.onStartInputView():1519 onStartInputView(EditorInfo{EditorInfo{packageName=me.vishok.locent, inputType=0, inputTypeString=NULL, enableLearning=false, autoCorrection=false, autoComplete=false, imeOptions=0, privateImeOptions=null, actionName=UNSPECIFIED, actionLabel=null, initialSelStart=-1, initialSelEnd=-1, initialCapsMode=0, label=null, fieldId=0, fieldName=null, extras=null, hintText=null, hintLocales=[]}}, true)
04-04 22:38:03.449 W/PackageConfigPersister( 2313): App-specific configuration not found for packageName: me.vishok.locent and userId: 0
04-04 22:38:03.487 I/AndroidIME(29000): AbstractIme.onActivate():95 PasswordIme.onActivate() : EditorInfo = EditorInfo{packageName=me.vishok.locent, inputType=0, inputTypeString=NULL, enableLearning=false, autoCorrection=false, autoComplete=false, imeOptions=0, privateImeOptions=null, actionName=UNSPECIFIED, actionLabel=null, initialSelStart=-1, initialSelEnd=-1, initialCapsMode=0, label=null, fieldId=0, fieldName=null, extras=null, hintText=null, hintLocales=[]}, IncognitoMode = false, DeviceLocked = false
04-04 22:38:04.276 I/BufferQueueProducer( 1794): [me.vishok.locent/me.vishok.locent.MainActivity#502389](this:0xb400007dbfcc11a0,id:-1,api:0,p:-1,c:1794) queueBuffer: fps=82.99 dur=1000.17 max=66.64 min=10.82
04-04 22:38:05.288 I/BufferQueueProducer( 1794): [me.vishok.locent/me.vishok.locent.MainActivity#502389](this:0xb400007dbfcc11a0,id:-1,api:0,p:-1,c:1794) queueBuffer: fps=75.10 dur=1012.02 max=22.56 min=10.66
04-04 22:38:06.288 I/BufferQueueProducer( 1794): [me.vishok.locent/me.vishok.locent.MainActivity#502389](this:0xb400007dbfcc11a0,id:-1,api:0,p:-1,c:1794) queueBuffer: fps=45.00 dur=1000.03 max=22.64 min=21.79
04-04 22:38:07.288 I/BufferQueueProducer( 1794): [me.vishok.locent/me.vishok.locent.MainActivity#502389](this:0xb400007dbfcc11a0,id:-1,api:0,p:-1,c:1794) queueBuffer: fps=45.00 dur=1000.08 max=22.65 min=21.58
04-04 22:38:08.288 I/BufferQueueProducer( 1794): [me.vishok.locent/me.vishok.locent.MainActivity#502389](this:0xb400007dbfcc11a0,id:-1,api:0,p:-1,c:1794) queueBuffer: fps=45.00 dur=1000.10 max=22.68 min=21.80
04-04 22:38:09.292 I/BufferQueueProducer( 1794): [me.vishok.locent/me.vishok.locent.MainActivity#502389](this:0xb400007dbfcc11a0,id:-1,api:0,p:-1,c:1794) queueBuffer: fps=45.83 dur=1003.77 max=32.06 min=4.06
04-04 22:38:10.314 I/BufferQueueProducer( 1794): [me.vishok.locent/me.vishok.locent.MainActivity#502389](this:0xb400007dbfcc11a0,id:-1,api:0,p:-1,c:1794) queueBuffer: fps=45.03 dur=1021.60 max=23.22 min=21.30
04-04 22:38:11.335 I/BufferQueueProducer( 1794): [me.vishok.locent/me.vishok.locent.MainActivity#502389](this:0xb400007dbfcc11a0,id:-1,api:0,p:-1,c:1794) queueBuffer: fps=45.02 dur=1021.73 max=22.98 min=21.00
04-04 22:38:12.336 I/BufferQueueProducer( 1794): [me.vishok.locent/me.vishok.locent.MainActivity#502389](this:0xb400007dbfcc11a0,id:-1,api:0,p:-1,c:1794) queueBuffer: fps=44.96 dur=1000.95 max=23.14 min=21.41
04-04 22:38:13.359 I/BufferQueueProducer( 1794): [me.vishok.locent/me.vishok.locent.MainActivity#502389](this:0xb400007dbfcc11a0,id:-1,api:0,p:-1,c:1794) queueBuffer: fps=45.00 dur=1022.32 max=23.14 min=21.44
04-04 22:38:13.426 E/Locent  ( 6502): Search Error: timeout
04-04 22:38:13.426 E/Locent  ( 6502): java.net.SocketTimeoutException: timeout
04-04 22:38:13.426 E/Locent  ( 6502): 	at okhttp3.internal.http2.Http2Stream$StreamTimeout.newTimeoutException(Http2Stream.kt:675)
04-04 22:38:13.426 E/Locent  ( 6502): 	at okhttp3.internal.http2.Http2Stream$StreamTimeout.exitAndThrowIfTimedOut(Http2Stream.kt:684)
04-04 22:38:13.426 E/Locent  ( 6502): 	at okhttp3.internal.http2.Http2Stream.takeHeaders(Http2Stream.kt:143)
04-04 22:38:13.426 E/Locent  ( 6502): 	at okhttp3.internal.http2.Http2ExchangeCodec.readResponseHeaders(Http2ExchangeCodec.kt:97)
04-04 22:38:13.426 E/Locent  ( 6502): 	at okhttp3.internal.connection.Exchange.readResponseHeaders(Exchange.kt:110)
04-04 22:38:13.426 E/Locent  ( 6502): 	at okhttp3.internal.http.CallServerInterceptor.intercept(CallServerInterceptor.kt:93)
04-04 22:38:13.426 E/Locent  ( 6502): 	at okhttp3.internal.http.RealInterceptorChain.proceed(RealInterceptorChain.kt:109)
04-04 22:38:13.426 E/Locent  ( 6502): 	at okhttp3.internal.connection.ConnectInterceptor.intercept(ConnectInterceptor.kt:34)
04-04 22:38:13.426 E/Locent  ( 6502): 	at okhttp3.internal.http.RealInterceptorChain.proceed(RealInterceptorChain.kt:109)
04-04 22:38:13.426 E/Locent  ( 6502): 	at okhttp3.internal.cache.CacheInterceptor.intercept(CacheInterceptor.kt:95)
04-04 22:38:13.426 E/Locent  ( 6502): 	at okhttp3.internal.http.RealInterceptorChain.proceed(RealInterceptorChain.kt:109)
04-04 22:38:13.426 E/Locent  ( 6502): 	at okhttp3.internal.http.BridgeInterceptor.intercept(BridgeInterceptor.kt:83)
04-04 22:38:13.426 E/Locent  ( 6502): 	at okhttp3.internal.http.RealInterceptorChain.proceed(RealInterceptorChain.kt:109)
04-04 22:38:13.426 E/Locent  ( 6502): 	at okhttp3.internal.http.RetryAndFollowUpInterceptor.intercept(RetryAndFollowUpInterceptor.kt:76)
04-04 22:38:13.426 E/Locent  ( 6502): 	at okhttp3.internal.http.RealInterceptorChain.proceed(RealInterceptorChain.kt:109)
04-04 22:38:13.426 E/Locent  ( 6502): 	at okhttp3.internal.connection.RealCall.getResponseWithInterceptorChain$okhttp(RealCall.kt:201)
04-04 22:38:13.426 E/Locent  ( 6502): 	at okhttp3.internal.connection.RealCall$AsyncCall.run(RealCall.kt:517)
04-04 22:38:13.426 E/Locent  ( 6502): 	at java.util.concurrent.ThreadPoolExecutor.runWorker(ThreadPoolExecutor.java:1154)
04-04 22:38:13.426 E/Locent  ( 6502): 	at java.util.concurrent.ThreadPoolExecutor$Worker.run(ThreadPoolExecutor.java:652)
04-04 22:38:13.426 E/Locent  ( 6502): 	at java.lang.Thread.run(Thread.java:1564)
04-04 22:38:13.448 I/ImeTracker( 2313): me.vishok.locent:9748cdb0: setFinished at PHASE_CLIENT_ANIMATION_CANCEL with STATUS_TIMEOUT
04-04 22:38:15.189 I/BufferQueueProducer( 1794): [me.vishok.locent/me.vishok.locent.MainActivity#502389](this:0xb400007dbfcc11a0,id:-1,api:0,p:-1,c:1794) queueBuffer: fps=3.28 dur=1830.01 max=1674.00 min=21.84
04-04 22:38:15.296 I/MTK_APPList( 1738): [notifyAPPstate] multi_resumed_app_info[1] me.vishok.locent/me.vishok.locent.MainActivity, pid:6502, fps:-1, isMultiWindow:0
04-04 22:38:15.302 D/addPss  ( 2313): tracker=ProcessState{ca0e558 me.vishok.locent/10806 pkg=me.vishok.locent}
04-04 22:38:17.541 W/NotificationService( 2313): Toast already killed. pkg=me.vishok.locent token=android.os.BinderProxy@2821832
04-04 22:38:20.211 I/BufferQueueProducer( 1794): [me.vishok.locent/me.vishok.locent.MainActivity#502389](this:0xb400007dbfcc11a0,id:-1,api:0,p:-1,c:1794) queueBuffer: fps=0.20 dur=5022.14 max=5022.14 min=5022.14
04-04 22:38:26.589 I/BufferQueueProducer( 1794): [me.vishok.locent/me.vishok.locent.MainActivity#502389](this:0xb400007dbfcc11a0,id:-1,api:0,p:-1,c:1794) queueBuffer: fps=0.16 dur=6377.99 max=6377.99 min=6377.99
04-04 22:38:31.677 I/BufferQueueProducer( 1794): [me.vishok.locent/me.vishok.locent.MainActivity#502389](this:0xb400007dbfcc11a0,id:-1,api:0,p:-1,c:1794) queueBuffer: fps=0.20 dur=5088.67 max=5088.67 min=5088.67
04-04 22:38:38.099 I/BufferQueueProducer( 1794): [me.vishok.locent/me.vishok.locent.MainActivity#502389](this:0xb400007dbfcc11a0,id:-1,api:0,p:-1,c:1794) queueBuffer: fps=0.16 dur=6422.03 max=6422.03 min=6422.03
04-04 22:38:43.111 I/BufferQueueProducer( 1794): [me.vishok.locent/me.vishok.locent.MainActivity#502389](this:0xb400007dbfcc11a0,id:-1,api:0,p:-1,c:1794) queueBuffer: fps=0.20 dur=5011.64 max=5011.64 min=5011.64
04-04 22:38:49.511 I/BufferQueueProducer( 1794): [me.vishok.locent/me.vishok.locent.MainActivity#502389](this:0xb400007dbfcc11a0,id:-1,api:0,p:-1,c:1794) queueBuffer: fps=0.16 dur=6400.18 max=6400.18 min=6400.18
04-04 22:38:54.545 I/BufferQueueProducer( 1794): [me.vishok.locent/me.vishok.locent.MainActivity#502389](this:0xb400007dbfcc11a0,id:-1,api:0,p:-1,c:1794) queueBuffer: fps=0.20 dur=5033.47 max=5033.47 min=5033.47
04-04 22:39:00.967 I/BufferQueueProducer( 1794): [me.vishok.locent/me.vishok.locent.MainActivity#502389](this:0xb400007dbfcc11a0,id:-1,api:0,p:-1,c:1794) queueBuffer: fps=0.16 dur=6422.78 max=6422.78 min=6422.78
04-04 22:39:05.944 I/BufferQueueProducer( 1794): [me.vishok.locent/me.vishok.locent.MainActivity#502389](this:0xb400007dbfcc11a0,id:-1,api:0,p:-1,c:1794) queueBuffer: fps=0.20 dur=4976.76 max=4976.76 min=4976.76
04-04 22:39:12.401 I/BufferQueueProducer( 1794): [me.vishok.locent/me.vishok.locent.MainActivity#502389](this:0xb400007dbfcc11a0,id:-1,api:0,p:-1,c:1794) queueBuffer: fps=0.15 dur=6457.03 max=6457.03 min=6457.03
04-04 22:39:17.356 I/BufferQueueProducer( 1794): [me.vishok.locent/me.vishok.locent.MainActivity#502389](this:0xb400007dbfcc11a0,id:-1,api:0,p:-1,c:1794) queueBuffer: fps=0.20 dur=4955.04 max=4955.04 min=4955.04
04-04 22:39:23.779 I/BufferQueueProducer( 1794): [me.vishok.locent/me.vishok.locent.MainActivity#502389](this:0xb400007dbfcc11a0,id:-1,api:0,p:-1,c:1794) queueBuffer: fps=0.16 dur=6422.48 max=6422.48 min=6422.48
04-04 22:39:28.778 I/BufferQueueProducer( 1794): [me.vishok.locent/me.vishok.locent.MainActivity#502389](this:0xb400007dbfcc11a0,id:-1,api:0,p:-1,c:1794) queueBuffer: fps=0.20 dur=4999.53 max=4999.53 min=4999.53
04-04 22:39:35.268 I/BufferQueueProducer( 1794): [me.vishok.locent/me.vishok.locent.MainActivity#502389](this:0xb400007dbfcc11a0,id:-1,api:0,p:-1,c:1794) queueBuffer: fps=0.15 dur=6489.90 max=6489.90 min=6489.90
04-04 22:39:40.291 I/BufferQueueProducer( 1794): [me.vishok.locent/me.vishok.locent.MainActivity#502389](this:0xb400007dbfcc11a0,id:-1,api:0,p:-1,c:1794) queueBuffer: fps=0.20 dur=5022.32 max=5022.32 min=5022.32
04-04 22:39:46.702 I/BufferQueueProducer( 1794): [me.vishok.locent/me.vishok.locent.MainActivity#502389](this:0xb400007dbfcc11a0,id:-1,api:0,p:-1,c:1794) queueBuffer: fps=0.16 dur=6411.84 max=6411.84 min=6411.84
04-04 22:39:51.724 I/BufferQueueProducer( 1794): [me.vishok.locent/me.vishok.locent.MainActivity#502389](this:0xb400007dbfcc11a0,id:-1,api:0,p:-1,c:1794) queueBuffer: fps=0.20 dur=5021.95 max=5021.95 min=5021.95
04-04 22:39:55.632 I/PowerHalWrapper( 2313): amsBoostNotify pid:12940,activity:com.android.launcher3.CustomizationPanelLauncher, package:com.motorola.launcher3, mProcessCreatePackme.vishok.locent 
04-04 22:39:55.633 I/MTK_APPList( 1738): [notifyAPPstate] multi_resumed_app_info[1] me.vishok.locent/me.vishok.locent.MainActivity, pid:6502, fps:-1, isMultiWindow:0
04-04 22:39:55.633 I/ModeMonitor( 2313): TOP: Uid:10806, Name:me.vishok.locent, Top:false , App is top:false
04-04 22:39:55.633 I/MTK_APPList( 1738): [notifyAPPstate] pc:1, me.vishok.locent => com.motorola.launcher3
04-04 22:39:55.634 D/MAC/ActionCoreApplicationMC(17245): onTopResumedActivityChange()-->packageName=me.vishok.locent,isTop=false
04-04 22:39:55.678 V/WindowManager( 2313):         {WCT{RemoteToken{248a9d1 Task{bea8157 #10013 type=standard A=10806:me.vishok.locent}}} m=TO_BACK f=NONE pTaskId=-1 leash=Surface(name=Task=10013)/@0x68bc444 sb=Rect(0, 0 - 1220, 2712) eb=Rect(0, 0 - 1220, 2712) epz=Point(1220, 2712) d=0 taskParent=-1},
04-04 22:39:55.701 D/addPss  ( 2313): tracker=ProcessState{ca0e558 me.vishok.locent/10806 pkg=me.vishok.locent}
04-04 22:39:55.736 I/InputDispatcher( 2313): Channel [Gesture Monitor] swipe-up is stealing input gesture for device 6 from [ab7eb1d me.vishok.locent/me.vishok.locent.MainActivity, [Gesture Monitor] moto_actions_input_channel, [Gesture Monitor] sysui_input_dispatcher]
04-04 22:39:55.779 I/BufferQueueProducer( 1794): [me.vishok.locent/me.vishok.locent.MainActivity#502389](this:0xb400007dbfcc11a0,id:-1,api:0,p:-1,c:1794) queueBuffer: fps=0.25 dur=4055.03 max=4055.03 min=4055.03
04-04 22:39:56.724 I/PowerHalWrapper( 2313): amsBoostNotify pid:6502,activity:me.vishok.locent.MainActivity, package:me.vishok.locent, mProcessCreatePackme.vishok.locent 
04-04 22:39:56.737 I/ScnModule( 2313): [GameDetection] requestedPermissions1/1:: me.vishok.locent:: [android.permission.ACCESS_COARSE_LOCATION, android.permission.ACCESS_FINE_LOCATION, android.permission.INTERNET, android.permission.POST_NOTIFICATIONS, android.permission.ACCESS_NETWORK_STATE, me.vishok.locent.DYNAMIC_RECEIVER_NOT_EXPORTED_PERMISSION] 
04-04 22:39:56.737 I/ScnModule( 2313): [GameDetection] numOfPermissiom:: me.vishok.locent:: 6 
04-04 22:39:56.737 I/ScnModule( 2313): [GameDetection] inputPermissions:: me.vishok.locent:: [0.0, 0.0, 0.0, 0.0, 0.0, 0.0, 0.0, 0.0, 0.0, 0.0, 0.0, 0.0, 0.0, 0.0, 1.0, 0.0, 0.0, 1.0, 0.0, 0.0, 0.0, 0.0, 0.0, 0.0, 0.0, 1.0, 0.0, 0.0, 0.0, 0.0, 0.0, 0.0, 0.0, 0.0, 0.0, 0.0, 0.0, 0.0, 0.0, 0.0, 0.0, 1.0, 0.0, 0.0, 0.0, 0.0, 0.0, 0.0, 0.0, 0.0, 0.0, 0.0, 0.0, 0.0, 0.0, 0.0, 0.0, 0.0, 0.0, 0.0, 0.0, 0.0, 0.0, 0.0, 0.0, 0.0, 0.0, 0.0, 0.0, 0.0, 0.0, 0.0, 0.0, 0.0, 0.0, 0.0, 0.0, 0.0, 0.0, 0.0, 0.0, 0.0, 0.0, 0.0, 0.0, 0.0, 0.0, 0.0, 0.0, 0.0, 0.0, 0.0, 0.0, 0.0, 0.0, 0.0, 0.0, 0.0, 0.0, 0.0, 0.0, 0.0, 0.0, 0.0, 0.0, 0.0, 0.0, 0.0, 0.0, 0.0, 0.0, 0.0, 0.0, 0.0, 0.0, 0.0, 0.0, 0.0, 0.0, 0.0, 0.0, 0.0, 0.0, 0.0, 0.0, 0.0, 0.0, 0.0, 0.0, 0.0, 0.0, 0.0, 0.0, 0.0, 0.0, 0.0, 0.0, 0.0, 0.0, 0.0, 0.0, 0.0, 0.0, 0.0, 0.0, 0.0, 0.0, 0.0, 0.0, 0.0, 0.0, 0.0, 0.0, 0.0, 0.0, 0.0, 0.0, 0.0, 0.0, 0.0, 0.0, 0.0, 0.0, 0.0, 0.0, 0.0, 0.0, 0.0, 0.0, 0.0, 0.0, 0.0, 0.0, 0.0, 0.0, 0.0, 0.0, 0.0, 0.0, 0.0, 0.0, 0.0, 0.0, 0.0, 0.0, 0.0, 0.0, 0.0, 0.0, 0.0, 0.0, 0.0, 0.0, 0.0, 0.0, 0.0, 0.0, 0.0, 0.0, 0.0] 
04-04 22:39:56.737 I/ScnModule( 2313): [GameDetection] inputGameFeature:: me.vishok.locent:: [-1.4682515, 0.0, 0.0, 0.0] 
04-04 22:39:56.737 I/ScnModule( 2313): [GameDetection] GamePredictor:: me.vishok.locent:: nonGame:9.1961,isGame:-10.2263 
04-04 22:39:56.737 I/mtkpower_client( 2313): [PowerHal_Wrap_notifyAppState] me.vishok.locent/me.vishok.locent.MainActivity pid=6502 activityId:48486040 state:0
04-04 22:39:56.739 I/vendor.mediatek.hardware.mtkpower_applist-service.mediatek( 1738): packName: me.vishok.locent actName: me.vishok.locent.MainActivity pid: 6502 uid: 10806 state: 0
04-04 22:39:56.739 I/MTK_APPList( 1738): [notifyAPPstate] me.vishok.locent/me.vishok.locent.MainActivity, pid=6502, uid=10806, state:PAUSED, fps:-1, win:1
04-04 22:39:56.799 D/BufferQueueConsumer( 6502): [me.vishok.locent/me.vishok.locent.MainActivity#502389(BLAST Consumer)pid:6502](id:196600000000,api:0,p:-1,c:6502) disconnect
04-04 22:39:56.818 D/GameMode(28476): onStartedActivityChange: componnent: ComponentInfo{me.vishok.locent/me.vishok.locent.MainActivity} entered launcher screen? false
04-04 22:39:56.822 I/ActivityManager( 2313): Killing 6502:me.vishok.locent/u0a806 (adj 915, setSvc -10000): remove task
04-04 22:39:56.824 I/SurfaceFlinger( 1794): onHandleDestroyed: layerId=502389, name=me.vishok.locent/me.vishok.locent.MainActivity#502389
04-04 22:39:56.992 I/WindowManager( 2313): WIN DEATH: Window{ab7eb1d u0 me.vishok.locent/me.vishok.locent.MainActivity}
