04-04 22:48:41.674 D/ActivityThread( 6186): Package [me.vishok.locent] reported as REPLACED, but missing application info. Assuming REMOVED.
04-04 22:48:41.674 D/ActivityThread(30947): Package [me.vishok.locent] reported as REPLACED, but missing application info. Assuming REMOVED.
04-04 22:48:41.674 D/ActivityThread(12843): Package [me.vishok.locent] reported as REPLACED, but missing application info. Assuming REMOVED.
04-04 22:48:41.674 D/ActivityThread( 4632): Package [me.vishok.locent] reported as REPLACED, but missing application info. Assuming REMOVED.
04-04 22:48:41.674 D/ActivityThread( 4185): Package [me.vishok.locent] reported as REPLACED, but missing application info. Assuming REMOVED.
04-04 22:48:41.675 D/ActivityThread( 5996): Package [me.vishok.locent] reported as REPLACED, but missing application info. Assuming REMOVED.
04-04 22:48:41.675 D/ActivityThread( 3109): Package [me.vishok.locent] reported as REPLACED, but missing application info. Assuming REMOVED.
04-04 22:48:41.675 D/ActivityThread(29024): Package [me.vishok.locent] reported as REPLACED, but missing application info. Assuming REMOVED.
04-04 22:48:41.675 D/ActivityThread( 4263): Package [me.vishok.locent] reported as REPLACED, but missing application info. Assuming REMOVED.
04-04 22:48:41.675 D/ActivityThread( 3076): Package [me.vishok.locent] reported as REPLACED, but missing application info. Assuming REMOVED.
04-04 22:48:41.676 D/ActivityThread(11148): Package [me.vishok.locent] reported as REPLACED, but missing application info. Assuming REMOVED.
04-04 22:48:41.667 D/ActivityThread( 1327): Package [me.vishok.locent] reported as REPLACED, but missing application info. Assuming REMOVED.
04-04 22:48:41.677 D/ActivityThread(19585): Package [me.vishok.locent] reported as REPLACED, but missing application info. Assuming REMOVED.
04-04 22:48:41.665 D/ActivityThread( 8307): Package [me.vishok.locent] reported as REPLACED, but missing application info. Assuming REMOVED.
04-04 22:48:41.677 D/ActivityThread( 1093): Package [me.vishok.locent] reported as REPLACED, but missing application info. Assuming REMOVED.
04-04 22:48:41.670 D/ActivityThread( 4317): Package [me.vishok.locent] reported as REPLACED, but missing application info. Assuming REMOVED.
04-04 22:48:41.678 D/ActivityThread( 3090): Package [me.vishok.locent] reported as REPLACED, but missing application info. Assuming REMOVED.
04-04 22:48:41.678 D/ActivityThread( 3126): Package [me.vishok.locent] reported as REPLACED, but missing application info. Assuming REMOVED.
04-04 22:48:41.678 D/ActivityThread(26790): Package [me.vishok.locent] reported as REPLACED, but missing application info. Assuming REMOVED.
04-04 22:48:41.678 D/ActivityThread(32210): Package [me.vishok.locent] reported as REPLACED, but missing application info. Assuming REMOVED.
04-04 22:48:41.678 D/ActivityThread( 3096): Package [me.vishok.locent] reported as REPLACED, but missing application info. Assuming REMOVED.
04-04 22:48:41.680 D/ActivityThread( 8002): Package [me.vishok.locent] reported as REPLACED, but missing application info. Assuming REMOVED.
04-04 22:48:41.681 D/ActivityThread( 4465): Package [me.vishok.locent] reported as REPLACED, but missing application info. Assuming REMOVED.
04-04 22:48:41.681 D/ActivityThread(32131): Package [me.vishok.locent] reported as REPLACED, but missing application info. Assuming REMOVED.
04-04 22:48:41.681 D/ActivityThread(12843): Package [me.vishok.locent] reported as REPLACED, but missing application info. Assuming REMOVED.
04-04 22:48:41.682 D/ActivityThread( 4264): Package [me.vishok.locent] reported as REPLACED, but missing application info. Assuming REMOVED.
04-04 22:48:41.682 D/ActivityThread( 4317): Package [me.vishok.locent] reported as REPLACED, but missing application info. Assuming REMOVED.
04-04 22:48:41.682 D/ActivityThread( 8307): Package [me.vishok.locent] reported as REPLACED, but missing application info. Assuming REMOVED.
04-04 22:48:41.682 D/ActivityThread( 3096): Package [me.vishok.locent] reported as REPLACED, but missing application info. Assuming REMOVED.
04-04 22:48:41.682 D/ActivityThread(17000): Package [me.vishok.locent] reported as REPLACED, but missing application info. Assuming REMOVED.
04-04 22:48:41.682 D/ActivityThread( 3164): Package [me.vishok.locent] reported as REPLACED, but missing application info. Assuming REMOVED.
04-04 22:48:41.683 D/ActivityThread( 4259): Package [me.vishok.locent] reported as REPLACED, but missing application info. Assuming REMOVED.
04-04 22:48:41.683 D/ActivityThread( 3109): Package [me.vishok.locent] reported as REPLACED, but missing application info. Assuming REMOVED.
04-04 22:48:41.683 D/ActivityThread( 8002): Package [me.vishok.locent] reported as REPLACED, but missing application info. Assuming REMOVED.
04-04 22:48:41.683 D/ActivityThread( 1327): Package [me.vishok.locent] reported as REPLACED, but missing application info. Assuming REMOVED.
04-04 22:48:41.684 D/ActivityThread( 4441): Package [me.vishok.locent] reported as REPLACED, but missing application info. Assuming REMOVED.
04-04 22:48:41.684 D/ActivityThread( 4185): Package [me.vishok.locent] reported as REPLACED, but missing application info. Assuming REMOVED.
04-04 22:48:41.684 D/ActivityThread( 3665): Package [me.vishok.locent] reported as REPLACED, but missing application info. Assuming REMOVED.
04-04 22:48:41.685 D/ActivityThread( 4569): Package [me.vishok.locent] reported as REPLACED, but missing application info. Assuming REMOVED.
04-04 22:48:41.686 D/ActivityThread(32131): Package [me.vishok.locent] reported as REPLACED, but missing application info. Assuming REMOVED.
04-04 22:48:41.686 D/ActivityThread( 4465): Package [me.vishok.locent] reported as REPLACED, but missing application info. Assuming REMOVED.
04-04 22:48:41.686 D/ActivityThread( 1400): Package [me.vishok.locent] reported as REPLACED, but missing application info. Assuming REMOVED.
04-04 22:48:41.686 D/ActivityThread(10340): Package [me.vishok.locent] reported as REPLACED, but missing application info. Assuming REMOVED.
04-04 22:48:41.687 D/ActivityThread(20649): Package [me.vishok.locent] reported as REPLACED, but missing application info. Assuming REMOVED.
04-04 22:48:41.687 D/ActivityThread(30947): Package [me.vishok.locent] reported as REPLACED, but missing application info. Assuming REMOVED.
04-04 22:48:41.687 D/ActivityThread(11148): Package [me.vishok.locent] reported as REPLACED, but missing application info. Assuming REMOVED.
04-04 22:48:41.687 D/ActivityThread( 3080): Package [me.vishok.locent] reported as REPLACED, but missing application info. Assuming REMOVED.
04-04 22:48:41.687 D/ActivityThread(32562): Package [me.vishok.locent] reported as REPLACED, but missing application info. Assuming REMOVED.
04-04 22:48:41.688 D/ActivityThread(32751): Package [me.vishok.locent] reported as REPLACED, but missing application info. Assuming REMOVED.
04-04 22:48:41.688 D/ActivityThread( 3080): Package [me.vishok.locent] reported as REPLACED, but missing application info. Assuming REMOVED.
04-04 22:48:41.689 D/ActivityThread(12783): Package [me.vishok.locent] reported as REPLACED, but missing application info. Assuming REMOVED.
04-04 22:48:41.690 D/ActivityThread( 2269): Package [me.vishok.locent] reported as REPLACED, but missing application info. Assuming REMOVED.
04-04 22:48:41.691 D/ActivityThread( 6316): Package [me.vishok.locent] reported as REPLACED, but missing application info. Assuming REMOVED.
04-04 22:48:41.692 D/ActivityThread(15439): Package [me.vishok.locent] reported as REPLACED, but missing application info. Assuming REMOVED.
04-04 22:48:41.692 D/ActivityThread( 7607): Package [me.vishok.locent] reported as REPLACED, but missing application info. Assuming REMOVED.
04-04 22:48:41.693 D/ActivityThread( 7979): Package [me.vishok.locent] reported as REPLACED, but missing application info. Assuming REMOVED.
04-04 22:48:41.699 W/PackageConfigPersister( 2313): App-specific configuration not found for packageName: me.vishok.locent and userId: 0
04-04 22:48:41.706 V/WindowManager( 2313): Sent Transition (#35079) createdAt=04-04 22:48:41.475 via request=TransitionRequestInfo { type = CLOSE, triggerTask = TaskInfo{userId=0 taskId=10018 effectiveUid=10806 displayId=0 isRunning=false baseIntent=Intent { flg=0x10000000 cmp=me.vishok.locent/.MainActivity } baseActivity=null topActivity=null origActivity=null realActivity=ComponentInfo{me.vishok.locent/me.vishok.locent.MainActivity} numActivities=0 lastActiveTime=1663651839 supportsMultiWindow=true supportsGlobalFreeform=true resizeMode=1 isResizeable=true isAppLocked=false isShowDecorCaptionWindowRequest=false canKillAndRestart=true minWidth=-1 minHeight=-1 defaultMinSize=200 token=WCT{RemoteToken{d177689 Task{e32ec60 #10018 type=standard A=10806:me.vishok.locent}}} topActivityType=1 pictureInPictureParams=null shouldDockBigOverlays=false launchIntoPipHostTaskId=-1 lastParentTaskIdBeforePip=-1 displayCutoutSafeInsets=Rect(0, 0 - 0, 0) topActivityInfo=null launchCookies=[] positionInParent=Point(0, 0) parentTaskId=-1 isFocused=true isVisible=true isVisibleRequested=true isTopActivityNoDisplay=false isSleeping=false locusId=null displayAreaFeatureId=1 isTopActivityTransparent=false isActivityStackTransparent=true lastNonFullscreenBounds=Rect(315, 776 - 906, 1996) capturedLink=null capturedLinkTimestamp=0 requestedVisibleTypes=-9 topActivityRequestOpenInBrowserEducationTimestamp=0 appCompatTaskInfo=AppCompatTaskInfo { topActivityInSizeCompat=false eligibleForLetterboxEducation= false isLetterboxEducationEnabled= false isLetterboxDoubleTapEnabled= false eligibleForUserAspectRatioButton= false topActivityBoundsLetterboxed= false isFromLetterboxDoubleTap= false topActivityLetterboxVerticalPosition= -1 topActivityLetterboxHorizontalPosition= -1 topActivityLetterboxWidth=-1 topActivityLetterboxHeight=-1 topActivityAppBounds=Rect(0, 0 - 0, 0) isUserFullscreenOverrideEnabled=false isSystemFullscreenOverrideEnabled=false hasMinAspectRatioOverride=false topActivityLetterboxBounds=null cameraCompatTaskInfo=CameraCompatTaskInfo { freeformCameraCompatMode=undefined}} topActivityMainWindowFrame=null}, pipChange = null, remoteTransition = null, displayChange = null, flags = 0, debugId = 35079 }
04-04 22:48:41.706 V/WindowManager( 2313):         {WCT{RemoteToken{d177689 Task{e32ec60 #10018 type=standard A=10806:me.vishok.locent}}} m=CLOSE f=NONE pTaskId=-1 leash=Surface(name=Task=10018)/@0x1f41519 sb=Rect(0, 0 - 1220, 2712) eb=Rect(0, 0 - 1220, 2712) epz=Point(1220, 2712) d=0 taskParent=-1}
04-04 22:48:41.709 D/ActivityThread(28476): Package [me.vishok.locent] reported as REPLACED, but missing application info. Assuming REMOVED.
04-04 22:48:41.712 D/ActivityThread( 7756): Package [me.vishok.locent] reported as REPLACED, but missing application info. Assuming REMOVED.
04-04 22:48:41.714 D/ActivityThread( 2269): Package [me.vishok.locent] reported as REPLACED, but missing application info. Assuming REMOVED.
04-04 22:48:41.717 I/SdkSandboxManager( 2313): No SDKs used. Skipping SDK data reconcilation for CallingInfo{mUid=10806, mPackageName='me.vishok.locent, mAppProcessToken='null'}
04-04 22:48:41.724 D/ActivityThread(12161): Package [me.vishok.locent] reported as REPLACED, but missing application info. Assuming REMOVED.
04-04 22:48:41.731 D/ActivityThread(12161): Package [me.vishok.locent] reported as REPLACED, but missing application info. Assuming REMOVED.
04-04 22:48:41.739 D/ActivityThread( 7756): Package [me.vishok.locent] reported as REPLACED, but missing application info. Assuming REMOVED.
04-04 22:48:41.742 D/ActivityThread(28476): Package [me.vishok.locent] reported as REPLACED, but missing application info. Assuming REMOVED.
04-04 22:48:41.761 W/VvmPkgInstalledRcvr( 3134): carrierVvmPkgAdded: carrier vvm packages doesn't contain me.vishok.locent
04-04 22:48:41.770 D/CarrierSvcBindHelper( 3134): onPackageUpdateFinished: me.vishok.locent
04-04 22:48:41.772 D/CarrierSvcBindHelper( 3134): onPackageModified: me.vishok.locent
04-04 22:48:41.807 I/Finsky  (23886): [2] AIM: AppInfoCacheUpdater -> invalidating apps: [me.vishok.locent]
04-04 22:48:41.809 I/Finsky  (23886): [7624] AIM: AppInfoManager-Perf > OnDeviceAppInfo > cacheHitCount=0, cacheMissCount=1. Missed  in cache (limit 10) : [me.vishok.locent]
04-04 22:48:41.816 I/Finsky:background(14793): [7602] IQ:PSL: skipping onPackageRemoved(replacing=true) for untracked package=me.vishok.locent
04-04 22:48:41.842 D/ConnectivityService( 2313): releasing NetworkRequest [ REQUEST id=149255, [ Capabilities: INTERNET&NOT_RESTRICTED&TRUSTED&NOT_VCN_MANAGED&NOT_BANDWIDTH_CONSTRAINED Uid: 10806 RequestorUid: 10806 RequestorPkg: me.vishok.locent UnderlyingNetworks: Null] ] (release request)
04-04 22:48:41.853 I/TrafficStatsCollector( 2313): Not com.tmobile.echolocate.system, pkgName=me.vishok.locent
04-04 22:48:41.861 W/AlarmManager( 2313): Package me.vishok.locent, uid 10806 lost permission to set exact alarms!
04-04 22:48:41.861 D/ActivityThread( 2313): Package [me.vishok.locent] reported as REPLACED, but missing application info. Assuming REMOVED.
04-04 22:48:41.861 D/ActivityThread( 2313): Package [me.vishok.locent] reported as REPLACED, but missing application info. Assuming REMOVED.
04-04 22:48:41.866 I/TrafficStatsCollector( 2313): Not com.tmobile.echolocate.system, pkgName=me.vishok.locent
04-04 22:48:41.895 D/ActivityThread(14793): Package [me.vishok.locent] reported as REPLACED, but missing application info. Assuming REMOVED.
04-04 22:48:41.910 D/ActivityThread(14793): Package [me.vishok.locent] reported as REPLACED, but missing application info. Assuming REMOVED.
04-04 22:48:41.939 I/Finsky  (23886): [2] AIM: AppInfoCacheUpdater -> invalidating apps: [me.vishok.locent]
04-04 22:48:41.984 D/ActivityThread(23886): Package [me.vishok.locent] reported as REPLACED, but missing application info. Assuming REMOVED.
04-04 22:48:41.986 D/ActivityThread(23886): Package [me.vishok.locent] reported as REPLACED, but missing application info. Assuming REMOVED.
04-04 22:48:41.995 D/ImsResolver( 3134): maybeAddedImsService, packageName: me.vishok.locent
04-04 22:48:41.995 V/ImsResolver( 3134): searchForImsServices: package=me.vishok.locent, users=[UserHandle{0}]
04-04 22:48:41.997 V/ImsResolver( 3134): searchForImsServices: package=me.vishok.locent, users=[UserHandle{0}]
04-04 22:48:42.033 I/MotoFreeForm(11148): [PackageMonitor] PACKAGE_REMOVED : pkgName = me.vishok.locent replacing = true uid = 10806
04-04 22:48:42.033 I/MotoFreeForm(11148): [PackageMonitor] PACKAGE_REMOVED : pkgName = me.vishok.locent replacing = true uid = 10806
04-04 22:48:42.043 W/MediaProvider( 4185): WorkProfileOwnerApps cache miss for package me.vishok.locent
04-04 22:48:42.044 D/MotoSystemServer( 3164): mRemovedPackages add: me.vishok.locent
04-04 22:48:42.044 D/MotoSystemServer( 3164): #1 mRemovedPackages remove: me.vishok.locent
04-04 22:48:42.048 W/VvmPkgInstalledRcvr( 3134): carrierVvmPkgAdded: carrier vvm packages doesn't contain me.vishok.locent
04-04 22:48:42.049 D/ActivityThread( 3134): Package [me.vishok.locent] reported as REPLACED, but missing application info. Assuming REMOVED.
04-04 22:48:42.049 D/ActivityThread( 3134): Package [me.vishok.locent] reported as REPLACED, but missing application info. Assuming REMOVED.
04-04 22:48:42.055 W/BatteryCare( 4441): [SmartBackground] [PackageMonitor] PACKAGE_ADDED : pkgName = me.vishok.locent replacing = true uid = 10806
04-04 22:48:42.059 I/MotoDesktopLog( 1093): [ PluginUIController ] - queryShowUIPlugin() pkg me.vishok.locent
04-04 22:48:42.069 D/ActivityThread( 7757): Package [me.vishok.locent] reported as REPLACED, but missing application info. Assuming REMOVED.
04-04 22:48:42.087 D/ActivityThread( 7757): Package [me.vishok.locent] reported as REPLACED, but missing application info. Assuming REMOVED.
04-04 22:48:42.107 I/SafetyLabelChangedBroadcastReceiver(28723): received broadcast packageName: me.vishok.locent, current user: UserHandle{0}, packageChangeEvent: UPDATE, intent user: UserHandle{0}
04-04 22:48:42.107 D/ActivityThread(28723): Package [me.vishok.locent] reported as REPLACED, but missing application info. Assuming REMOVED.
04-04 22:48:42.108 D/ActivityThread(28723): Package [me.vishok.locent] reported as REPLACED, but missing application info. Assuming REMOVED.
04-04 22:48:42.116 I/Finsky  (23886): [7624] AIM: AppInfoManager-Perf > OnDeviceAppInfo > cacheHitCount=0, cacheMissCount=1. Missed  in cache (limit 10) : [me.vishok.locent]
04-04 22:48:42.183 D/SatelliteController( 3134): packageStateChanged: package:me.vishok.locent DefaultSmsPackageName:com.google.android.apps.messaging
04-04 22:48:42.222 I/ActivityTaskManager( 2313): Add Task{e32ec60 #10018 type=standard A=10806:me.vishok.locent} to hidden list because adding Task{ed4e008 #10019 type=standard A=10806:me.vishok.locent}
04-04 22:48:42.223 I/ActivityTaskManager( 2313): START u0 {flg=0x10000000 xflg=0x5 cmp=me.vishok.locent/.MainActivity} with LAUNCH_SINGLE_TASK from uid 2000 (startActivityAsUser) (BAL_ALLOW_PERMISSION) result code=0
04-04 22:48:42.224 W/WindowManager( 2313): Exception thrown during dispatchAppVisibility Window{7dea09b u0 me.vishok.locent/me.vishok.locent.MainActivity EXITING}
04-04 22:48:42.225 I/SurfaceFlinger( 1794): onHandleDestroyed: layerId=502546, name=6eb0863 ActivityRecordInputSink me.vishok.locent/.MainActivity#502546
04-04 22:48:42.227 V/WindowManagerShell( 2918): Transition requested (#35080): android.os.BinderProxy@82c608e TransitionRequestInfo { type = OPEN, triggerTask = TaskInfo{userId=0 taskId=10019 effectiveUid=10806 displayId=0 isRunning=true baseIntent=Intent { flg=0x10000000 cmp=me.vishok.locent/.MainActivity } baseActivity=ComponentInfo{me.vishok.locent/me.vishok.locent.MainActivity} topActivity=ComponentInfo{me.vishok.locent/me.vishok.locent.MainActivity} origActivity=null realActivity=ComponentInfo{me.vishok.locent/me.vishok.locent.MainActivity} numActivities=1 lastActiveTime=1663978640 supportsMultiWindow=true supportsGlobalFreeform=true resizeMode=1 isResizeable=true isAppLocked=false isShowDecorCaptionWindowRequest=false canKillAndRestart=true minWidth=-1 minHeight=-1 defaultMinSize=200 token=WCT{android.window.IWindowContainerToken$Stub$Proxy@c2490af} topActivityType=1 pictureInPictureParams=null shouldDockBigOverlays=false launchIntoPipHostTaskId=-1 lastParentTaskIdBeforePip=-1 displayCutoutSafeInsets=Rect(0, 128 - 0, 0) topActivityInfo=ActivityInfo{6011cbc me.vishok.locent.MainActivity} launchCookies=[] positionInParent=Point(0, 0) parentTaskId=-1 isFocused=false isVisible=false isVisibleRequested=false isTopActivityNoDisplay=false isSleeping=false locusId=null displayAreaFeatureId=1 isTopActivityTransparent=false isActivityStackTransparent=false lastNonFullscreenBounds=Rect(315, 776 - 906, 1996) capturedLink=null capturedLinkTimestamp=0 requestedVisibleTypes=-9 topActivityRequestOpenInBrowserEducationTimestamp=0 appCompatTaskInfo=AppCompatTaskInfo { topActivityInSizeCompat=false eligibleForLetterboxEducation= false isLetterboxEducationEnabled= false isLetterboxDoubleTapEnabled= false eligibleForUserAspectRatioButton= false topActivityBoundsLetterboxed= false isFromLetterboxDoubleTap= false topActivityLetterboxVerticalPosition= -1 topActivityLetterboxHorizontalPosition= -1 topActivityLetterboxWidth=-1 topActivityLetterboxHeight=-1 topActivityAppBounds=Rect(0, 0 - 1220, 2712) isUserFullscreenOverrideEnabled=false isSystemFullscreenOverrideEnabled=false hasMinAspectRatioOverride=false topActivityLetterboxBounds=null cameraCompatTaskInfo=CameraCompatTaskInfo { freeformCameraCompatMode=inactive}} topActivityMainWindowFrame=null}, pipChange = null, remoteTransition = null, displayChange = null, flags = 0, debugId = 35080 }
04-04 22:48:42.232 I/TopTaskTracker(12940): onTaskMovedToFront: (moved taskInfo to front) taskId=10019, baseIntent=Intent { flg=0x10000000 cmp=me.vishok.locent/.MainActivity }
04-04 22:48:42.235 I/PowerHalWrapper( 2313): amsBoostProcessCreate package:me.vishok.locent 
04-04 22:48:42.244 I/PowerHalWrapper( 2313): amsBoostNotify pid:8294,activity:org.chromium.chrome.browser.customtabs.CustomTabActivity, package:com.android.chrome, mProcessCreatePackme.vishok.locent 
04-04 22:48:42.249 D/BLASTBufferQueue( 2918): [VRI[locent]#48727](f:0,a:0) constructor()
04-04 22:48:42.249 D/BLASTBufferQueue( 2918): [VRI[locent]#48727](f:0,a:0) update width=1220 height=2712 format=-3 mTransformHint=0
04-04 22:48:42.256 D/BLASTBufferQueue( 2918): [VRI[locent]#48727](f:0,a:1) acquireNextBufferLocked size=1220x2712 mFrameNumber=1 applyTransaction=true mTimestamp=744047912263963(auto) mPendingTransactions.size=0 graphicBufferId=12532714996842 transform=0
04-04 22:48:42.269 I/ActivityManager( 2313): Start proc 10784:me.vishok.locent/u0a806 for next-top-activity {me.vishok.locent/me.vishok.locent.MainActivity}
04-04 22:48:42.281 V/WindowManager( 2313): Sent Transition (#35080) createdAt=04-04 22:48:42.216 via request=TransitionRequestInfo { type = OPEN, triggerTask = TaskInfo{userId=0 taskId=10019 effectiveUid=10806 displayId=0 isRunning=true baseIntent=Intent { flg=0x10000000 cmp=me.vishok.locent/.MainActivity } baseActivity=ComponentInfo{me.vishok.locent/me.vishok.locent.MainActivity} topActivity=ComponentInfo{me.vishok.locent/me.vishok.locent.MainActivity} origActivity=null realActivity=ComponentInfo{me.vishok.locent/me.vishok.locent.MainActivity} numActivities=1 lastActiveTime=1663978640 supportsMultiWindow=true supportsGlobalFreeform=true resizeMode=1 isResizeable=true isAppLocked=false isShowDecorCaptionWindowRequest=false canKillAndRestart=true minWidth=-1 minHeight=-1 defaultMinSize=200 token=WCT{RemoteToken{b32b5a Task{ed4e008 #10019 type=standard A=10806:me.vishok.locent}}} topActivityType=1 pictureInPictureParams=null shouldDockBigOverlays=false launchIntoPipHostTaskId=-1 lastParentTaskIdBeforePip=-1 displayCutoutSafeInsets=Rect(0, 128 - 0, 0) topActivityInfo=ActivityInfo{51b118b me.vishok.locent.MainActivity} launchCookies=[] positionInParent=Point(0, 0) parentTaskId=-1 isFocused=false isVisible=false isVisibleRequested=false isTopActivityNoDisplay=false isSleeping=false locusId=null displayAreaFeatureId=1 isTopActivityTransparent=false isActivityStackTransparent=false lastNonFullscreenBounds=Rect(315, 776 - 906, 1996) capturedLink=null capturedLinkTimestamp=0 requestedVisibleTypes=-9 topActivityRequestOpenInBrowserEducationTimestamp=0 appCompatTaskInfo=AppCompatTaskInfo { topActivityInSizeCompat=false eligibleForLetterboxEducation= false isLetterboxEducationEnabled= false isLetterboxDoubleTapEnabled= false eligibleForUserAspectRatioButton= false topActivityBoundsLetterboxed= false isFromLetterboxDoubleTap= false topActivityLetterboxVerticalPosition= -1 topActivityLetterboxHorizontalPosition= -1 topActivityLetterboxWidth=-1 topActivityLetterboxHeight=-1 topActivityAppBounds=Rect(0, 0 - 1220, 2712) isUserFullscreenOverrideEnabled=false isSystemFullscreenOverrideEnabled=false hasMinAspectRatioOverride=false topActivityLetterboxBounds=null cameraCompatTaskInfo=CameraCompatTaskInfo { freeformCameraCompatMode=inactive}} topActivityMainWindowFrame=null}, pipChange = null, remoteTransition = null, displayChange = null, flags = 0, debugId = 35080 }
04-04 22:48:42.281 V/WindowManager( 2313):         {WCT{RemoteToken{b32b5a Task{ed4e008 #10019 type=standard A=10806:me.vishok.locent}}} m=OPEN f=NONE pTaskId=-1 leash=Surface(name=Task=10019)/@0xbf46d87 sb=Rect(0, 0 - 1220, 2712) eb=Rect(0, 0 - 1220, 2712) epz=Point(1220, 2712) d=0 taskParent=-1},
04-04 22:48:42.290 I/e.vishok.locent(10784): Late-enabling -Xcheck:jni
04-04 22:48:42.324 I/e.vishok.locent(10784): Using CollectorTypeCMC GC.
04-04 22:48:42.345 I/ProximityAuth(12161): [RecentAppsMediator] Package added: (user=UserHandle{0}) me.vishok.locent
04-04 22:48:42.371 D/MAC/ActionCoreApplicationMC(17245): onTopResumedActivityChange()-->packageName=me.vishok.locent,isTop=true
04-04 22:48:42.374 I/PowerHalWrapper( 2313): amsBoostNotify pid:10784,activity:me.vishok.locent.MainActivity, package:me.vishok.locent, mProcessCreatePackme.vishok.locent 
04-04 22:48:42.374 I/ScnModule( 2313): [GameDetection] requestedPermissions1/1:: me.vishok.locent:: [android.permission.ACCESS_COARSE_LOCATION, android.permission.ACCESS_FINE_LOCATION, android.permission.INTERNET, android.permission.POST_NOTIFICATIONS, android.permission.ACCESS_NETWORK_STATE, me.vishok.locent.DYNAMIC_RECEIVER_NOT_EXPORTED_PERMISSION] 
04-04 22:48:42.374 D/GameMode(28476): onStartedActivityChange: componnent: ComponentInfo{me.vishok.locent/me.vishok.locent.MainActivity} entered launcher screen? true
04-04 22:48:42.381 I/ModeMonitor( 2313): TOP: Uid:10806, Name:me.vishok.locent, Top:true , App is top:true
04-04 22:48:42.381 I/ScnModule( 2313): [GameDetection] numOfPermissiom:: me.vishok.locent:: 6 
04-04 22:48:42.381 I/ScnModule( 2313): [GameDetection] inputPermissions:: me.vishok.locent:: [0.0, 0.0, 0.0, 0.0, 0.0, 0.0, 0.0, 0.0, 0.0, 0.0, 0.0, 0.0, 0.0, 0.0, 1.0, 0.0, 0.0, 1.0, 0.0, 0.0, 0.0, 0.0, 0.0, 0.0, 0.0, 1.0, 0.0, 0.0, 0.0, 0.0, 0.0, 0.0, 0.0, 0.0, 0.0, 0.0, 0.0, 0.0, 0.0, 0.0, 0.0, 1.0, 0.0, 0.0, 0.0, 0.0, 0.0, 0.0, 0.0, 0.0, 0.0, 0.0, 0.0, 0.0, 0.0, 0.0, 0.0, 0.0, 0.0, 0.0, 0.0, 0.0, 0.0, 0.0, 0.0, 0.0, 0.0, 0.0, 0.0, 0.0, 0.0, 0.0, 0.0, 0.0, 0.0, 0.0, 0.0, 0.0, 0.0, 0.0, 0.0, 0.0, 0.0, 0.0, 0.0, 0.0, 0.0, 0.0, 0.0, 0.0, 0.0, 0.0, 0.0, 0.0, 0.0, 0.0, 0.0, 0.0, 0.0, 0.0, 0.0, 0.0, 0.0, 0.0, 0.0, 0.0, 0.0, 0.0, 0.0, 0.0, 0.0, 0.0, 0.0, 0.0, 0.0, 0.0, 0.0, 0.0, 0.0, 0.0, 0.0, 0.0, 0.0, 0.0, 0.0, 0.0, 0.0, 0.0, 0.0, 0.0, 0.0, 0.0, 0.0, 0.0, 0.0, 0.0, 0.0, 0.0, 0.0, 0.0, 0.0, 0.0, 0.0, 0.0, 0.0, 0.0, 0.0, 0.0, 0.0, 0.0, 0.0, 0.0, 0.0, 0.0, 0.0, 0.0, 0.0, 0.0, 0.0, 0.0, 0.0, 0.0, 0.0, 0.0, 0.0, 0.0, 0.0, 0.0, 0.0, 0.0, 0.0, 0.0, 0.0, 0.0, 0.0, 0.0, 0.0, 0.0, 0.0, 0.0, 0.0, 0.0, 0.0, 0.0, 0.0, 0.0, 0.0, 0.0, 0.0, 0.0, 0.0, 0.0, 0.0, 0.0, 0.0, 0.0, 0.0, 0.0, 0.0, 0.0] 
04-04 22:48:42.381 I/ScnModule( 2313): [GameDetection] inputGameFeature:: me.vishok.locent:: [-1.4682515, 0.0, 0.0, 0.0] 
04-04 22:48:42.381 I/ScnModule( 2313): [GameDetection] GamePredictor:: me.vishok.locent:: nonGame:9.1961,isGame:-10.2263 
04-04 22:48:42.381 I/mtkpower_client( 2313): [PowerHal_Wrap_notifyAppState] me.vishok.locent/me.vishok.locent.MainActivity pid=10784 activityId:20446748 state:1
04-04 22:48:42.384 I/vendor.mediatek.hardware.mtkpower_applist-service.mediatek( 1738): packName: me.vishok.locent actName: me.vishok.locent.MainActivity pid: 10784 uid: 10806 state: 1
04-04 22:48:42.384 I/MTK_APPList( 1738): [notifyAPPstate] me.vishok.locent/me.vishok.locent.MainActivity, pid=10784, uid=10806, state:RESUMED, fps:-1, win:0
04-04 22:48:42.384 I/MTK_APPList( 1738): [notifyAPPstate] multi_resumed_app_info[1] me.vishok.locent/me.vishok.locent.MainActivity, pid:10784, fps:-1, isMultiWindow:0
04-04 22:48:42.384 I/MTK_APPList( 1738): [notifyAPPstate] foreground:me.vishok.locent, pid:10784, uid:10806
04-04 22:48:42.386 I/MTK_APPList( 1738): [notifyAPPstate] pc:0, com.android.chrome => me.vishok.locent
04-04 22:48:42.478 W/SQLiteLog( 8002): (28) double-quoted string literal: "me.vishok.locent"
04-04 22:48:42.748 I/SurfaceFlinger( 1794): onHandleDestroyed: layerId=502507, name=ActivityRecord{73443371 u0 me.vishok.locent/io.appwrite.views.CallbackActivity#502507
04-04 22:48:42.748 I/SurfaceFlinger( 1794): onHandleDestroyed: layerId=502453, name=ActivityRecord{210271766 u0 me.vishok.locent/.MainActivity#502453
04-04 22:48:42.777 I/SurfaceFlinger( 1794): onHandleDestroyed: layerId=502540, name=ActivityRecord{24106642 u0 me.vishok.locent/.MainActivity#502540
04-04 22:48:42.777 I/SurfaceFlinger( 1794): onHandleDestroyed: layerId=502548, name=7dea09b me.vishok.locent/me.vishok.locent.MainActivity#502548
04-04 22:48:42.777 I/SurfaceFlinger( 1794): onHandleDestroyed: layerId=502549, name=me.vishok.locent/me.vishok.locent.MainActivity#502549
04-04 22:48:42.847 D/nativeloader(10784): Configuring clns-9 for other apk /data/app/~~2_Sch-VLeJFZmMUpxJ0p1A==/me.vishok.locent-X9t1FsJ6U3O2Jvd4Iz7pMg==/base.apk. target_sdk_version=36, uses_libraries=, library_path=/data/app/~~2_Sch-VLeJFZmMUpxJ0p1A==/me.vishok.locent-X9t1FsJ6U3O2Jvd4Iz7pMg==/lib/arm64:/data/app/~~2_Sch-VLeJFZmMUpxJ0p1A==/me.vishok.locent-X9t1FsJ6U3O2Jvd4Iz7pMg==/base.apk!/lib/arm64-v8a, permitted_path=/data:/mnt/expand:/data/user/0/me.vishok.locent
04-04 22:48:42.864 V/GraphicsEnvironment(10784): me.vishok.locent is not listed in per-application setting
04-04 22:48:42.864 V/GraphicsEnvironment(10784): me.vishok.locent is not listed in ANGLE allowlist or settings, returning default
04-04 22:48:42.867 I/SurfaceFlinger( 1794): onHandleDestroyed: layerId=502552, name=Surface(name=7dea09b me.vishok.locent/me.vishok.locent.MainActivity)/@0x2df3411 - animation-leash of starting_reveal#502552
04-04 22:48:42.906 D/libMEOW (10784): applied 1 plugins for [me.vishok.locent]:
04-04 22:48:42.958 W/NotificationService( 2313): Toast already killed. pkg=me.vishok.locent token=android.os.BinderProxy@c752af2
04-04 22:48:42.980 W/ToastPresenter( 2918): Error calling back me.vishok.locent to notify onToastHide()
04-04 22:48:43.067 D/CoreBackPreview( 2313): Window{a68d7ab u0 me.vishok.locent/me.vishok.locent.MainActivity}: Setting back callback OnBackInvokedCallbackInfo{mCallback=android.window.IOnBackInvokedCallback$Stub$Proxy@d912b4, mPriority=-1, mIsAnimationCallback=false, mOverrideBehavior=0}
04-04 22:48:43.228 I/e.vishok.locent(10784): hiddenapi: Accessing hidden method Landroid/os/SystemProperties;->addChangeCallback(Ljava/lang/Runnable;)V (runtime_flags=0, domain=platform, api=unsupported) from Landroidx/compose/ui/platform/AndroidComposeView$Companion; (domain=app, TargetSdkVersion=36) using reflection: allowed
04-04 22:48:43.585 W/e.vishok.locent(10784): ClassLoaderContext classpath size mismatch. expected=1, found=0 (DLC[];PCL[base.apk*3532740154]{PCL[/system/framework/org.apache.http.legacy.jar*4247870504]#PCL[/system/framework/com.android.location.provider.jar*1570284764]#PCL[/system/framework/com.android.media.remotedisplay.jar*487574312]#PCL[/system_ext/framework/com.android.extensions.appfunctions.jar*2880224042]#PCL[/system_ext/framework/androidx.window.extensions.jar*3319845491]#PCL[/system_ext/framework/androidx.window.sidecar.jar*879035739]} | DLC[];PCL[])
04-04 22:48:43.618 I/e.vishok.locent(10784): hiddenapi: Accessing hidden method Ldalvik/system/VMStack;->getStackClass2()Ljava/lang/Class; (runtime_flags=0, domain=core-platform, api=unsupported) from Lm140/gwg; (domain=app, TargetSdkVersion=36) using reflection: allowed
04-04 22:48:43.628 I/e.vishok.locent(10784): Compiler allocated 5405KB to compile void android.view.ViewRootImpl.performTraversals()
04-04 22:48:43.659 I/PhenotypeResourceReader(12161): unable to find any Phenotype resource metadata for me.vishok.locent
04-04 22:48:43.675 I/PhenotypeResourceReader(12161): unable to find any Phenotype resource metadata for me.vishok.locent
04-04 22:48:43.678 I/PhenotypeResourceReader(12161): unable to find any Phenotype resource metadata for me.vishok.locent
04-04 22:48:43.924 D/libMEOW (10784): applied 1 plugins for [me.vishok.locent]:
04-04 22:48:43.957 I/AppsFilter( 2313): interaction: PackageSetting{486c99e me.vishok.locent/10806} -> PackageSetting{b9325fa com.motorola.actioncore/10290} BLOCKED
04-04 22:48:43.957 I/AppsFilter( 2313): interaction: PackageSetting{486c99e me.vishok.locent/10806} -> PackageSetting{c9587ab com.google.android.accessibility.switchaccess/10275} BLOCKED
04-04 22:48:44.033 D/ConnectivityService( 2313): requestNetwork for uid/pid:10806/10784 activeRequest: null callbackRequest: 149280 [NetworkRequest [ REQUEST id=149281, [ Capabilities: INTERNET&NOT_RESTRICTED&TRUSTED&NOT_VCN_MANAGED&NOT_BANDWIDTH_CONSTRAINED Uid: 10806 RequestorUid: 10806 RequestorPkg: me.vishok.locent UnderlyingNetworks: Null] ]] callback flags: 0 order: 2147483647 isUidTracked: false declaredMethods: AVAIL|LOST
04-04 22:48:44.037 D/WifiNetworkFactory( 2313): got request NetworkRequest [ REQUEST id=149281, [ Capabilities: INTERNET&NOT_RESTRICTED&TRUSTED&NOT_VCN_MANAGED&NOT_BANDWIDTH_CONSTRAINED Uid: 10806 RequestorUid: 10806 RequestorPkg: me.vishok.locent UnderlyingNetworks: Null] ]
04-04 22:48:44.037 D/UntrustedWifiNetworkFactory( 2313): got request NetworkRequest [ REQUEST id=149281, [ Capabilities: INTERNET&NOT_RESTRICTED&TRUSTED&NOT_VCN_MANAGED&NOT_BANDWIDTH_CONSTRAINED Uid: 10806 RequestorUid: 10806 RequestorPkg: me.vishok.locent UnderlyingNetworks: Null] ]
04-04 22:48:44.037 D/OemPaidWifiNetworkFactory( 2313): got request NetworkRequest [ REQUEST id=149281, [ Capabilities: INTERNET&NOT_RESTRICTED&TRUSTED&NOT_VCN_MANAGED&NOT_BANDWIDTH_CONSTRAINED Uid: 10806 RequestorUid: 10806 RequestorPkg: me.vishok.locent UnderlyingNetworks: Null] ]
04-04 22:48:44.037 D/MultiInternetWifiNetworkFactory( 2313): got request NetworkRequest [ REQUEST id=149281, [ Capabilities: INTERNET&NOT_RESTRICTED&TRUSTED&NOT_VCN_MANAGED&NOT_BANDWIDTH_CONSTRAINED Uid: 10806 RequestorUid: 10806 RequestorPkg: me.vishok.locent UnderlyingNetworks: Null] ]
04-04 22:48:44.093 E/e.vishok.locent(10784): [perfctl] 10784 10784 FPSGO ver:7
04-04 22:48:44.093 E/e.vishok.locent(10784): [perfctl] 1 1 1 0
04-04 22:48:44.100 I/mali_platform_hal( 1714): useCompressionGles pid=10784, procName=me.vishok.locent, 0
04-04 22:48:44.103 D/SurfaceComposerClient( 2313): Transaction::apply InputWindowCommands.focusRequests timestamp=744049747730732, windowName=a68d7ab me.vishok.locent/me.vishok.locent.MainActivity
04-04 22:48:44.118 D/SurfaceFlinger( 1794): updateWinowInfo=1, setFocusedWindow timestamp=744049747730732, windowName=a68d7ab me.vishok.locent/me.vishok.locent.MainActivity
04-04 22:48:44.153 D/libMEOW (10784): applied 1 plugins for [me.vishok.locent]:
04-04 22:48:44.197 I/ActivityTaskManager( 2313): Displayed me.vishok.locent/.MainActivity for user 0: +2s79ms
04-04 22:48:44.202 D/BLASTBufferQueue( 2918): [VRI[locent]#48727](f:0,a:1) destructor()
04-04 22:48:44.202 D/BufferQueueConsumer( 2918): [Splash Screen me.vishok.locent#502613(BLAST Consumer)pid:2918](id:b660000c273,api:0,p:-1,c:2918) disconnect
04-04 22:48:44.205 I/PowerHalWrapper( 2313): amsBoostNotify pid:8294,activity:org.chromium.chrome.browser.customtabs.CustomTabActivity, package:com.android.chrome, mProcessCreatePackme.vishok.locent 
04-04 22:48:44.206 I/MTK_APPList( 1738): [notifyAPPstate] multi_resumed_app_info[1] me.vishok.locent/me.vishok.locent.MainActivity, pid:10784, fps:-1, isMultiWindow:0
04-04 22:48:44.283 I/ImeTracker( 2313): me.vishok.locent:c5a40ee8: onRequestHide at ORIGIN_SERVER reason HIDE_UNSPECIFIED_WINDOW fromUser false
04-04 22:48:44.291 I/GoogleInputMethodService(29000): GoogleInputMethodService.onStartInput():1434 onStartInput(EditorInfo{EditorInfo{packageName=me.vishok.locent, inputType=0, inputTypeString=NULL, enableLearning=false, autoCorrection=false, autoComplete=false, imeOptions=0, privateImeOptions=null, actionName=UNSPECIFIED, actionLabel=null, initialSelStart=-1, initialSelEnd=-1, initialCapsMode=0, label=null, fieldId=0, fieldName=null, extras=null, hintText=null, hintLocales=[]}}, false)
04-04 22:48:44.300 W/PackageConfigPersister( 2313): App-specific configuration not found for packageName: me.vishok.locent and userId: 0
04-04 22:48:44.363 I/ImeTracker(10784): me.vishok.locent:c5a40ee8: onCancelled at PHASE_CLIENT_ALREADY_HIDDEN
04-04 22:48:44.382 I/SurfaceFlinger( 1794): onHandleDestroyed: layerId=502613, name=Splash Screen me.vishok.locent#502613
04-04 22:48:44.382 I/SurfaceFlinger( 1794): onHandleDestroyed: layerId=502624, name=Surface(name=e845b38 Splash Screen me.vishok.locent)/@0x753076 - animation-leash of window_animation#502624
04-04 22:48:44.382 I/SurfaceFlinger( 1794): onHandleDestroyed: layerId=502612, name=e845b38 Splash Screen me.vishok.locent#502612
04-04 22:48:44.393 W/MotoBatteryCareService( 2313): uid: 10806 pkgName:me.vishok.locent come to foreground
04-04 22:48:45.324 I/e.vishok.locent(10784): Compiler allocated 6680KB to compile void m140.ekm.W(m140.epa, m140.fiw, android.content.res.Resources, m140.emr, m140.exp, boolean, m140.dkr, java.util.Map, boolean, boolean, boolean, boolean, boolean)
04-04 22:48:45.381 I/BufferQueueProducer( 1794): [me.vishok.locent/me.vishok.locent.MainActivity#502620](this:0xb400007dbfd58070,id:-1,api:0,p:-1,c:1794) queueBuffer: fps=10.94 dur=1188.04 max=622.26 min=11.33
04-04 22:48:45.513 W/e.vishok.locent(10784): userfaultfd: MOVE ioctl seems unsupported: Try again
04-04 22:48:45.573 I/e.vishok.locent(10784): Compiler allocated 7460KB to compile void m140.ekm.W(m140.epa, m140.fiw, android.content.res.Resources, m140.emr, m140.exp, boolean, m140.dkr, java.util.Map, boolean, boolean, boolean, boolean, boolean)
04-04 22:48:45.700 W/e.vishok.locent(10784): ClassLoaderContext classpath element checksum mismatch. expected=3532740154, found=1576893373 (DLC[];PCL[base.apk*3532740154]{PCL[/system/framework/org.apache.http.legacy.jar*4247870504]#PCL[/system/framework/com.android.location.provider.jar*1570284764]#PCL[/system/framework/com.android.media.remotedisplay.jar*487574312]#PCL[/system_ext/framework/com.android.extensions.appfunctions.jar*2880224042]#PCL[/system_ext/framework/androidx.window.extensions.jar*3319845491]#PCL[/system_ext/framework/androidx.window.sidecar.jar*879035739]} | DLC[];PCL[/data/app/~~2_Sch-VLeJFZmMUpxJ0p1A==/me.vishok.locent-X9t1FsJ6U3O2Jvd4Iz7pMg==/base.apk*1576893373]{PCL[/system_ext/framework/androidx.window.extensions.jar*3319845491]#PCL[/system_ext/framework/androidx.window.sidecar.jar*879035739]})
04-04 22:48:45.830 I/e.vishok.locent(10784): Compiler allocated 4428KB to compile void m140.efl.c(m140.dlg, m140.eed, m140.egg, m140.end, boolean)
04-04 22:48:48.546 I/MTK_APPList( 1738): [notifyAPPstate] multi_resumed_app_info[1] me.vishok.locent/me.vishok.locent.MainActivity, pid:10784, fps:-1, isMultiWindow:0
04-04 22:48:48.714 D/ProfileInstaller(10784): Installing profile for me.vishok.locent
04-04 22:48:50.881 I/BufferQueueProducer( 1794): [me.vishok.locent/me.vishok.locent.MainActivity#502620](this:0xb400007dbfd58070,id:-1,api:0,p:-1,c:1794) queueBuffer: fps=2.55 dur=5500.22 max=4855.91 min=21.93
04-04 22:48:51.224 I/e.vishok.locent(10784): Compiler allocated 5705KB to compile void m140.esk.o()
04-04 22:48:51.514 I/e.vishok.locent(10784): Compiler allocated 4150KB to compile m140.eow m140.epa.l(m140.bbf, m140.ilq, m140.eoo, byte[], boolean, m140.cfe, m140.dfl, java.lang.Iterable)
04-04 22:48:51.892 I/BufferQueueProducer( 1794): [me.vishok.locent/me.vishok.locent.MainActivity#502620](this:0xb400007dbfd58070,id:-1,api:0,p:-1,c:1794) queueBuffer: fps=28.69 dur=1010.92 max=277.33 min=11.05
04-04 22:48:52.712 I/AppsFilter( 2313): interaction: PackageSetting{486c99e me.vishok.locent/10806} -> PackageSetting{f8be226 com.google.android.inputmethod.latin/10264} BLOCKED
04-04 22:48:52.757 I/ImeTracker(10784): me.vishok.locent:7a8d4246: onRequestShow at ORIGIN_CLIENT reason SHOW_SOFT_INPUT_BY_INSETS_API fromUser false
04-04 22:48:52.761 I/GoogleInputMethodService(29000): GoogleInputMethodService.onStartInput():1434 onStartInput(EditorInfo{EditorInfo{packageName=me.vishok.locent, inputType=8001, inputTypeString=Normal[AutoCorrect], enableLearning=true, autoCorrection=true, autoComplete=true, imeOptions=2000006, privateImeOptions=null, actionName=DONE, actionLabel=null, initialSelStart=0, initialSelEnd=0, initialCapsMode=0, label=null, fieldId=-1, fieldName=null, extras=Bundle[mParcelledData.dataSize=404], hintText=null, hintLocales=[]}}, false)
04-04 22:48:52.763 I/GoogleInputMethodService(29000): GoogleInputMethodService.onStartInput():1434 onStartInput(EditorInfo{EditorInfo{packageName=me.vishok.locent, inputType=8001, inputTypeString=Normal[AutoCorrect], enableLearning=true, autoCorrection=true, autoComplete=true, imeOptions=2000006, privateImeOptions=null, actionName=DONE, actionLabel=null, initialSelStart=0, initialSelEnd=0, initialCapsMode=0, label=null, fieldId=-1, fieldName=null, extras=Bundle[mParcelledData.dataSize=404], hintText=null, hintLocales=[]}}, true)
04-04 22:48:52.763 W/PackageConfigPersister( 2313): App-specific configuration not found for packageName: me.vishok.locent and userId: 0
04-04 22:48:52.766 I/GoogleInputMethodService(29000): GoogleInputMethodService.onStartInputView():1519 onStartInputView(EditorInfo{EditorInfo{packageName=me.vishok.locent, inputType=8001, inputTypeString=Normal[AutoCorrect], enableLearning=true, autoCorrection=true, autoComplete=true, imeOptions=2000006, privateImeOptions=null, actionName=DONE, actionLabel=null, initialSelStart=0, initialSelEnd=0, initialCapsMode=0, label=null, fieldId=-1, fieldName=null, extras=Bundle[{android.support.text.emoji.emojiCompat_metadataVersion=12, androidx.core.view.inputmethod.EditorInfoCompat.STYLUS_HANDWRITING_ENABLED=true, android.support.text.emoji.emojiCompat_replaceAll=false}], hintText=null, hintLocales=[]}}, false)
04-04 22:48:52.766 W/PackageConfigPersister( 2313): App-specific configuration not found for packageName: me.vishok.locent and userId: 0
04-04 22:48:52.772 D/ContentCapturePerUserService( 2313): Notified activity assist data for activity: Token{ddbf4b4 ActivityRecord{20446748 u0 me.vishok.locent/.MainActivity t10019}} without a session Id
04-04 22:48:52.811 I/ImeTracker(10784): me.vishok.locent:f981bbd9: onRequestShow at ORIGIN_CLIENT reason SHOW_SOFT_INPUT fromUser false
04-04 22:48:52.812 I/ImeTracker(10784): me.vishok.locent:f981bbd9: onCancelled at PHASE_CLIENT_REPORT_REQUESTED_VISIBLE_TYPES
04-04 22:48:52.813 I/AndroidIME(29000): AbstractIme.onActivate():95 LatinIme.onActivate() : EditorInfo = EditorInfo{packageName=me.vishok.locent, inputType=8001, inputTypeString=Normal[AutoCorrect], enableLearning=true, autoCorrection=true, autoComplete=true, imeOptions=2000006, privateImeOptions=null, actionName=DONE, actionLabel=null, initialSelStart=0, initialSelEnd=0, initialCapsMode=0, label=null, fieldId=-1, fieldName=null, extras=Bundle[{android.support.text.emoji.emojiCompat_metadataVersion=12, androidx.core.view.inputmethod.EditorInfoCompat.STYLUS_HANDWRITING_ENABLED=true, android.support.text.emoji.emojiCompat_replaceAll=false}], hintText=null, hintLocales=[]}, IncognitoMode = false, DeviceLocked = false
04-04 22:48:52.862 D/CoreBackPreview( 2313): Window{a68d7ab u0 me.vishok.locent/me.vishok.locent.MainActivity}: Setting back callback OnBackInvokedCallbackInfo{mCallback=android.window.IOnBackInvokedCallback$Stub$Proxy@f6b5c0e, mPriority=0, mIsAnimationCallback=true, mOverrideBehavior=0}
04-04 22:48:52.885 W/InteractionJankMonitor(10784): Initializing without READ_DEVICE_CONFIG permission. enabled=false, interval=1, missedFrameThreshold=3, frameTimeThreshold=64, package=me.vishok.locent
04-04 22:48:52.903 I/BufferQueueProducer( 1794): [me.vishok.locent/me.vishok.locent.MainActivity#502620](this:0xb400007dbfd58070,id:-1,api:0,p:-1,c:1794) queueBuffer: fps=23.73 dur=1011.26 max=511.22 min=10.86
04-04 22:48:53.176 I/ImeTracker(10784): me.vishok.locent:7a8d4246: onShown
04-04 22:48:53.936 I/BufferQueueProducer( 1794): [me.vishok.locent/me.vishok.locent.MainActivity#502620](this:0xb400007dbfd58070,id:-1,api:0,p:-1,c:1794) queueBuffer: fps=31.94 dur=1033.13 max=455.32 min=10.89
04-04 22:48:55.392 I/BufferQueueProducer( 1794): [me.vishok.locent/me.vishok.locent.MainActivity#502620](this:0xb400007dbfd58070,id:-1,api:0,p:-1,c:1794) queueBuffer: fps=6.18 dur=1455.63 max=522.22 min=11.10
04-04 22:48:55.409 I/ImeTracker(10784): me.vishok.locent:e212cb8f: onRequestHide at ORIGIN_CLIENT reason HIDE_SOFT_INPUT_BY_INSETS_API fromUser false
04-04 22:48:55.410 D/CoreBackPreview( 2313): Window{a68d7ab u0 me.vishok.locent/me.vishok.locent.MainActivity}: Setting back callback OnBackInvokedCallbackInfo{mCallback=android.window.IOnBackInvokedCallback$Stub$Proxy@93adee6, mPriority=-1, mIsAnimationCallback=false, mOverrideBehavior=0}
04-04 22:48:56.503 I/BufferQueueProducer( 1794): [me.vishok.locent/me.vishok.locent.MainActivity#502620](this:0xb400007dbfd58070,id:-1,api:0,p:-1,c:1794) queueBuffer: fps=24.30 dur=1111.15 max=499.90 min=11.06
04-04 22:48:56.552 I/GoogleInputMethodService(29000): GoogleInputMethodService.onStartInput():1434 onStartInput(EditorInfo{EditorInfo{packageName=me.vishok.locent, inputType=8001, inputTypeString=Normal[AutoCorrect], enableLearning=true, autoCorrection=true, autoComplete=true, imeOptions=2000006, privateImeOptions=null, actionName=DONE, actionLabel=null, initialSelStart=0, initialSelEnd=0, initialCapsMode=0, label=null, fieldId=-1, fieldName=null, extras=Bundle[mParcelledData.dataSize=404], hintText=null, hintLocales=[]}}, true)
04-04 22:48:56.553 W/PackageConfigPersister( 2313): App-specific configuration not found for packageName: me.vishok.locent and userId: 0
04-04 22:48:57.514 I/BufferQueueProducer( 1794): [me.vishok.locent/me.vishok.locent.MainActivity#502620](this:0xb400007dbfd58070,id:-1,api:0,p:-1,c:1794) queueBuffer: fps=43.51 dur=1011.35 max=88.97 min=10.90
04-04 22:48:58.526 I/BufferQueueProducer( 1794): [me.vishok.locent/me.vishok.locent.MainActivity#502620](this:0xb400007dbfd58070,id:-1,api:0,p:-1,c:1794) queueBuffer: fps=28.65 dur=1012.08 max=310.79 min=21.71
04-04 22:48:59.630 I/BufferQueueProducer( 1794): [me.vishok.locent/me.vishok.locent.MainActivity#502620](this:0xb400007dbfd58070,id:-1,api:0,p:-1,c:1794) queueBuffer: fps=2.72 dur=1103.54 max=503.66 min=111.14
04-04 22:49:00.107 D/CoreBackPreview( 2313): Window{a68d7ab u0 me.vishok.locent/me.vishok.locent.MainActivity}: Setting back callback OnBackInvokedCallbackInfo{mCallback=android.window.IOnBackInvokedCallback$Stub$Proxy@a3f5734, mPriority=0, mIsAnimationCallback=true, mOverrideBehavior=0}
04-04 22:49:00.513 W/System.err(10784): io.appwrite.exceptions.AppwriteException: Database with the requested ID '69d121b800034f5b3c4b6' could not be found.
04-04 22:49:00.513 W/System.err(10784): 	at io.appwrite.Client$awaitResponse$2$1.onResponse(Client.kt:502)
04-04 22:49:00.637 I/BufferQueueProducer( 1794): [me.vishok.locent/me.vishok.locent.MainActivity#502620](this:0xb400007dbfd58070,id:-1,api:0,p:-1,c:1794) queueBuffer: fps=51.64 dur=1006.97 max=398.83 min=10.79
04-04 22:49:00.914 I/ImeTracker(10784): me.vishok.locent:86f28a74: onRequestHide at ORIGIN_CLIENT reason HIDE_SOFT_INPUT_BY_INSETS_API fromUser false
04-04 22:49:00.914 I/ImeTracker(10784): me.vishok.locent:86f28a74: onCancelled at PHASE_CLIENT_ALREADY_HIDDEN
04-04 22:49:00.918 I/GoogleInputMethodService(29000): GoogleInputMethodService.onStartInput():1434 onStartInput(EditorInfo{EditorInfo{packageName=me.vishok.locent, inputType=0, inputTypeString=NULL, enableLearning=false, autoCorrection=false, autoComplete=false, imeOptions=0, privateImeOptions=null, actionName=UNSPECIFIED, actionLabel=null, initialSelStart=-1, initialSelEnd=-1, initialCapsMode=0, label=null, fieldId=0, fieldName=null, extras=null, hintText=null, hintLocales=[]}}, true)
04-04 22:49:00.919 W/PackageConfigPersister( 2313): App-specific configuration not found for packageName: me.vishok.locent and userId: 0
04-04 22:49:03.658 I/BufferQueueProducer( 1794): [me.vishok.locent/me.vishok.locent.MainActivity#502620](this:0xb400007dbfd58070,id:-1,api:0,p:-1,c:1794) queueBuffer: fps=5.96 dur=3021.74 max=2755.34 min=10.96
04-04 22:49:03.713 D/CoreBackPreview( 2313): Window{a68d7ab u0 me.vishok.locent/me.vishok.locent.MainActivity}: Setting back callback OnBackInvokedCallbackInfo{mCallback=android.window.IOnBackInvokedCallback$Stub$Proxy@2258cc, mPriority=-1, mIsAnimationCallback=false, mOverrideBehavior=0}
04-04 22:49:03.778 I/PhenotypeResourceReader(12161): unable to find any Phenotype resource metadata for me.vishok.locent
04-04 22:49:03.862 D/libMEOW (10784): applied 1 plugins for [me.vishok.locent]:
04-04 22:49:03.997 I/e.vishok.locent(10784): Background concurrent mark compact GC freed 47MB AllocSpace bytes, 397(32MB) LOS objects, 74% free, 32MB/128MB, paused 663us,3.458ms total 110.346ms
04-04 22:49:04.869 I/AppsFilter( 2313): interaction: PackageSetting{486c99e me.vishok.locent/10806} -> PackageSetting{f8be226 com.google.android.inputmethod.latin/10264} BLOCKED
04-04 22:49:04.897 I/ImeTracker(10784): me.vishok.locent:778dd68a: onRequestShow at ORIGIN_CLIENT reason SHOW_SOFT_INPUT_BY_INSETS_API fromUser false
04-04 22:49:04.899 I/GoogleInputMethodService(29000): GoogleInputMethodService.onStartInput():1434 onStartInput(EditorInfo{EditorInfo{packageName=me.vishok.locent, inputType=8001, inputTypeString=Normal[AutoCorrect], enableLearning=true, autoCorrection=true, autoComplete=true, imeOptions=2000003, privateImeOptions=null, actionName=SEARCH, actionLabel=null, initialSelStart=0, initialSelEnd=0, initialCapsMode=0, label=null, fieldId=-1, fieldName=null, extras=Bundle[mParcelledData.dataSize=404], hintText=null, hintLocales=[]}}, true)
04-04 22:49:04.901 W/PackageConfigPersister( 2313): App-specific configuration not found for packageName: me.vishok.locent and userId: 0
04-04 22:49:04.903 I/GoogleInputMethodService(29000): GoogleInputMethodService.onStartInputView():1519 onStartInputView(EditorInfo{EditorInfo{packageName=me.vishok.locent, inputType=8001, inputTypeString=Normal[AutoCorrect], enableLearning=true, autoCorrection=true, autoComplete=true, imeOptions=2000003, privateImeOptions=null, actionName=SEARCH, actionLabel=null, initialSelStart=0, initialSelEnd=0, initialCapsMode=0, label=null, fieldId=-1, fieldName=null, extras=Bundle[{android.support.text.emoji.emojiCompat_metadataVersion=12, androidx.core.view.inputmethod.EditorInfoCompat.STYLUS_HANDWRITING_ENABLED=true, android.support.text.emoji.emojiCompat_replaceAll=false}], hintText=null, hintLocales=[]}}, false)
04-04 22:49:04.906 D/ContentCapturePerUserService( 2313): Notified activity assist data for activity: Token{ddbf4b4 ActivityRecord{20446748 u0 me.vishok.locent/.MainActivity t10019}} without a session Id
