04-04 22:45:34.896 I/ImeTracker( 8797): me.vishok.locent:1d88033a: onCancelled at PHASE_CLIENT_REPORT_REQUESTED_VISIBLE_TYPES
04-04 22:45:34.897 I/AndroidIME(29000): AbstractIme.onActivate():95 LatinIme.onActivate() : EditorInfo = EditorInfo{packageName=me.vishok.locent, inputType=8001, inputTypeString=Normal[AutoCorrect], enableLearning=true, autoCorrection=true, autoComplete=true, imeOptions=2000003, privateImeOptions=null, actionName=SEARCH, actionLabel=null, initialSelStart=0, initialSelEnd=0, initialCapsMode=0, label=null, fieldId=-1, fieldName=null, extras=Bundle[{android.support.text.emoji.emojiCompat_metadataVersion=12, androidx.core.view.inputmethod.EditorInfoCompat.STYLUS_HANDWRITING_ENABLED=true, android.support.text.emoji.emojiCompat_replaceAll=false}], hintText=null, hintLocales=[]}, IncognitoMode = false, DeviceLocked = false
04-04 22:45:34.898 I/BufferQueueProducer( 1794): [me.vishok.locent/me.vishok.locent.MainActivity#502549](this:0xb400007dbfccf570,id:-1,api:0,p:-1,c:1794) queueBuffer: fps=32.80 dur=1066.98 max=333.58 min=10.95
04-04 22:45:34.920 D/CoreBackPreview( 2313): Window{7dea09b u0 me.vishok.locent/me.vishok.locent.MainActivity}: Setting back callback OnBackInvokedCallbackInfo{mCallback=android.window.IOnBackInvokedCallback$Stub$Proxy@26cd6cc, mPriority=0, mIsAnimationCallback=true, mOverrideBehavior=0}
04-04 22:45:35.248 I/ImeTracker( 8797): me.vishok.locent:d777cd08: onShown
04-04 22:45:35.920 I/BufferQueueProducer( 1794): [me.vishok.locent/me.vishok.locent.MainActivity#502549](this:0xb400007dbfccf570,id:-1,api:0,p:-1,c:1794) queueBuffer: fps=36.20 dur=1022.13 max=433.25 min=10.90
04-04 22:45:36.942 I/BufferQueueProducer( 1794): [me.vishok.locent/me.vishok.locent.MainActivity#502549](this:0xb400007dbfccf570,id:-1,api:0,p:-1,c:1794) queueBuffer: fps=31.31 dur=1022.11 max=266.69 min=11.04
04-04 22:45:37.953 I/BufferQueueProducer( 1794): [me.vishok.locent/me.vishok.locent.MainActivity#502549](this:0xb400007dbfccf570,id:-1,api:0,p:-1,c:1794) queueBuffer: fps=11.87 dur=1011.12 max=466.70 min=11.05
04-04 22:45:39.053 I/BufferQueueProducer( 1794): [me.vishok.locent/me.vishok.locent.MainActivity#502549](this:0xb400007dbfccf570,id:-1,api:0,p:-1,c:1794) queueBuffer: fps=16.36 dur=1100.05 max=344.44 min=11.05
04-04 22:45:40.453 I/BufferQueueProducer( 1794): [me.vishok.locent/me.vishok.locent.MainActivity#502549](this:0xb400007dbfccf570,id:-1,api:0,p:-1,c:1794) queueBuffer: fps=10.00 dur=1400.06 max=488.06 min=11.02
04-04 22:45:41.653 I/BufferQueueProducer( 1794): [me.vishok.locent/me.vishok.locent.MainActivity#502549](this:0xb400007dbfccf570,id:-1,api:0,p:-1,c:1794) queueBuffer: fps=10.83 dur=1200.00 max=322.06 min=11.06
04-04 22:45:41.704 I/ImeTracker( 8797): me.vishok.locent:8a04b1da: onRequestHide at ORIGIN_CLIENT reason HIDE_SOFT_INPUT_BY_INSETS_API fromUser false
04-04 22:45:41.704 D/CoreBackPreview( 2313): Window{7dea09b u0 me.vishok.locent/me.vishok.locent.MainActivity}: Setting back callback OnBackInvokedCallbackInfo{mCallback=android.window.IOnBackInvokedCallback$Stub$Proxy@3acc830, mPriority=-1, mIsAnimationCallback=false, mOverrideBehavior=0}
04-04 22:45:42.654 I/BufferQueueProducer( 1794): [me.vishok.locent/me.vishok.locent.MainActivity#502549](this:0xb400007dbfccf570,id:-1,api:0,p:-1,c:1794) queueBuffer: fps=88.95 dur=1000.52 max=22.15 min=10.15
04-04 22:45:43.666 I/BufferQueueProducer( 1794): [me.vishok.locent/me.vishok.locent.MainActivity#502549](this:0xb400007dbfccf570,id:-1,api:0,p:-1,c:1794) queueBuffer: fps=69.17 dur=1012.06 max=33.35 min=10.59
04-04 22:45:44.688 I/BufferQueueProducer( 1794): [me.vishok.locent/me.vishok.locent.MainActivity#502549](this:0xb400007dbfccf570,id:-1,api:0,p:-1,c:1794) queueBuffer: fps=45.00 dur=1022.14 max=33.45 min=10.70
04-04 22:45:45.688 I/BufferQueueProducer( 1794): [me.vishok.locent/me.vishok.locent.MainActivity#502549](this:0xb400007dbfccf570,id:-1,api:0,p:-1,c:1794) queueBuffer: fps=44.99 dur=1000.18 max=33.72 min=10.82
04-04 22:45:46.710 I/BufferQueueProducer( 1794): [me.vishok.locent/me.vishok.locent.MainActivity#502549](this:0xb400007dbfccf570,id:-1,api:0,p:-1,c:1794) queueBuffer: fps=45.01 dur=1021.90 max=33.54 min=10.47
04-04 22:45:47.724 I/BufferQueueProducer( 1794): [me.vishok.locent/me.vishok.locent.MainActivity#502549](this:0xb400007dbfccf570,id:-1,api:0,p:-1,c:1794) queueBuffer: fps=45.35 dur=1014.33 max=33.39 min=10.88
04-04 22:45:48.669 D/CoreBackPreview( 2313): Window{7dea09b u0 me.vishok.locent/me.vishok.locent.MainActivity}: Setting back callback OnBackInvokedCallbackInfo{mCallback=android.window.IOnBackInvokedCallback$Stub$Proxy@4c0b4b7, mPriority=0, mIsAnimationCallback=true, mOverrideBehavior=0}
04-04 22:45:48.791 I/BufferQueueProducer( 1794): [me.vishok.locent/me.vishok.locent.MainActivity#502549](this:0xb400007dbfccf570,id:-1,api:0,p:-1,c:1794) queueBuffer: fps=41.26 dur=1066.40 max=88.93 min=21.24
04-04 22:45:49.518 I/ImeTracker( 8797): me.vishok.locent:408e3b75: onRequestHide at ORIGIN_CLIENT reason HIDE_SOFT_INPUT_BY_INSETS_API fromUser false
04-04 22:45:49.519 I/ImeTracker( 8797): me.vishok.locent:408e3b75: onCancelled at PHASE_CLIENT_ALREADY_HIDDEN
04-04 22:45:49.526 I/GoogleInputMethodService(29000): GoogleInputMethodService.onStartInput():1434 onStartInput(EditorInfo{EditorInfo{packageName=me.vishok.locent, inputType=0, inputTypeString=NULL, enableLearning=false, autoCorrection=false, autoComplete=false, imeOptions=0, privateImeOptions=null, actionName=UNSPECIFIED, actionLabel=null, initialSelStart=-1, initialSelEnd=-1, initialCapsMode=0, label=null, fieldId=0, fieldName=null, extras=null, hintText=null, hintLocales=[]}}, true)
04-04 22:45:49.529 W/PackageConfigPersister( 2313): App-specific configuration not found for packageName: me.vishok.locent and userId: 0
04-04 22:45:51.706 I/ImeTracker( 2313): me.vishok.locent:8a04b1da: setFinished at PHASE_CLIENT_ANIMATION_CANCEL with STATUS_TIMEOUT
04-04 22:45:58.407 D/ActivityThread( 1498): Package [me.vishok.locent] reported as REPLACED, but missing application info. Assuming REMOVED.
04-04 22:45:58.409 D/ActivityThread( 1498): Package [me.vishok.locent] reported as REPLACED, but missing application info. Assuming REMOVED.
04-04 22:45:58.410 D/ActivityThread( 1498): Package [me.vishok.locent] reported as REPLACED, but missing application info. Assuming REMOVED.
04-04 22:45:58.411 D/ActivityThread( 1498): Package [me.vishok.locent] reported as REPLACED, but missing application info. Assuming REMOVED.
04-04 22:46:59.561 D/CoreBackPreview( 2313): startBackNavigation currentTask=Task{e32ec60 #10018 type=standard A=10806:me.vishok.locent}, topRunningActivity=ActivityRecord{24106642 u0 me.vishok.locent/.MainActivity t10018}, callbackInfo=OnBackInvokedCallbackInfo{mCallback=android.window.IOnBackInvokedCallback$Stub$Proxy@4c0b4b7, mPriority=0, mIsAnimationCallback=true, mOverrideBehavior=0}, currentFocus=Window{7dea09b u0 me.vishok.locent/me.vishok.locent.MainActivity}
04-04 22:46:59.613 I/PhenotypeResourceReader(12161): unable to find any Phenotype resource metadata for me.vishok.locent
04-04 22:46:59.668 D/libMEOW ( 8797): applied 1 plugins for [me.vishok.locent]:
04-04 22:46:59.678 I/BufferQueueProducer( 1794): [me.vishok.locent/me.vishok.locent.MainActivity#502549](this:0xb400007dbfccf570,id:-1,api:0,p:-1,c:1794) queueBuffer: fps=0.51 dur=70887.20 max=70042.38 min=20.69
04-04 22:46:59.705 D/CoreBackPreview( 2313): Window{7dea09b u0 me.vishok.locent/me.vishok.locent.MainActivity}: Setting back callback OnBackInvokedCallbackInfo{mCallback=android.window.IOnBackInvokedCallback$Stub$Proxy@4a341a, mPriority=-1, mIsAnimationCallback=false, mOverrideBehavior=0}
04-04 22:47:01.144 I/BufferQueueProducer( 1794): [me.vishok.locent/me.vishok.locent.MainActivity#502549](this:0xb400007dbfccf570,id:-1,api:0,p:-1,c:1794) queueBuffer: fps=46.37 dur=1466.60 max=532.63 min=10.69
04-04 22:47:02.155 I/BufferQueueProducer( 1794): [me.vishok.locent/me.vishok.locent.MainActivity#502549](this:0xb400007dbfccf570,id:-1,api:0,p:-1,c:1794) queueBuffer: fps=44.51 dur=1010.99 max=44.57 min=10.89
04-04 22:47:03.167 I/BufferQueueProducer( 1794): [me.vishok.locent/me.vishok.locent.MainActivity#502549](this:0xb400007dbfccf570,id:-1,api:0,p:-1,c:1794) queueBuffer: fps=36.59 dur=1011.15 max=244.16 min=11.01
04-04 22:47:04.366 I/BufferQueueProducer( 1794): [me.vishok.locent/me.vishok.locent.MainActivity#502549](this:0xb400007dbfccf570,id:-1,api:0,p:-1,c:1794) queueBuffer: fps=20.00 dur=1199.90 max=711.13 min=11.05
04-04 22:47:06.212 I/BufferQueueProducer( 1794): [me.vishok.locent/me.vishok.locent.MainActivity#502549](this:0xb400007dbfccf570,id:-1,api:0,p:-1,c:1794) queueBuffer: fps=7.59 dur=1845.04 max=1578.38 min=11.12
04-04 22:47:09.735 I/BufferQueueProducer( 1794): [me.vishok.locent/me.vishok.locent.MainActivity#502549](this:0xb400007dbfccf570,id:-1,api:0,p:-1,c:1794) queueBuffer: fps=0.57 dur=3523.82 max=3512.60 min=11.22
04-04 22:47:10.756 I/BufferQueueProducer( 1794): [me.vishok.locent/me.vishok.locent.MainActivity#502549](this:0xb400007dbfccf570,id:-1,api:0,p:-1,c:1794) queueBuffer: fps=0.98 dur=1020.60 max=1020.60 min=1020.60
04-04 22:47:13.012 I/BufferQueueProducer( 1794): [me.vishok.locent/me.vishok.locent.MainActivity#502549](this:0xb400007dbfccf570,id:-1,api:0,p:-1,c:1794) queueBuffer: fps=16.84 dur=2256.00 max=1456.38 min=11.14
04-04 22:47:14.767 I/BufferQueueProducer( 1794): [me.vishok.locent/me.vishok.locent.MainActivity#502549](this:0xb400007dbfccf570,id:-1,api:0,p:-1,c:1794) queueBuffer: fps=19.94 dur=1755.51 max=867.40 min=11.01
04-04 22:47:21.157 I/BufferQueueProducer( 1794): [me.vishok.locent/me.vishok.locent.MainActivity#502549](this:0xb400007dbfccf570,id:-1,api:0,p:-1,c:1794) queueBuffer: fps=0.47 dur=6390.03 max=5663.68 min=21.98
04-04 22:47:26.245 I/BufferQueueProducer( 1794): [me.vishok.locent/me.vishok.locent.MainActivity#502549](this:0xb400007dbfccf570,id:-1,api:0,p:-1,c:1794) queueBuffer: fps=0.20 dur=5087.95 max=5087.95 min=5087.95
04-04 22:47:27.256 I/BufferQueueProducer( 1794): [me.vishok.locent/me.vishok.locent.MainActivity#502549](this:0xb400007dbfccf570,id:-1,api:0,p:-1,c:1794) queueBuffer: fps=1.98 dur=1010.66 max=988.52 min=22.14
04-04 22:47:28.256 I/BufferQueueProducer( 1794): [me.vishok.locent/me.vishok.locent.MainActivity#502549](this:0xb400007dbfccf570,id:-1,api:0,p:-1,c:1794) queueBuffer: fps=26.00 dur=1000.08 max=466.74 min=10.97
04-04 22:47:28.471 I/e.vishok.locent( 8797): Background concurrent mark compact GC freed 35MB AllocSpace bytes, 253(32MB) LOS objects, 69% free, 41MB/137MB, paused 666us,2.806ms total 104.396ms
04-04 22:47:29.278 I/BufferQueueProducer( 1794): [me.vishok.locent/me.vishok.locent.MainActivity#502549](this:0xb400007dbfccf570,id:-1,api:0,p:-1,c:1794) queueBuffer: fps=45.98 dur=1022.26 max=33.36 min=11.05
04-04 22:47:30.301 I/BufferQueueProducer( 1794): [me.vishok.locent/me.vishok.locent.MainActivity#502549](this:0xb400007dbfccf570,id:-1,api:0,p:-1,c:1794) queueBuffer: fps=40.11 dur=1022.15 max=155.67 min=11.07
04-04 22:47:32.390 I/BufferQueueProducer( 1794): [me.vishok.locent/me.vishok.locent.MainActivity#502549](this:0xb400007dbfccf570,id:-1,api:0,p:-1,c:1794) queueBuffer: fps=11.01 dur=2089.42 max=1600.64 min=11.01
04-04 22:47:34.367 I/BufferQueueProducer( 1794): [me.vishok.locent/me.vishok.locent.MainActivity#502549](this:0xb400007dbfccf570,id:-1,api:0,p:-1,c:1794) queueBuffer: fps=1.52 dur=1977.32 max=1765.40 min=11.28
04-04 22:47:35.367 I/BufferQueueProducer( 1794): [me.vishok.locent/me.vishok.locent.MainActivity#502549](this:0xb400007dbfccf570,id:-1,api:0,p:-1,c:1794) queueBuffer: fps=36.00 dur=1000.14 max=244.44 min=10.96
04-04 22:47:36.390 I/BufferQueueProducer( 1794): [me.vishok.locent/me.vishok.locent.MainActivity#502549](this:0xb400007dbfccf570,id:-1,api:0,p:-1,c:1794) queueBuffer: fps=41.09 dur=1022.14 max=144.55 min=11.00
04-04 22:47:36.948 D/CoreBackPreview( 2313): Window{7dea09b u0 me.vishok.locent/me.vishok.locent.MainActivity}: Setting back callback OnBackInvokedCallbackInfo{mCallback=android.window.IOnBackInvokedCallback$Stub$Proxy@f1e23b7, mPriority=0, mIsAnimationCallback=true, mOverrideBehavior=0}
04-04 22:47:37.390 I/BufferQueueProducer( 1794): [me.vishok.locent/me.vishok.locent.MainActivity#502549](this:0xb400007dbfccf570,id:-1,api:0,p:-1,c:1794) queueBuffer: fps=62.99 dur=1000.09 max=111.17 min=10.84
04-04 22:47:40.879 I/BufferQueueProducer( 1794): [me.vishok.locent/me.vishok.locent.MainActivity#502549](this:0xb400007dbfccf570,id:-1,api:0,p:-1,c:1794) queueBuffer: fps=7.17 dur=3489.03 max=3166.67 min=11.01
04-04 22:47:53.030 D/CoreBackPreview( 2313): startBackNavigation currentTask=Task{e32ec60 #10018 type=standard A=10806:me.vishok.locent}, topRunningActivity=ActivityRecord{24106642 u0 me.vishok.locent/.MainActivity t10018}, callbackInfo=OnBackInvokedCallbackInfo{mCallback=android.window.IOnBackInvokedCallback$Stub$Proxy@f1e23b7, mPriority=0, mIsAnimationCallback=true, mOverrideBehavior=0}, currentFocus=Window{7dea09b u0 me.vishok.locent/me.vishok.locent.MainActivity}
04-04 22:47:53.082 I/PhenotypeResourceReader(12161): unable to find any Phenotype resource metadata for me.vishok.locent
04-04 22:47:53.135 D/libMEOW ( 8797): applied 1 plugins for [me.vishok.locent]:
04-04 22:47:53.146 I/BufferQueueProducer( 1794): [me.vishok.locent/me.vishok.locent.MainActivity#502549](this:0xb400007dbfccf570,id:-1,api:0,p:-1,c:1794) queueBuffer: fps=6.52 dur=12267.19 max=11344.39 min=10.47
04-04 22:47:53.244 D/CoreBackPreview( 2313): Window{7dea09b u0 me.vishok.locent/me.vishok.locent.MainActivity}: Setting back callback OnBackInvokedCallbackInfo{mCallback=android.window.IOnBackInvokedCallback$Stub$Proxy@5870784, mPriority=-1, mIsAnimationCallback=false, mOverrideBehavior=0}
04-04 22:47:53.459 I/e.vishok.locent( 8797): Background young concurrent mark compact GC freed 35MB AllocSpace bytes, 337(43MB) LOS objects, 51% free, 66MB/137MB, paused 582us,3.523ms total 121.711ms
04-04 22:47:56.968 I/BufferQueueProducer( 1794): [me.vishok.locent/me.vishok.locent.MainActivity#502549](this:0xb400007dbfccf570,id:-1,api:0,p:-1,c:1794) queueBuffer: fps=17.01 dur=3821.89 max=2854.49 min=10.69
04-04 22:47:59.779 I/BufferQueueProducer( 1794): [me.vishok.locent/me.vishok.locent.MainActivity#502549](this:0xb400007dbfccf570,id:-1,api:0,p:-1,c:1794) queueBuffer: fps=0.36 dur=2811.45 max=2811.45 min=2811.45
04-04 22:48:00.134 I/e.vishok.locent( 8797): Background concurrent mark compact GC freed 45MB AllocSpace bytes, 572(45MB) LOS objects, 71% free, 38MB/134MB, paused 401us,3.116ms total 140.230ms
04-04 22:48:00.779 I/BufferQueueProducer( 1794): [me.vishok.locent/me.vishok.locent.MainActivity#502549](this:0xb400007dbfccf570,id:-1,api:0,p:-1,c:1794) queueBuffer: fps=25.00 dur=1000.15 max=488.94 min=11.10
04-04 22:48:02.035 I/BufferQueueProducer( 1794): [me.vishok.locent/me.vishok.locent.MainActivity#502549](this:0xb400007dbfccf570,id:-1,api:0,p:-1,c:1794) queueBuffer: fps=25.49 dur=1255.33 max=422.24 min=11.15
04-04 22:48:03.046 I/BufferQueueProducer( 1794): [me.vishok.locent/me.vishok.locent.MainActivity#502549](this:0xb400007dbfccf570,id:-1,api:0,p:-1,c:1794) queueBuffer: fps=32.64 dur=1011.18 max=311.31 min=10.87
04-04 22:48:04.057 I/BufferQueueProducer( 1794): [me.vishok.locent/me.vishok.locent.MainActivity#502549](this:0xb400007dbfccf570,id:-1,api:0,p:-1,c:1794) queueBuffer: fps=41.54 dur=1011.14 max=110.99 min=11.09
04-04 22:48:05.058 I/BufferQueueProducer( 1794): [me.vishok.locent/me.vishok.locent.MainActivity#502549](this:0xb400007dbfccf570,id:-1,api:0,p:-1,c:1794) queueBuffer: fps=40.97 dur=1000.79 max=144.60 min=10.93
04-04 22:48:06.335 I/BufferQueueProducer( 1794): [me.vishok.locent/me.vishok.locent.MainActivity#502549](this:0xb400007dbfccf570,id:-1,api:0,p:-1,c:1794) queueBuffer: fps=29.76 dur=1277.01 max=477.91 min=10.79
04-04 22:48:07.791 I/BufferQueueProducer( 1794): [me.vishok.locent/me.vishok.locent.MainActivity#502549](this:0xb400007dbfccf570,id:-1,api:0,p:-1,c:1794) queueBuffer: fps=15.80 dur=1455.67 max=989.01 min=10.87
04-04 22:48:08.802 I/BufferQueueProducer( 1794): [me.vishok.locent/me.vishok.locent.MainActivity#502549](this:0xb400007dbfccf570,id:-1,api:0,p:-1,c:1794) queueBuffer: fps=33.63 dur=1011.10 max=299.39 min=10.51
04-04 22:48:09.824 I/BufferQueueProducer( 1794): [me.vishok.locent/me.vishok.locent.MainActivity#502549](this:0xb400007dbfccf570,id:-1,api:0,p:-1,c:1794) queueBuffer: fps=40.11 dur=1022.23 max=133.43 min=21.96
04-04 22:48:10.835 I/BufferQueueProducer( 1794): [me.vishok.locent/me.vishok.locent.MainActivity#502549](this:0xb400007dbfccf570,id:-1,api:0,p:-1,c:1794) queueBuffer: fps=44.50 dur=1011.19 max=55.73 min=11.05
04-04 22:48:12.224 I/BufferQueueProducer( 1794): [me.vishok.locent/me.vishok.locent.MainActivity#502549](this:0xb400007dbfccf570,id:-1,api:0,p:-1,c:1794) queueBuffer: fps=32.40 dur=1388.96 max=432.92 min=10.44
04-04 22:48:13.235 I/BufferQueueProducer( 1794): [me.vishok.locent/me.vishok.locent.MainActivity#502549](this:0xb400007dbfccf570,id:-1,api:0,p:-1,c:1794) queueBuffer: fps=36.60 dur=1010.97 max=233.42 min=11.02
04-04 22:48:13.985 I/AppsFilter( 2313): interaction: PackageSetting{64c8a80 me.vishok.locent/10806} -> PackageSetting{f8be226 com.google.android.inputmethod.latin/10264} BLOCKED
04-04 22:48:14.004 I/ImeTracker( 8797): me.vishok.locent:bb34c163: onRequestShow at ORIGIN_CLIENT reason SHOW_SOFT_INPUT_BY_INSETS_API fromUser false
04-04 22:48:14.011 D/ContentCapturePerUserService( 2313): Notified activity assist data for activity: Token{db0c9de ActivityRecord{24106642 u0 me.vishok.locent/.MainActivity t10018}} without a session Id
04-04 22:48:14.011 I/GoogleInputMethodService(29000): GoogleInputMethodService.onStartInput():1434 onStartInput(EditorInfo{EditorInfo{packageName=me.vishok.locent, inputType=8001, inputTypeString=Normal[AutoCorrect], enableLearning=true, autoCorrection=true, autoComplete=true, imeOptions=2000003, privateImeOptions=null, actionName=SEARCH, actionLabel=null, initialSelStart=0, initialSelEnd=0, initialCapsMode=0, label=null, fieldId=-1, fieldName=null, extras=Bundle[mParcelledData.dataSize=404], hintText=null, hintLocales=[]}}, true)
04-04 22:48:14.014 W/PackageConfigPersister( 2313): App-specific configuration not found for packageName: me.vishok.locent and userId: 0
04-04 22:48:14.016 I/GoogleInputMethodService(29000): GoogleInputMethodService.onStartInputView():1519 onStartInputView(EditorInfo{EditorInfo{packageName=me.vishok.locent, inputType=8001, inputTypeString=Normal[AutoCorrect], enableLearning=true, autoCorrection=true, autoComplete=true, imeOptions=2000003, privateImeOptions=null, actionName=SEARCH, actionLabel=null, initialSelStart=0, initialSelEnd=0, initialCapsMode=0, label=null, fieldId=-1, fieldName=null, extras=Bundle[{android.support.text.emoji.emojiCompat_metadataVersion=12, androidx.core.view.inputmethod.EditorInfoCompat.STYLUS_HANDWRITING_ENABLED=true, android.support.text.emoji.emojiCompat_replaceAll=false}], hintText=null, hintLocales=[]}}, false)
04-04 22:48:14.022 I/ImeTracker( 8797): me.vishok.locent:d7ae9959: onRequestShow at ORIGIN_CLIENT reason SHOW_SOFT_INPUT fromUser false
04-04 22:48:14.023 I/ImeTracker( 8797): me.vishok.locent:d7ae9959: onCancelled at PHASE_CLIENT_REPORT_REQUESTED_VISIBLE_TYPES
04-04 22:48:14.025 I/AndroidIME(29000): AbstractIme.onActivate():95 LatinIme.onActivate() : EditorInfo = EditorInfo{packageName=me.vishok.locent, inputType=8001, inputTypeString=Normal[AutoCorrect], enableLearning=true, autoCorrection=true, autoComplete=true, imeOptions=2000003, privateImeOptions=null, actionName=SEARCH, actionLabel=null, initialSelStart=0, initialSelEnd=0, initialCapsMode=0, label=null, fieldId=-1, fieldName=null, extras=Bundle[{android.support.text.emoji.emojiCompat_metadataVersion=12, androidx.core.view.inputmethod.EditorInfoCompat.STYLUS_HANDWRITING_ENABLED=true, android.support.text.emoji.emojiCompat_replaceAll=false}], hintText=null, hintLocales=[]}, IncognitoMode = false, DeviceLocked = false
04-04 22:48:14.048 D/CoreBackPreview( 2313): Window{7dea09b u0 me.vishok.locent/me.vishok.locent.MainActivity}: Setting back callback OnBackInvokedCallbackInfo{mCallback=android.window.IOnBackInvokedCallback$Stub$Proxy@208645d, mPriority=0, mIsAnimationCallback=true, mOverrideBehavior=0}
04-04 22:48:14.235 I/BufferQueueProducer( 1794): [me.vishok.locent/me.vishok.locent.MainActivity#502549](this:0xb400007dbfccf570,id:-1,api:0,p:-1,c:1794) queueBuffer: fps=29.00 dur=1000.14 max=599.93 min=10.85
04-04 22:48:14.375 I/ImeTracker( 8797): me.vishok.locent:bb34c163: onShown
04-04 22:48:15.335 I/BufferQueueProducer( 1794): [me.vishok.locent/me.vishok.locent.MainActivity#502549](this:0xb400007dbfccf570,id:-1,api:0,p:-1,c:1794) queueBuffer: fps=24.55 dur=1099.94 max=155.83 min=10.99
04-04 22:48:16.580 I/BufferQueueProducer( 1794): [me.vishok.locent/me.vishok.locent.MainActivity#502549](this:0xb400007dbfccf570,id:-1,api:0,p:-1,c:1794) queueBuffer: fps=6.43 dur=1244.53 max=477.86 min=11.09
04-04 22:48:17.624 I/BufferQueueProducer( 1794): [me.vishok.locent/me.vishok.locent.MainActivity#502549](this:0xb400007dbfccf570,id:-1,api:0,p:-1,c:1794) queueBuffer: fps=17.23 dur=1044.40 max=200.04 min=10.99
04-04 22:48:18.657 I/BufferQueueProducer( 1794): [me.vishok.locent/me.vishok.locent.MainActivity#502549](this:0xb400007dbfccf570,id:-1,api:0,p:-1,c:1794) queueBuffer: fps=11.61 dur=1033.40 max=266.77 min=11.02
04-04 22:48:19.736 I/BufferQueueProducer( 1794): [me.vishok.locent/me.vishok.locent.MainActivity#502549](this:0xb400007dbfccf570,id:-1,api:0,p:-1,c:1794) queueBuffer: fps=12.98 dur=1078.60 max=300.75 min=11.04
04-04 22:48:20.747 I/BufferQueueProducer( 1794): [me.vishok.locent/me.vishok.locent.MainActivity#502549](this:0xb400007dbfccf570,id:-1,api:0,p:-1,c:1794) queueBuffer: fps=12.86 dur=1010.57 max=222.45 min=11.01
04-04 22:48:21.813 I/BufferQueueProducer( 1794): [me.vishok.locent/me.vishok.locent.MainActivity#502549](this:0xb400007dbfccf570,id:-1,api:0,p:-1,c:1794) queueBuffer: fps=17.82 dur=1066.51 max=155.53 min=10.89
04-04 22:48:22.913 I/BufferQueueProducer( 1794): [me.vishok.locent/me.vishok.locent.MainActivity#502549](this:0xb400007dbfccf570,id:-1,api:0,p:-1,c:1794) queueBuffer: fps=16.36 dur=1100.02 max=200.00 min=11.06
04-04 22:48:24.047 I/BufferQueueProducer( 1794): [me.vishok.locent/me.vishok.locent.MainActivity#502549](this:0xb400007dbfccf570,id:-1,api:0,p:-1,c:1794) queueBuffer: fps=12.34 dur=1134.14 max=511.79 min=11.07
04-04 22:48:25.202 I/BufferQueueProducer( 1794): [me.vishok.locent/me.vishok.locent.MainActivity#502549](this:0xb400007dbfccf570,id:-1,api:0,p:-1,c:1794) queueBuffer: fps=7.79 dur=1154.83 max=244.42 min=11.08
04-04 22:48:26.458 I/BufferQueueProducer( 1794): [me.vishok.locent/me.vishok.locent.MainActivity#502549](this:0xb400007dbfccf570,id:-1,api:0,p:-1,c:1794) queueBuffer: fps=10.35 dur=1255.59 max=333.38 min=10.85
04-04 22:48:27.746 I/BufferQueueProducer( 1794): [me.vishok.locent/me.vishok.locent.MainActivity#502549](this:0xb400007dbfccf570,id:-1,api:0,p:-1,c:1794) queueBuffer: fps=10.09 dur=1288.79 max=388.66 min=10.84
04-04 22:48:28.891 I/BufferQueueProducer( 1794): [me.vishok.locent/me.vishok.locent.MainActivity#502549](this:0xb400007dbfccf570,id:-1,api:0,p:-1,c:1794) queueBuffer: fps=15.73 dur=1144.59 max=188.94 min=10.99
04-04 22:48:29.913 I/BufferQueueProducer( 1794): [me.vishok.locent/me.vishok.locent.MainActivity#502549](this:0xb400007dbfccf570,id:-1,api:0,p:-1,c:1794) queueBuffer: fps=17.61 dur=1022.27 max=155.51 min=10.87
04-04 22:48:30.351 I/ImeTracker( 8797): me.vishok.locent:59ac2198: onRequestHide at ORIGIN_CLIENT reason HIDE_SOFT_INPUT_BY_INSETS_API fromUser false
04-04 22:48:30.352 D/CoreBackPreview( 2313): Window{7dea09b u0 me.vishok.locent/me.vishok.locent.MainActivity}: Setting back callback OnBackInvokedCallbackInfo{mCallback=android.window.IOnBackInvokedCallback$Stub$Proxy@7e42643, mPriority=-1, mIsAnimationCallback=false, mOverrideBehavior=0}
04-04 22:48:30.914 I/BufferQueueProducer( 1794): [me.vishok.locent/me.vishok.locent.MainActivity#502549](this:0xb400007dbfccf570,id:-1,api:0,p:-1,c:1794) queueBuffer: fps=55.96 dur=1000.71 max=377.68 min=10.71
04-04 22:48:31.281 I/Finsky  (23886): [2] VerifyApps: Install-time verification requested for package me.vishok.locent, PackageManager id = 188, Verifier id = 6caa2a72-8171-486c-81e6-01294921a523
04-04 22:48:31.360 I/Finsky  (23886): [8065] VerifyApps: Anti-malware verification task started for package=me.vishok.locent
04-04 22:48:31.767 I/Finsky  (23886): [8065] VerifyApps: chooseScanResult for package=me.vishok.locent with timeout=15000ms
04-04 22:48:31.768 I/Finsky  (23886): [7627] VerifyApps: Starting APK Analysis scan for me.vishok.locent.
04-04 22:48:31.768 I/Finsky  (23886): [7627] Scanning package me.vishok.locent contents with client side protections. File: [UZLT8DZ9N-0cYjJ3LJNlnIcUkjdrQS0760T0LHCow9k]
04-04 22:48:31.925 I/BufferQueueProducer( 1794): [me.vishok.locent/me.vishok.locent.MainActivity#502549](this:0xb400007dbfccf570,id:-1,api:0,p:-1,c:1794) queueBuffer: fps=88.05 dur=1010.78 max=22.43 min=10.21
04-04 22:48:32.799 I/Finsky  (23886): [8069] VerifyApps: Verification package=me.vishok.locent, id=188, response=0, upload_requested=false, enable_ecm=false
04-04 22:48:32.801 I/Finsky  (23886): [8069] VerifyApps: PAM result saving to datastore delayed for package: me.vishok.locent
04-04 22:48:32.802 I/Finsky  (23886): [8065] VerifyApps: firstScanResult for package=me.vishok.locent: SAFE
04-04 22:48:32.925 I/BufferQueueProducer( 1794): [me.vishok.locent/me.vishok.locent.MainActivity#502549](this:0xb400007dbfccf570,id:-1,api:0,p:-1,c:1794) queueBuffer: fps=45.00 dur=1000.06 max=33.35 min=11.16
04-04 22:48:33.734 I/MTK_APPList( 1738): [notifyAPPstate] multi_resumed_app_info[1] me.vishok.locent/me.vishok.locent.MainActivity, pid:8797, fps:-1, isMultiWindow:1
04-04 22:48:33.947 I/BufferQueueProducer( 1794): [me.vishok.locent/me.vishok.locent.MainActivity#502549](this:0xb400007dbfccf570,id:-1,api:0,p:-1,c:1794) queueBuffer: fps=45.00 dur=1022.19 max=22.72 min=21.65
04-04 22:48:34.947 I/BufferQueueProducer( 1794): [me.vishok.locent/me.vishok.locent.MainActivity#502549](this:0xb400007dbfccf570,id:-1,api:0,p:-1,c:1794) queueBuffer: fps=44.99 dur=1000.12 max=22.47 min=21.90
04-04 22:48:35.961 I/BufferQueueProducer( 1794): [me.vishok.locent/me.vishok.locent.MainActivity#502549](this:0xb400007dbfccf570,id:-1,api:0,p:-1,c:1794) queueBuffer: fps=45.36 dur=1014.21 max=33.42 min=11.56
04-04 22:48:36.961 I/BufferQueueProducer( 1794): [me.vishok.locent/me.vishok.locent.MainActivity#502549](this:0xb400007dbfccf570,id:-1,api:0,p:-1,c:1794) queueBuffer: fps=45.00 dur=1000.02 max=22.66 min=21.71
04-04 22:48:37.962 I/BufferQueueProducer( 1794): [me.vishok.locent/me.vishok.locent.MainActivity#502549](this:0xb400007dbfccf570,id:-1,api:0,p:-1,c:1794) queueBuffer: fps=43.99 dur=1000.23 max=44.95 min=21.20
04-04 22:48:38.962 I/BufferQueueProducer( 1794): [me.vishok.locent/me.vishok.locent.MainActivity#502549](this:0xb400007dbfccf570,id:-1,api:0,p:-1,c:1794) queueBuffer: fps=44.99 dur=1000.12 max=22.82 min=21.43
04-04 22:48:39.984 I/BufferQueueProducer( 1794): [me.vishok.locent/me.vishok.locent.MainActivity#502549](this:0xb400007dbfccf570,id:-1,api:0,p:-1,c:1794) queueBuffer: fps=45.01 dur=1022.01 max=22.42 min=21.93
04-04 22:48:40.346 E/Locent  ( 8797): Search Error: timeout
04-04 22:48:40.346 E/Locent  ( 8797): java.net.SocketTimeoutException: timeout
04-04 22:48:40.346 E/Locent  ( 8797): 	at okhttp3.internal.http2.Http2Stream$StreamTimeout.newTimeoutException(Http2Stream.kt:675)
04-04 22:48:40.346 E/Locent  ( 8797): 	at okhttp3.internal.http2.Http2Stream$StreamTimeout.exitAndThrowIfTimedOut(Http2Stream.kt:684)
04-04 22:48:40.346 E/Locent  ( 8797): 	at okhttp3.internal.http2.Http2Stream.takeHeaders(Http2Stream.kt:143)
04-04 22:48:40.346 E/Locent  ( 8797): 	at okhttp3.internal.http2.Http2ExchangeCodec.readResponseHeaders(Http2ExchangeCodec.kt:97)
04-04 22:48:40.346 E/Locent  ( 8797): 	at okhttp3.internal.connection.Exchange.readResponseHeaders(Exchange.kt:110)
04-04 22:48:40.346 E/Locent  ( 8797): 	at okhttp3.internal.http.CallServerInterceptor.intercept(CallServerInterceptor.kt:93)
04-04 22:48:40.346 E/Locent  ( 8797): 	at okhttp3.internal.http.RealInterceptorChain.proceed(RealInterceptorChain.kt:109)
04-04 22:48:40.346 E/Locent  ( 8797): 	at okhttp3.internal.connection.ConnectInterceptor.intercept(ConnectInterceptor.kt:34)
04-04 22:48:40.346 E/Locent  ( 8797): 	at okhttp3.internal.http.RealInterceptorChain.proceed(RealInterceptorChain.kt:109)
04-04 22:48:40.346 E/Locent  ( 8797): 	at okhttp3.internal.cache.CacheInterceptor.intercept(CacheInterceptor.kt:95)
04-04 22:48:40.346 E/Locent  ( 8797): 	at okhttp3.internal.http.RealInterceptorChain.proceed(RealInterceptorChain.kt:109)
04-04 22:48:40.346 E/Locent  ( 8797): 	at okhttp3.internal.http.BridgeInterceptor.intercept(BridgeInterceptor.kt:83)
04-04 22:48:40.346 E/Locent  ( 8797): 	at okhttp3.internal.http.RealInterceptorChain.proceed(RealInterceptorChain.kt:109)
04-04 22:48:40.346 E/Locent  ( 8797): 	at okhttp3.internal.http.RetryAndFollowUpInterceptor.intercept(RetryAndFollowUpInterceptor.kt:76)
04-04 22:48:40.346 E/Locent  ( 8797): 	at okhttp3.internal.http.RealInterceptorChain.proceed(RealInterceptorChain.kt:109)
04-04 22:48:40.346 E/Locent  ( 8797): 	at okhttp3.internal.connection.RealCall.getResponseWithInterceptorChain$okhttp(RealCall.kt:201)
04-04 22:48:40.346 E/Locent  ( 8797): 	at okhttp3.internal.connection.RealCall$AsyncCall.run(RealCall.kt:517)
04-04 22:48:40.346 E/Locent  ( 8797): 	at java.util.concurrent.ThreadPoolExecutor.runWorker(ThreadPoolExecutor.java:1154)
04-04 22:48:40.346 E/Locent  ( 8797): 	at java.util.concurrent.ThreadPoolExecutor$Worker.run(ThreadPoolExecutor.java:652)
04-04 22:48:40.346 E/Locent  ( 8797): 	at java.lang.Thread.run(Thread.java:1564)
04-04 22:48:40.356 I/ImeTracker( 2313): me.vishok.locent:59ac2198: setFinished at PHASE_CLIENT_ANIMATION_CANCEL with STATUS_TIMEOUT
04-04 22:48:40.992 I/BufferQueueProducer( 1794): [me.vishok.locent/me.vishok.locent.MainActivity#502549](this:0xb400007dbfccf570,id:-1,api:0,p:-1,c:1794) queueBuffer: fps=35.72 dur=1007.89 max=233.40 min=10.84
04-04 22:48:41.390 I/Finsky  (23886): [7626] VerifyApps: APK Analysis scan finished for me.vishok.locent. Verdict: SAFE
04-04 22:48:41.392 I/Finsky  (23886): [8065] VerifyApps: overallScanResult for package=me.vishok.locent: SAFE
04-04 22:48:41.392 I/Finsky  (23886): [8065] VerifyApps: chooseScanResult returning verdict SAFE for package=me.vishok.locent
04-04 22:48:41.401 I/Finsky  (23886): [2] VerifyApps: Install-time verification complete: id=188, package_name=me.vishok.locent
04-04 22:48:41.402 D/InstallDependencyHelper( 2313): No missing dependency for me.vishok.locent
04-04 22:48:41.415 I/PackageManager( 2313): Update package me.vishok.locent code path from /data/app/~~rucXdTrS6QNYPgPRxVN9Jw==/me.vishok.locent-123qeiq4ohvU4bBf_Od_Cw== to /data/app/vmdl263216088.tmp; Retain data and using new
04-04 22:48:41.437 I/AppsFilter( 2313): interaction: PackageSetting{788d2cc me.vishok.sansocr/10811} -> PackageSetting{b0cef89 me.vishok.locent/10806} BLOCKED
04-04 22:48:41.437 I/AppsFilter( 2313): interaction: PackageSetting{a0b355c com.oem.euiccpartnerapp/10255} -> PackageSetting{b0cef89 me.vishok.locent/10806} BLOCKED
04-04 22:48:41.437 I/AppsFilter( 2313): interaction: PackageSetting{788d2cc me.vishok.sansocr/10811} -> PackageSetting{85e67b6 me.vishok.locent/10806} BLOCKED
04-04 22:48:41.438 I/AppsFilter( 2313): interaction: PackageSetting{a0b355c com.oem.euiccpartnerapp/10255} -> PackageSetting{85e67b6 me.vishok.locent/10806} BLOCKED
04-04 22:48:41.470 I/ActivityManager( 2313): Force stopping me.vishok.locent appid=10806 user=-1: installPackageLI
04-04 22:48:41.471 I/ActivityManager( 2313): Killing 8797:me.vishok.locent/u0a806 (adj 0, setSvc -10000): stop me.vishok.locent due to installPackageLI
04-04 22:48:41.475 W/ActivityTaskManager( 2313): Force removing ActivityRecord{24106642 u0 me.vishok.locent/.MainActivity t10018 f}}: app died, no saved state
04-04 22:48:41.475 I/ScnModule( 2313): [GameDetection] requestedPermissions1/1:: me.vishok.locent:: [android.permission.ACCESS_COARSE_LOCATION, android.permission.ACCESS_FINE_LOCATION, android.permission.INTERNET, android.permission.POST_NOTIFICATIONS, android.permission.ACCESS_NETWORK_STATE, me.vishok.locent.DYNAMIC_RECEIVER_NOT_EXPORTED_PERMISSION] 
04-04 22:48:41.476 V/WindowManagerShell( 2918): Transition requested (#35079): android.os.BinderProxy@fe81fcc TransitionRequestInfo { type = CLOSE, triggerTask = TaskInfo{userId=0 taskId=10018 effectiveUid=10806 displayId=0 isRunning=false baseIntent=Intent { flg=0x10000000 cmp=me.vishok.locent/.MainActivity } baseActivity=null topActivity=null origActivity=null realActivity=ComponentInfo{me.vishok.locent/me.vishok.locent.MainActivity} numActivities=0 lastActiveTime=1663651839 supportsMultiWindow=true supportsGlobalFreeform=true resizeMode=1 isResizeable=true isAppLocked=false isShowDecorCaptionWindowRequest=false canKillAndRestart=true minWidth=-1 minHeight=-1 defaultMinSize=200 token=WCT{android.window.IWindowContainerToken$Stub$Proxy@34de215} topActivityType=1 pictureInPictureParams=null shouldDockBigOverlays=false launchIntoPipHostTaskId=-1 lastParentTaskIdBeforePip=-1 displayCutoutSafeInsets=Rect(0, 0 - 0, 0) topActivityInfo=null launchCookies=[] positionInParent=Point(0, 0) parentTaskId=-1 isFocused=true isVisible=true isVisibleRequested=true isTopActivityNoDisplay=false isSleeping=false locusId=null displayAreaFeatureId=1 isTopActivityTransparent=false isActivityStackTransparent=true lastNonFullscreenBounds=Rect(315, 776 - 906, 1996) capturedLink=null capturedLinkTimestamp=0 requestedVisibleTypes=-9 topActivityRequestOpenInBrowserEducationTimestamp=0 appCompatTaskInfo=AppCompatTaskInfo { topActivityInSizeCompat=false eligibleForLetterboxEducation= false isLetterboxEducationEnabled= false isLetterboxDoubleTapEnabled= false eligibleForUserAspectRatioButton= false topActivityBoundsLetterboxed= false isFromLetterboxDoubleTap= false topActivityLetterboxVerticalPosition= -1 topActivityLetterboxHorizontalPosition= -1 topActivityLetterboxWidth=-1 topActivityLetterboxHeight=-1 topActivityAppBounds=Rect(0, 0 - 0, 0) isUserFullscreenOverrideEnabled=false isSystemFullscreenOverrideEnabled=false hasMinAspectRatioOverride=false topActivityLetterboxBounds=null cameraCompatTaskInfo=CameraCompatTaskInfo { freeformCameraCompatMode=undefined}} topActivityMainWindowFrame=null}, pipChange = null, remoteTransition = null, displayChange = null, flags = 0, debugId = 35079 }
04-04 22:48:41.476 I/ScnModule( 2313): [GameDetection] numOfPermissiom:: me.vishok.locent:: 6 
04-04 22:48:41.476 I/ScnModule( 2313): [GameDetection] inputPermissions:: me.vishok.locent:: [0.0, 0.0, 0.0, 0.0, 0.0, 0.0, 0.0, 0.0, 0.0, 0.0, 0.0, 0.0, 0.0, 0.0, 1.0, 0.0, 0.0, 1.0, 0.0, 0.0, 0.0, 0.0, 0.0, 0.0, 0.0, 1.0, 0.0, 0.0, 0.0, 0.0, 0.0, 0.0, 0.0, 0.0, 0.0, 0.0, 0.0, 0.0, 0.0, 0.0, 0.0, 1.0, 0.0, 0.0, 0.0, 0.0, 0.0, 0.0, 0.0, 0.0, 0.0, 0.0, 0.0, 0.0, 0.0, 0.0, 0.0, 0.0, 0.0, 0.0, 0.0, 0.0, 0.0, 0.0, 0.0, 0.0, 0.0, 0.0, 0.0, 0.0, 0.0, 0.0, 0.0, 0.0, 0.0, 0.0, 0.0, 0.0, 0.0, 0.0, 0.0, 0.0, 0.0, 0.0, 0.0, 0.0, 0.0, 0.0, 0.0, 0.0, 0.0, 0.0, 0.0, 0.0, 0.0, 0.0, 0.0, 0.0, 0.0, 0.0, 0.0, 0.0, 0.0, 0.0, 0.0, 0.0, 0.0, 0.0, 0.0, 0.0, 0.0, 0.0, 0.0, 0.0, 0.0, 0.0, 0.0, 0.0, 0.0, 0.0, 0.0, 0.0, 0.0, 0.0, 0.0, 0.0, 0.0, 0.0, 0.0, 0.0, 0.0, 0.0, 0.0, 0.0, 0.0, 0.0, 0.0, 0.0, 0.0, 0.0, 0.0, 0.0, 0.0, 0.0, 0.0, 0.0, 0.0, 0.0, 0.0, 0.0, 0.0, 0.0, 0.0, 0.0, 0.0, 0.0, 0.0, 0.0, 0.0, 0.0, 0.0, 0.0, 0.0, 0.0, 0.0, 0.0, 0.0, 0.0, 0.0, 0.0, 0.0, 0.0, 0.0, 0.0, 0.0, 0.0, 0.0, 0.0, 0.0, 0.0, 0.0, 0.0, 0.0, 0.0, 0.0, 0.0, 0.0, 0.0, 0.0, 0.0, 0.0, 0.0, 0.0, 0.0, 0.0, 0.0, 0.0, 0.0, 0.0, 0.0] 
04-04 22:48:41.476 I/ScnModule( 2313): [GameDetection] inputGameFeature:: me.vishok.locent:: [-1.4682515, 0.0, 0.0, 0.0] 
04-04 22:48:41.476 I/ScnModule( 2313): [GameDetection] GamePredictor:: me.vishok.locent:: nonGame:9.1961,isGame:-10.2263 
04-04 22:48:41.476 I/mtkpower_client( 2313): [PowerHal_Wrap_notifyAppState] me.vishok.locent/me.vishok.locent pid=8797 activityId:8797 state:3
04-04 22:48:41.477 I/vendor.mediatek.hardware.mtkpower_applist-service.mediatek( 1738): packName: me.vishok.locent actName: me.vishok.locent pid: 8797 uid: 10806 state: 3
04-04 22:48:41.477 I/MTK_APPList( 1738): [notifyAPPstate] me.vishok.locent/me.vishok.locent, pid=8797, uid=10806, state:DEAD, fps:-1, win:1
04-04 22:48:41.477 I/MTK_APPList( 1738): [notifyAPPstate] pack:me.vishok.locent, pid:8797, STATE_DEAD
04-04 22:48:41.482 I/PackageManager( 2313): installation completed for package:me.vishok.locent. Final code path: /data/app/~~2_Sch-VLeJFZmMUpxJ0p1A==/me.vishok.locent-X9t1FsJ6U3O2Jvd4Iz7pMg==
04-04 22:48:41.482 W/TopAppMonitor( 2313): resend missed activity state ActivityState{me.vishok.locent, userId=0, uid=10806, displayId=0, category=0, isLauncher=false, isTop=false, lastTopTime=1663651843}
04-04 22:48:41.484 I/AppsFilter( 2313): interaction: PackageSetting{e161012 me.vishok.sansocr/10811} -> PackageSetting{486c99e me.vishok.locent/10806} BLOCKED
04-04 22:48:41.485 I/AppsFilter( 2313): interaction: PackageSetting{934bc99 com.oem.euiccpartnerapp/10255} -> PackageSetting{486c99e me.vishok.locent/10806} BLOCKED
04-04 22:48:41.486 I/TopTaskTracker(12940): onTaskMovedToFront: (moved taskInfo to front) taskId=10017, baseIntent=Intent { act=android.intent.action.VIEW dat=https://sgp.cloud.appwrite.io/... flg=0x3a080000 cmp=com.android.chrome/org.chromium.chrome.browser.customtabs.CustomTabActivity }
04-04 22:48:41.494 I/ModeMonitor( 2313): TOP: Uid:10806, Name:me.vishok.locent, Top:false , App is top:false
04-04 22:48:41.501 I/MTK_APPList( 1738): [notifyAPPstate] pc:1, me.vishok.locent => com.android.chrome
04-04 22:48:41.513 E/AppOps  ( 2313): Operation not started: uid=10806 pkg=me.vishok.locent(null) op=MONITOR_LOCATION
04-04 22:48:41.517 I/ActivityManager( 2313): Force stopping me.vishok.locent appid=10806 user=0: pkg removed
04-04 22:48:41.517 I/WindowManager( 2313):   Force removing ActivityRecord{24106642 u0 me.vishok.locent/.MainActivity t10018 f} isExiting}
04-04 22:48:41.517 W/WindowManager( 2313): removeAppToken: Attempted to remove non-existing token: Token{db0c9de ActivityRecord{24106642 u0 me.vishok.locent/.MainActivity t10018 f} isExiting}}
04-04 22:48:41.559 I/TrafficStatsCollector( 2313): Not com.tmobile.echolocate.system, pkgName=me.vishok.locent
04-04 22:48:41.559 I/Telecom ( 2313): CarModeTracker: Package me.vishok.locent is not tracked.: SSH.oR@AJA
04-04 22:48:41.569 D/AppInfoLoader( 2856): update package info me.vishok.locent
04-04 22:48:41.571 I/PackageUpdatedTask(12940): Packages updated: [me.vishok.locent], mOp: 2, mUser: UserHandle{0}
04-04 22:48:41.572 D/PackageUpdatedTask(12940): Package updated: mOp=UPDATE packages=[me.vishok.locent]
04-04 22:48:41.572 I/SQLiteCacheHelper(12940): SqliteCacheHelper---->delete whereClause = componentName LIKE ? AND profileId = ?, whereArgs = me.vishok.locent/%;0;
04-04 22:48:41.576 W/MotoFreeForm(11148): [PackageMonitor] onPackageChangedme.vishok.locent
04-04 22:48:41.587 D/ActivityThread( 2269): Package [me.vishok.locent] reported as REPLACED, but missing application info. Assuming REMOVED.
04-04 22:48:41.589 D/ActivityThread( 2269): Package [me.vishok.locent] reported as REPLACED, but missing application info. Assuming REMOVED.
04-04 22:48:41.594 I/SatelliteAppTracker( 3134): onPackageUpdateFinished : me.vishok.locent
04-04 22:48:41.595 I/SatelliteAppTracker( 3134): onPackageModified : me.vishok.locent
04-04 22:48:41.595 I/SdkSandboxManager( 2313): No SDKs used. Skipping SDK data reconcilation for CallingInfo{mUid=10806, mPackageName='me.vishok.locent, mAppProcessToken='null'}
04-04 22:48:41.596 D/ShortcutService( 2313): replacing package: me.vishok.locent userId=0
04-04 22:48:41.598 E/SatelliteAppTracker( 3134): packageName: me.vishok.locent, value: null
04-04 22:48:41.600 E/SatelliteAppTracker( 3134): packageName: me.vishok.locent, value: null
04-04 22:48:41.620 I/WindowManager( 2313): WIN DEATH: Window{7dea09b u0 me.vishok.locent/me.vishok.locent.MainActivity}
04-04 22:48:41.627 I/ImeTracker( 2313): me.vishok.locent:5397f56a: onRequestHide at ORIGIN_SERVER reason HIDE_REMOVE_CLIENT fromUser false
04-04 22:48:41.627 I/ImeTracker( 2313): me.vishok.locent:5397f56a: onCancelled at PHASE_SERVER_SHOULD_HIDE
04-04 22:48:41.645 V/ActivityManager( 2313): Got obituary of 8797:me.vishok.locent
04-04 22:48:41.660 D/ActivityThread(21569): Package [me.vishok.locent] reported as REPLACED, but missing application info. Assuming REMOVED.
04-04 22:48:41.659 D/ActivityThread(29000): Package [me.vishok.locent] reported as REPLACED, but missing application info. Assuming REMOVED.
04-04 22:48:41.660 D/ActivityThread( 8555): Package [me.vishok.locent] reported as REPLACED, but missing application info. Assuming REMOVED.
04-04 22:48:41.661 D/ActivityThread(12940): Package [me.vishok.locent] reported as REPLACED, but missing application info. Assuming REMOVED.
04-04 22:48:41.661 D/ActivityThread( 7382): Package [me.vishok.locent] reported as REPLACED, but missing application info. Assuming REMOVED.
04-04 22:48:41.661 D/ActivityThread(32751): Package [me.vishok.locent] reported as REPLACED, but missing application info. Assuming REMOVED.
04-04 22:48:41.662 D/ActivityThread( 1093): Package [me.vishok.locent] reported as REPLACED, but missing application info. Assuming REMOVED.
04-04 22:48:41.662 D/ActivityThread(12783): Package [me.vishok.locent] reported as REPLACED, but missing application info. Assuming REMOVED.
04-04 22:48:41.662 D/ActivityThread( 1400): Package [me.vishok.locent] reported as REPLACED, but missing application info. Assuming REMOVED.
04-04 22:48:41.663 D/ActivityThread( 8404): Package [me.vishok.locent] reported as REPLACED, but missing application info. Assuming REMOVED.
04-04 22:48:41.663 D/ActivityThread( 4279): Package [me.vishok.locent] reported as REPLACED, but missing application info. Assuming REMOVED.
04-04 22:48:41.663 D/ActivityThread( 2918): Package [me.vishok.locent] reported as REPLACED, but missing application info. Assuming REMOVED.
04-04 22:48:41.664 D/ActivityThread( 8294): Package [me.vishok.locent] reported as REPLACED, but missing application info. Assuming REMOVED.
04-04 22:48:41.664 D/ActivityThread( 3065): Package [me.vishok.locent] reported as REPLACED, but missing application info. Assuming REMOVED.
04-04 22:48:41.664 D/ActivityThread(17245): Package [me.vishok.locent] reported as REPLACED, but missing application info. Assuming REMOVED.
04-04 22:48:41.665 D/ActivityThread( 2856): Package [me.vishok.locent] reported as REPLACED, but missing application info. Assuming REMOVED.
04-04 22:48:41.665 D/ActivityThread( 6316): Package [me.vishok.locent] reported as REPLACED, but missing application info. Assuming REMOVED.
04-04 22:48:41.665 D/ActivityThread(20649): Package [me.vishok.locent] reported as REPLACED, but missing application info. Assuming REMOVED.
04-04 22:48:41.665 D/ActivityThread( 7979): Package [me.vishok.locent] reported as REPLACED, but missing application info. Assuming REMOVED.
04-04 22:48:41.665 D/ActivityThread( 8294): Package [me.vishok.locent] reported as REPLACED, but missing application info. Assuming REMOVED.
04-04 22:48:41.665 D/ActivityThread( 8555): Package [me.vishok.locent] reported as REPLACED, but missing application info. Assuming REMOVED.
04-04 22:48:41.666 D/ActivityThread(21569): Package [me.vishok.locent] reported as REPLACED, but missing application info. Assuming REMOVED.
04-04 22:48:41.666 D/ActivityThread( 8404): Package [me.vishok.locent] reported as REPLACED, but missing application info. Assuming REMOVED.
04-04 22:48:41.666 D/ActivityThread(29000): Package [me.vishok.locent] reported as REPLACED, but missing application info. Assuming REMOVED.
04-04 22:48:41.666 D/ActivityThread( 3041): Package [me.vishok.locent] reported as REPLACED, but missing application info. Assuming REMOVED.
04-04 22:48:41.666 D/ActivityThread( 3126): Package [me.vishok.locent] reported as REPLACED, but missing application info. Assuming REMOVED.
04-04 22:48:41.667 D/ActivityThread( 3090): Package [me.vishok.locent] reported as REPLACED, but missing application info. Assuming REMOVED.
04-04 22:48:41.667 D/ActivityThread( 4441): Package [me.vishok.locent] reported as REPLACED, but missing application info. Assuming REMOVED.
04-04 22:48:41.667 D/ActivityThread(17000): Package [me.vishok.locent] reported as REPLACED, but missing application info. Assuming REMOVED.
04-04 22:48:41.667 D/ActivityThread(11878): Package [me.vishok.locent] reported as REPLACED, but missing application info. Assuming REMOVED.
04-04 22:48:41.667 D/ActivityThread(12940): Package [me.vishok.locent] reported as REPLACED, but missing application info. Assuming REMOVED.
04-04 22:48:41.667 D/ActivityThread( 7382): Package [me.vishok.locent] reported as REPLACED, but missing application info. Assuming REMOVED.
04-04 22:48:41.667 D/ActivityThread(32562): Package [me.vishok.locent] reported as REPLACED, but missing application info. Assuming REMOVED.
04-04 22:48:41.667 D/ActivityThread(15439): Package [me.vishok.locent] reported as REPLACED, but missing application info. Assuming REMOVED.
04-04 22:48:41.667 D/ActivityThread( 3164): Package [me.vishok.locent] reported as REPLACED, but missing application info. Assuming REMOVED.
04-04 22:48:41.667 D/ActivityThread(18122): Package [me.vishok.locent] reported as REPLACED, but missing application info. Assuming REMOVED.
04-04 22:48:41.667 D/ActivityThread( 7607): Package [me.vishok.locent] reported as REPLACED, but missing application info. Assuming REMOVED.
04-04 22:48:41.668 D/ActivityThread(  379): Package [me.vishok.locent] reported as REPLACED, but missing application info. Assuming REMOVED.
04-04 22:48:41.668 D/ActivityThread( 3665): Package [me.vishok.locent] reported as REPLACED, but missing application info. Assuming REMOVED.
04-04 22:48:41.668 D/ActivityThread(19585): Package [me.vishok.locent] reported as REPLACED, but missing application info. Assuming REMOVED.
04-04 22:48:41.668 D/ActivityThread(18122): Package [me.vishok.locent] reported as REPLACED, but missing application info. Assuming REMOVED.
04-04 22:48:41.668 D/ActivityThread( 2918): Package [me.vishok.locent] reported as REPLACED, but missing application info. Assuming REMOVED.
04-04 22:48:41.668 D/ActivityThread( 4259): Package [me.vishok.locent] reported as REPLACED, but missing application info. Assuming REMOVED.
04-04 22:48:41.668 D/ActivityThread(10340): Package [me.vishok.locent] reported as REPLACED, but missing application info. Assuming REMOVED.
04-04 22:48:41.668 D/ActivityThread( 4264): Package [me.vishok.locent] reported as REPLACED, but missing application info. Assuming REMOVED.
04-04 22:48:41.669 D/ActivityThread( 2856): Package [me.vishok.locent] reported as REPLACED, but missing application info. Assuming REMOVED.
04-04 22:48:41.669 D/ActivityThread(  876): Package [me.vishok.locent] reported as REPLACED, but missing application info. Assuming REMOVED.
04-04 22:48:41.669 D/ActivityThread( 4569): Package [me.vishok.locent] reported as REPLACED, but missing application info. Assuming REMOVED.
04-04 22:48:41.669 D/ActivityThread(  379): Package [me.vishok.locent] reported as REPLACED, but missing application info. Assuming REMOVED.
04-04 22:48:41.670 D/ActivityThread(11878): Package [me.vishok.locent] reported as REPLACED, but missing application info. Assuming REMOVED.
04-04 22:48:41.671 D/ActivityThread(17245): Package [me.vishok.locent] reported as REPLACED, but missing application info. Assuming REMOVED.
04-04 22:48:41.671 D/ActivityThread( 3065): Package [me.vishok.locent] reported as REPLACED, but missing application info. Assuming REMOVED.
04-04 22:48:41.671 D/ActivityThread( 3041): Package [me.vishok.locent] reported as REPLACED, but missing application info. Assuming REMOVED.
04-04 22:48:41.671 D/ActivityThread( 4632): Package [me.vishok.locent] reported as REPLACED, but missing application info. Assuming REMOVED.
04-04 22:48:41.672 D/ActivityThread( 6186): Package [me.vishok.locent] reported as REPLACED, but missing application info. Assuming REMOVED.
04-04 22:48:41.672 D/ActivityThread(  876): Package [me.vishok.locent] reported as REPLACED, but missing application info. Assuming REMOVED.
04-04 22:48:41.672 D/ActivityThread( 4279): Package [me.vishok.locent] reported as REPLACED, but missing application info. Assuming REMOVED.
04-04 22:48:41.672 D/ActivityThread( 4579): Package [me.vishok.locent] reported as REPLACED, but missing application info. Assuming REMOVED.
04-04 22:48:41.672 D/ActivityThread(32210): Package [me.vishok.locent] reported as REPLACED, but missing application info. Assuming REMOVED.
04-04 22:48:41.673 D/ActivityThread( 4579): Package [me.vishok.locent] reported as REPLACED, but missing application info. Assuming REMOVED.
04-04 22:48:41.673 D/ActivityThread( 4252): Package [me.vishok.locent] reported as REPLACED, but missing application info. Assuming REMOVED.
04-04 22:48:41.673 D/ActivityThread(29024): Package [me.vishok.locent] reported as REPLACED, but missing application info. Assuming REMOVED.
04-04 22:48:41.673 D/ActivityThread( 4263): Package [me.vishok.locent] reported as REPLACED, but missing application info. Assuming REMOVED.
04-04 22:48:41.673 D/ActivityThread( 4252): Package [me.vishok.locent] reported as REPLACED, but missing application info. Assuming REMOVED.
04-04 22:48:41.673 D/ActivityThread( 3076): Package [me.vishok.locent] reported as REPLACED, but missing application info. Assuming REMOVED.
04-04 22:48:41.674 D/ActivityThread( 5996): Package [me.vishok.locent] reported as REPLACED, but missing application info. Assuming REMOVED.
04-04 22:48:41.674 D/ActivityThread(26790): Package [me.vishok.locent] reported as REPLACED, but missing application info. Assuming REMOVED.
