04-04 22:27:50.766  1982  1982 W binder:1982_2: type=1400 audit(0.0:3880782): avc:  denied  { read } for  name="u:object_r:hwservicemanager_prop:s0" dev="tmpfs" ino=256 scontext=u:r:lbs_dbg_ext:s0 tcontext=u:object_r:hwservicemanager_prop:s0 tclass=file permissive=0
04-04 22:27:50.784  1709  1790 I HfLooper: moto_sensor LIGHT_SENSOR_LIGHT_1 lux = 0.000000, timestamp = 1662727200222994 
04-04 22:27:50.896  1709  1790 I HfLooper: moto_sensor LIGHT_SENSOR_LIGHT_1 lux = 0.000000, timestamp = 1662727310365431 
04-04 22:27:51.005  1709  1790 I HfLooper: moto_sensor LIGHT_SENSOR_LIGHT_1 lux = 0.000000, timestamp = 1662727420801984 
04-04 22:27:51.058  1738  1806 I libPerfCtl: xgfGetFPS pid:2918 fps:-1
04-04 22:27:51.094  1794  1794 I BufferQueueProducer: [StatusBar#95](this:0xb400007dbfc247b0,id:-1,api:0,p:-1,c:1794) queueBuffer: fps=0.33 dur=3022.23 max=3022.23 min=3022.23
04-04 22:27:51.096  1705  2206 I hwcomposer: [HWCDisplay] [Display_0 (type:1, mode:2)] fps:0.330884,dur:3022.21,max:3022.21,min:3022.21  
04-04 22:27:51.115  1709  1790 I HfLooper: moto_sensor LIGHT_SENSOR_LIGHT_1 lux = 0.000000, timestamp = 1662727530421061 
04-04 22:27:51.225  1709  1790 I HfLooper: moto_sensor LIGHT_SENSOR_LIGHT_1 lux = 0.000000, timestamp = 1662727640711301 
04-04 22:27:51.335  1709  1790 I HfLooper: moto_sensor LIGHT_SENSOR_LIGHT_1 lux = 0.000000, timestamp = 1662727750696836 
04-04 22:27:51.446  1709  1790 I HfLooper: moto_sensor LIGHT_SENSOR_LIGHT_1 lux = 0.000000, timestamp = 1662727860712840 
04-04 22:27:51.526 11930 11930 D WifiHAL : WifiRequest::create vendor command to iface 36, vendor_id=0x1a11, subcmd=0x0002, res=0
04-04 22:27:51.527 11930 11930 I WifiHAL : feature_set=0x8488341a
04-04 22:27:51.531  2313  2748 I HalDevMgr: bestIfaceCreationProposal is null, requestIface=STA, existingIface=[name=wlan0 type=STA]
04-04 22:27:51.532  2313  6875 I MotoStaCheckin: onWifiUsabilityStats, seqNum: 98583, isSameBssidAndFreq: true, RSSI: -54, isThroughputSufficient: true, LinkSpeed: 351 Mbps, RxLinkSpeed: 390 Mbps
04-04 22:27:51.532  2313  6875 I MotoStaCheckin: onWifiUsabilityStats, Duration: 1662727951, Rx Good: 7 ( PPS: 0 ), Tx Good: 4, Tx Bad: 0 ( 0 % ), Tx Retry: 0 ( 0 % ), NSS: 0, Bandwidth: 0
04-04 22:27:51.555  1709  1790 I HfLooper: moto_sensor LIGHT_SENSOR_LIGHT_1 lux = 0.000000, timestamp = 1662727970698052 
04-04 22:27:51.562 25801  2235 W adbd    : timed out while waiting for FUNCTIONFS_BIND, trying again
04-04 22:27:51.562 25801  2235 I adbd    : UsbFfs: connection terminated: monitor thread finished
04-04 22:27:51.604 25801 25807 I adbd    : opening control endpoint /dev/usb-ffs/adb/ep0
04-04 22:27:51.607  1982  1982 W libc    : Access denied finding property "hwservicemanager.ready"
04-04 22:27:51.602  1982  1982 W binder:1982_2: type=1400 audit(0.0:3880783): avc:  denied  { read } for  name="u:object_r:hwservicemanager_prop:s0" dev="tmpfs" ino=256 scontext=u:r:lbs_dbg_ext:s0 tcontext=u:object_r:hwservicemanager_prop:s0 tclass=file permissive=0
04-04 22:27:51.662 29024 29426 E msys    : E[N WCIHTTPImplNetworkSession]WCIHTTPTaskImplCreateRegular(556)=>[I] http/task/regular/create/start
04-04 22:27:51.664 29024 29426 E msys    : E[N WCIHTTPImplNetworkSession]WCIHTTPTaskImplCreateRegular(591)=>[I] http/task/regular/create/execute
04-04 22:27:51.665  1709  1790 I HfLooper: moto_sensor LIGHT_SENSOR_LIGHT_1 lux = 0.000000, timestamp = 1662728080713720 
04-04 22:27:51.673 29024 29426 E msys    : E[N WCIHTTPImplNetworkSession]WCIHTTPTaskImplCreateRegular(614)=>[I] http/task/regular/create/success
04-04 22:27:51.766  1982  1982 W binder:1982_2: type=1400 audit(0.0:3880784): avc:  denied  { read } for  name="u:object_r:hwservicemanager_prop:s0" dev="tmpfs" ino=256 scontext=u:r:lbs_dbg_ext:s0 tcontext=u:object_r:hwservicemanager_prop:s0 tclass=file permissive=0
04-04 22:27:51.770  1982  1982 W lbs_dbg_ext: Waited for hwservicemanager.ready for a second, waiting another...
04-04 22:27:51.771  1982  1982 W libc    : Access denied finding property "hwservicemanager.disabled"
04-04 22:27:51.771  1982  1982 W libc    : Access denied finding property "hwservicemanager.ready"
04-04 22:27:51.772  1982  1982 W libc    : Access denied finding property "hwservicemanager.ready"
04-04 22:27:51.766  1982  1982 W binder:1982_2: type=1400 audit(0.0:3880785): avc:  denied  { read } for  name="u:object_r:hwservicemanager_prop:s0" dev="tmpfs" ino=256 scontext=u:r:lbs_dbg_ext:s0 tcontext=u:object_r:hwservicemanager_prop:s0 tclass=file permissive=0
04-04 22:27:51.766  1982  1982 W binder:1982_2: type=1400 audit(0.0:3880786): avc:  denied  { read } for  name="u:object_r:hwservicemanager_prop:s0" dev="tmpfs" ino=256 scontext=u:r:lbs_dbg_ext:s0 tcontext=u:object_r:hwservicemanager_prop:s0 tclass=file permissive=0
04-04 22:27:51.774  1709  1790 I HfLooper: moto_sensor LIGHT_SENSOR_LIGHT_1 lux = 0.000000, timestamp = 1662728190278619 
04-04 22:27:51.885  1709  1790 I HfLooper: moto_sensor LIGHT_SENSOR_LIGHT_1 lux = 0.000000, timestamp = 1662728300715153 
04-04 22:27:51.997  1709  1790 I HfLooper: moto_sensor LIGHT_SENSOR_LIGHT_1 lux = 0.000000, timestamp = 1662728410700480 
04-04 22:27:52.061  1738  1806 I libPerfCtl: xgfGetFPS pid:2918 fps:-1
04-04 22:27:52.073  2025  2378 D ULogGuard: Monitoring: 18 threads, 0 requests, 0 time-bombs; 326 guards. ResetFlags = 0x7
04-04 22:27:52.105  1709  1790 I HfLooper: moto_sensor LIGHT_SENSOR_LIGHT_1 lux = 0.000000, timestamp = 1662728520716412 
04-04 22:27:52.215  1709  1790 I HfLooper: moto_sensor LIGHT_SENSOR_LIGHT_1 lux = 0.000000, timestamp = 1662728630701666 
04-04 22:27:52.325  1709  1790 I HfLooper: moto_sensor LIGHT_SENSOR_LIGHT_1 lux = 0.000000, timestamp = 1662728740717430 
04-04 22:27:52.434  1709  1790 I HfLooper: moto_sensor LIGHT_SENSOR_LIGHT_1 lux = 0.000000, timestamp = 1662728850215306 
04-04 22:27:52.544  1709  1790 I HfLooper: moto_sensor LIGHT_SENSOR_LIGHT_1 lux = 0.000000, timestamp = 1662728960481378 
04-04 22:27:52.610 25801  2238 W adbd    : timed out while waiting for FUNCTIONFS_BIND, trying again
04-04 22:27:52.611 25801  2238 I adbd    : UsbFfs: connection terminated: monitor thread finished
04-04 22:27:52.655  1709  1790 I HfLooper: moto_sensor LIGHT_SENSOR_LIGHT_1 lux = 0.000000, timestamp = 1662729070226056 
04-04 22:27:52.656 25801 25807 I adbd    : opening control endpoint /dev/usb-ffs/adb/ep0
04-04 22:27:52.659  1982  1982 W libc    : Access denied finding property "hwservicemanager.ready"
04-04 22:27:52.654  1982  1982 W binder:1982_2: type=1400 audit(0.0:3880787): avc:  denied  { read } for  name="u:object_r:hwservicemanager_prop:s0" dev="tmpfs" ino=256 scontext=u:r:lbs_dbg_ext:s0 tcontext=u:object_r:hwservicemanager_prop:s0 tclass=file permissive=0
04-04 22:27:52.765  1709  1790 I HfLooper: moto_sensor LIGHT_SENSOR_LIGHT_1 lux = 0.000000, timestamp = 1662729180537138 
04-04 22:27:52.772  1982  1982 W lbs_dbg_ext: Waited for hwservicemanager.ready for a second, waiting another...
04-04 22:27:52.773  1982  1982 W libc    : Access denied finding property "hwservicemanager.disabled"
04-04 22:27:52.773  1982  1982 W libc    : Access denied finding property "hwservicemanager.ready"
04-04 22:27:52.770  1982  1982 W binder:1982_2: type=1400 audit(0.0:3880788): avc:  denied  { read } for  name="u:object_r:hwservicemanager_prop:s0" dev="tmpfs" ino=256 scontext=u:r:lbs_dbg_ext:s0 tcontext=u:object_r:hwservicemanager_prop:s0 tclass=file permissive=0
04-04 22:27:52.774  1982  1982 W libc    : Access denied finding property "hwservicemanager.ready"
04-04 22:27:52.770  1982  1982 W binder:1982_2: type=1400 audit(0.0:3880789): avc:  denied  { read } for  name="u:object_r:hwservicemanager_prop:s0" dev="tmpfs" ino=256 scontext=u:r:lbs_dbg_ext:s0 tcontext=u:object_r:hwservicemanager_prop:s0 tclass=file permissive=0
04-04 22:27:52.770  1982  1982 W binder:1982_2: type=1400 audit(0.0:3880790): avc:  denied  { read } for  name="u:object_r:hwservicemanager_prop:s0" dev="tmpfs" ino=256 scontext=u:r:lbs_dbg_ext:s0 tcontext=u:object_r:hwservicemanager_prop:s0 tclass=file permissive=0
04-04 22:27:52.875  1709  1790 I HfLooper: moto_sensor LIGHT_SENSOR_LIGHT_1 lux = 0.000000, timestamp = 1662729290705464 
04-04 22:27:52.985  1709  1790 I HfLooper: moto_sensor LIGHT_SENSOR_LIGHT_1 lux = 0.000000, timestamp = 1662729400721219 
04-04 22:27:53.061  1738  1806 I libPerfCtl: xgfGetFPS pid:2918 fps:-1
04-04 22:27:53.095  1709  1790 I HfLooper: moto_sensor LIGHT_SENSOR_LIGHT_1 lux = 0.000000, timestamp = 1662729510706666 
04-04 22:27:53.206  1709  1790 I HfLooper: moto_sensor LIGHT_SENSOR_LIGHT_1 lux = 0.000000, timestamp = 1662729620722469 
04-04 22:27:53.315  1709  1790 I HfLooper: moto_sensor LIGHT_SENSOR_LIGHT_1 lux = 0.000000, timestamp = 1662729730707940 
04-04 22:27:53.427  1709  1790 I HfLooper: moto_sensor LIGHT_SENSOR_LIGHT_1 lux = 0.000000, timestamp = 1662729840723734 
04-04 22:27:53.537  1709  1790 I HfLooper: moto_sensor LIGHT_SENSOR_LIGHT_1 lux = 0.000000, timestamp = 1662729950709244 
04-04 22:27:53.645  1709  1790 I HfLooper: moto_sensor LIGHT_SENSOR_LIGHT_1 lux = 0.000000, timestamp = 1662730060724892 
04-04 22:27:53.663 25801  2239 W adbd    : timed out while waiting for FUNCTIONFS_BIND, trying again
04-04 22:27:53.664 25801  2239 I adbd    : UsbFfs: connection terminated: monitor thread finished
04-04 22:27:53.712 25801 25807 I adbd    : opening control endpoint /dev/usb-ffs/adb/ep0
04-04 22:27:53.715  1982  1982 W libc    : Access denied finding property "hwservicemanager.ready"
04-04 22:27:53.710  1982  1982 W binder:1982_2: type=1400 audit(0.0:3880791): avc:  denied  { read } for  name="u:object_r:hwservicemanager_prop:s0" dev="tmpfs" ino=256 scontext=u:r:lbs_dbg_ext:s0 tcontext=u:object_r:hwservicemanager_prop:s0 tclass=file permissive=0
04-04 22:27:53.755  1709  1790 I HfLooper: moto_sensor LIGHT_SENSOR_LIGHT_1 lux = 0.000000, timestamp = 1662730170710335 
04-04 22:27:53.770  1982  1982 W binder:1982_2: type=1400 audit(0.0:3880792): avc:  denied  { read } for  name="u:object_r:hwservicemanager_prop:s0" dev="tmpfs" ino=256 scontext=u:r:lbs_dbg_ext:s0 tcontext=u:object_r:hwservicemanager_prop:s0 tclass=file permissive=0
04-04 22:27:53.774  1982  1982 W lbs_dbg_ext: Waited for hwservicemanager.ready for a second, waiting another...
04-04 22:27:53.774  1982  1982 W libc    : Access denied finding property "hwservicemanager.disabled"
04-04 22:27:53.775  1982  1982 W libc    : Access denied finding property "hwservicemanager.ready"
04-04 22:27:53.775  1982  1982 W libc    : Access denied finding property "hwservicemanager.ready"
04-04 22:27:53.865  1709  1790 I HfLooper: moto_sensor LIGHT_SENSOR_LIGHT_1 lux = 0.000000, timestamp = 1662730280726109 
04-04 22:27:53.974  1709  1790 I HfLooper: moto_sensor LIGHT_SENSOR_LIGHT_1 lux = 0.000000, timestamp = 1662730390290955 
04-04 22:27:54.062  1738  1806 I libPerfCtl: xgfGetFPS pid:2918 fps:-1
04-04 22:27:54.085  1709  1790 I HfLooper: moto_sensor LIGHT_SENSOR_LIGHT_1 lux = 0.000000, timestamp = 1662730500696873 
04-04 22:27:54.116  1794  1794 I BufferQueueProducer: [StatusBar#95](this:0xb400007dbfc247b0,id:-1,api:0,p:-1,c:1794) queueBuffer: fps=0.33 dur=3022.47 max=3022.47 min=3022.47
04-04 22:27:54.118  1705  2206 I hwcomposer: [HWCDisplay] [Display_0 (type:1, mode:2)] fps:0.330861,dur:3022.42,max:3022.42,min:3022.42  
04-04 22:27:54.133  8002  8002 D BoundBrokerSvc: onUnbind: Intent { act=com.google.android.gms.feedback.internal.IFeedbackService dat=chimera-action:/... xflg=0x4 cmp=com.google.android.gms/.chimera.GmsBoundBrokerService }
04-04 22:27:54.195  1709  1790 I HfLooper: moto_sensor LIGHT_SENSOR_LIGHT_1 lux = 0.000000, timestamp = 1662730610712806 
04-04 22:27:54.305  1709  1790 I HfLooper: moto_sensor LIGHT_SENSOR_LIGHT_1 lux = 0.000000, timestamp = 1662730720698114 
04-04 22:27:54.417  1709  1790 I HfLooper: moto_sensor LIGHT_SENSOR_LIGHT_1 lux = 0.000000, timestamp = 1662730830714008 
04-04 22:27:54.525  1709  1790 I HfLooper: moto_sensor LIGHT_SENSOR_LIGHT_1 lux = 0.000000, timestamp = 1662730940699301 
04-04 22:27:54.557 11930 11930 D WifiHAL : WifiRequest::create vendor command to iface 36, vendor_id=0x1a11, subcmd=0x0002, res=0
04-04 22:27:54.557 11930 11930 I WifiHAL : feature_set=0x8488341a
04-04 22:27:54.561  2313  2748 I HalDevMgr: bestIfaceCreationProposal is null, requestIface=STA, existingIface=[name=wlan0 type=STA]
04-04 22:27:54.563  2313  6875 I MotoStaCheckin: onWifiUsabilityStats, seqNum: 98584, isSameBssidAndFreq: true, RSSI: -51, isThroughputSufficient: true, LinkSpeed: 351 Mbps, RxLinkSpeed: 390 Mbps
04-04 22:27:54.563  2313  6875 I MotoStaCheckin: onWifiUsabilityStats, Duration: 1662730982, Rx Good: 4 ( PPS: 0 ), Tx Good: 5, Tx Bad: 0 ( 0 % ), Tx Retry: 0 ( 0 % ), NSS: 0, Bandwidth: 0
04-04 22:27:54.635  1709  1790 I HfLooper: moto_sensor LIGHT_SENSOR_LIGHT_1 lux = 0.000000, timestamp = 1662731050715162 
04-04 22:27:54.690  3041 25681 D IpClient/wlan0: addressUpdated: 2406:7400:bb:f58c:2451:afff:fe93:298d/64 on ifindex 36 flags 0x00000100 scope 0
04-04 22:27:54.691  3041 25681 D IpClient/wlan0: addressUpdated: 2406:7400:bb:f58c:d7d9:1149:e9cd:8741/64 on ifindex 36 flags 0x00000001 scope 0
04-04 22:27:54.692  3041 25681 W AlarmManager: Unrecognized alarm listener com.android.networkstack.android.net.ip.IpClientLinkObserver$Dhcp6PdPreferredPrefixAlarmListener@a73de76
04-04 22:27:54.694  3041 25681 D ApfFilter: (wlan0): Ignoring RA RA fe80::9ea2:f4ff:fead:c72b -> ff02::1 30s 2406:7400:bb:f58c::/64 300s/120s  which matches RA fe80::9ea2:f4ff:fead:c72b -> ff02::1 30s 2406:7400:bb:f58c::/64 300s/120s 
04-04 22:27:54.718 25801  2244 W adbd    : timed out while waiting for FUNCTIONFS_BIND, trying again
04-04 22:27:54.719 25801  2244 I adbd    : UsbFfs: connection terminated: monitor thread finished
04-04 22:27:54.744  1709  1790 I HfLooper: moto_sensor LIGHT_SENSOR_LIGHT_1 lux = 0.000000, timestamp = 1662731160219763 
04-04 22:27:54.774  1982  1982 W binder:1982_2: type=1400 audit(0.0:3880795): avc:  denied  { read } for  name="u:object_r:hwservicemanager_prop:s0" dev="tmpfs" ino=256 scontext=u:r:lbs_dbg_ext:s0 tcontext=u:object_r:hwservicemanager_prop:s0 tclass=file permissive=0
04-04 22:27:54.776  1982  1982 W lbs_dbg_ext: Waited for hwservicemanager.ready for a second, waiting another...
04-04 22:27:54.777  1982  1982 W libc    : Access denied finding property "hwservicemanager.disabled"
04-04 22:27:54.777  1982  1982 W libc    : Access denied finding property "hwservicemanager.ready"
04-04 22:27:54.777  1982  1982 W libc    : Access denied finding property "hwservicemanager.ready"
04-04 22:27:54.774  1982  1982 W binder:1982_2: type=1400 audit(0.0:3880796): avc:  denied  { read } for  name="u:object_r:hwservicemanager_prop:s0" dev="tmpfs" ino=256 scontext=u:r:lbs_dbg_ext:s0 tcontext=u:object_r:hwservicemanager_prop:s0 tclass=file permissive=0
04-04 22:27:54.774  1982  1982 W binder:1982_2: type=1400 audit(0.0:3880797): avc:  denied  { read } for  name="u:object_r:hwservicemanager_prop:s0" dev="tmpfs" ino=256 scontext=u:r:lbs_dbg_ext:s0 tcontext=u:object_r:hwservicemanager_prop:s0 tclass=file permissive=0
04-04 22:27:54.792 25801 25807 I adbd    : opening control endpoint /dev/usb-ffs/adb/ep0
04-04 22:27:54.794  1982  1982 W libc    : Access denied finding property "hwservicemanager.ready"
04-04 22:27:54.790  1982  1982 W binder:1982_2: type=1400 audit(0.0:3880798): avc:  denied  { read } for  name="u:object_r:hwservicemanager_prop:s0" dev="tmpfs" ino=256 scontext=u:r:lbs_dbg_ext:s0 tcontext=u:object_r:hwservicemanager_prop:s0 tclass=file permissive=0
04-04 22:27:54.855  1709  1790 I HfLooper: moto_sensor LIGHT_SENSOR_LIGHT_1 lux = 0.000000, timestamp = 1662731270716152 
04-04 22:27:54.965  1709  1790 I HfLooper: moto_sensor LIGHT_SENSOR_LIGHT_1 lux = 0.000000, timestamp = 1662731380701638 
04-04 22:27:55.062  1738  1806 I libPerfCtl: xgfGetFPS pid:2918 fps:-1
04-04 22:27:55.074  2025  2378 D ULogGuard: Monitoring: 18 threads, 0 requests, 0 time-bombs; 326 guards. ResetFlags = 0x7
04-04 22:27:55.075  1709  1790 I HfLooper: moto_sensor LIGHT_SENSOR_LIGHT_1 lux = 0.000000, timestamp = 1662731490717628 
04-04 22:27:55.185  1709  1790 I HfLooper: moto_sensor LIGHT_SENSOR_LIGHT_1 lux = 0.000000, timestamp = 1662731600702884 
04-04 22:27:55.295  1709  1790 I HfLooper: moto_sensor LIGHT_SENSOR_LIGHT_1 lux = 0.000000, timestamp = 1662731710718893 
04-04 22:27:55.408  1709  1790 I HfLooper: moto_sensor LIGHT_SENSOR_LIGHT_1 lux = 0.000000, timestamp = 1662731820704081 
04-04 22:27:55.517  1709  1790 I HfLooper: moto_sensor LIGHT_SENSOR_LIGHT_1 lux = 0.000000, timestamp = 1662731930360398 
04-04 22:27:55.624  1709  1790 I HfLooper: moto_sensor LIGHT_SENSOR_LIGHT_1 lux = 0.000000, timestamp = 1662732040345716 
04-04 22:27:55.737  1709  1790 I HfLooper: moto_sensor LIGHT_SENSOR_LIGHT_1 lux = 0.000000, timestamp = 1662732150782331 
04-04 22:27:55.778  1982  1982 W lbs_dbg_ext: Waited for hwservicemanager.ready for a second, waiting another...
04-04 22:27:55.779  1982  1982 W libc    : Access denied finding property "hwservicemanager.disabled"
04-04 22:27:55.779  1982  1982 W libc    : Access denied finding property "hwservicemanager.ready"
04-04 22:27:55.779  1982  1982 W libc    : Access denied finding property "hwservicemanager.ready"
04-04 22:27:55.774  1982  1982 W binder:1982_2: type=1400 audit(0.0:3880799): avc:  denied  { read } for  name="u:object_r:hwservicemanager_prop:s0" dev="tmpfs" ino=256 scontext=u:r:lbs_dbg_ext:s0 tcontext=u:object_r:hwservicemanager_prop:s0 tclass=file permissive=0
04-04 22:27:55.798 25801  2245 W adbd    : timed out while waiting for FUNCTIONFS_BIND, trying again
04-04 22:27:55.798 25801  2245 I adbd    : UsbFfs: connection terminated: monitor thread finished
04-04 22:27:55.840 25801 25807 I adbd    : opening control endpoint /dev/usb-ffs/adb/ep0
04-04 22:27:55.844  1982  1982 W libc    : Access denied finding property "hwservicemanager.ready"
04-04 22:27:55.838  1982  1982 W binder:1982_2: type=1400 audit(0.0:3880802): avc:  denied  { read } for  name="u:object_r:hwservicemanager_prop:s0" dev="tmpfs" ino=256 scontext=u:r:lbs_dbg_ext:s0 tcontext=u:object_r:hwservicemanager_prop:s0 tclass=file permissive=0
04-04 22:27:55.845  1709  1790 I HfLooper: moto_sensor LIGHT_SENSOR_LIGHT_1 lux = 0.000000, timestamp = 1662732260401451 
04-04 22:27:55.957  1709  1790 I HfLooper: moto_sensor LIGHT_SENSOR_LIGHT_1 lux = 0.000000, timestamp = 1662732370691913 
04-04 22:27:56.065  1709  1790 I HfLooper: moto_sensor LIGHT_SENSOR_LIGHT_1 lux = 0.000000, timestamp = 1662732480707836 
04-04 22:27:56.175  1709  1790 I HfLooper: moto_sensor LIGHT_SENSOR_LIGHT_1 lux = 0.000000, timestamp = 1662732590272529 
04-04 22:27:56.189  1709  1789 W AString : ctor got NULL, using empty string instead
04-04 22:27:56.189  1709  1789 I SensorSavedChannel: [-90,117,201,722,-7221,-5545]==>gyro_temp.json
04-04 22:27:56.190  1709  1789 W AString : ctor got NULL, using empty string instead
04-04 22:27:56.190  1709  1789 I SensorSavedChannel: [-2589,-2938,1751]==>gyro_bias.json
04-04 22:27:56.190  1709  1789 W SensorSavedChannel: [SOIS_H] dynamic calibration process: static cali data [345,4677], bias cali data [-2589,-2938]
04-04 22:27:56.237  3041 25681 D IpClient/wlan0: interfaceLinkStateChanged: ifindex 36 up
04-04 22:27:56.286  1709  1790 I HfLooper: moto_sensor LIGHT_SENSOR_LIGHT_1 lux = 0.000000, timestamp = 1662732700709051 
04-04 22:27:56.395  1709  1790 I HfLooper: moto_sensor LIGHT_SENSOR_LIGHT_1 lux = 0.000000, timestamp = 1662732810724830 
04-04 22:27:56.508  1709  1790 I HfLooper: moto_sensor LIGHT_SENSOR_LIGHT_1 lux = 0.000000, timestamp = 1662732920710076 
04-04 22:27:56.617  1709  1790 I HfLooper: moto_sensor LIGHT_SENSOR_LIGHT_1 lux = 0.000000, timestamp = 1662733030695595 
04-04 22:27:56.727  1709  1790 I HfLooper: moto_sensor LIGHT_SENSOR_LIGHT_1 lux = 0.000000, timestamp = 1662733140711287 
04-04 22:27:56.778  1982  1982 W binder:1982_2: type=1400 audit(0.0:3880803): avc:  denied  { read } for  name="u:object_r:hwservicemanager_prop:s0" dev="tmpfs" ino=256 scontext=u:r:lbs_dbg_ext:s0 tcontext=u:object_r:hwservicemanager_prop:s0 tclass=file permissive=0
04-04 22:27:56.780  1982  1982 W lbs_dbg_ext: Waited for hwservicemanager.ready for a second, waiting another...
04-04 22:27:56.780  1982  1982 W libc    : Access denied finding property "hwservicemanager.disabled"
04-04 22:27:56.781  1982  1982 W libc    : Access denied finding property "hwservicemanager.ready"
04-04 22:27:56.781  1982  1982 W libc    : Access denied finding property "hwservicemanager.ready"
04-04 22:27:56.778  1982  1982 W binder:1982_2: type=1400 audit(0.0:3880804): avc:  denied  { read } for  name="u:object_r:hwservicemanager_prop:s0" dev="tmpfs" ino=256 scontext=u:r:lbs_dbg_ext:s0 tcontext=u:object_r:hwservicemanager_prop:s0 tclass=file permissive=0
04-04 22:27:56.778  1982  1982 W binder:1982_2: type=1400 audit(0.0:3880805): avc:  denied  { read } for  name="u:object_r:hwservicemanager_prop:s0" dev="tmpfs" ino=256 scontext=u:r:lbs_dbg_ext:s0 tcontext=u:object_r:hwservicemanager_prop:s0 tclass=file permissive=0
04-04 22:27:56.835  1709  1790 I HfLooper: moto_sensor LIGHT_SENSOR_LIGHT_1 lux = 0.000000, timestamp = 1662733250696840 
04-04 22:27:56.846 25801  2248 W adbd    : timed out while waiting for FUNCTIONFS_BIND, trying again
04-04 22:27:56.846 25801  2248 I adbd    : UsbFfs: connection terminated: monitor thread finished
04-04 22:27:56.888 25801 25807 I adbd    : opening control endpoint /dev/usb-ffs/adb/ep0
04-04 22:27:56.891  1982  1982 W libc    : Access denied finding property "hwservicemanager.ready"
04-04 22:27:56.886  1982  1982 W binder:1982_2: type=1400 audit(0.0:3880806): avc:  denied  { read } for  name="u:object_r:hwservicemanager_prop:s0" dev="tmpfs" ino=256 scontext=u:r:lbs_dbg_ext:s0 tcontext=u:object_r:hwservicemanager_prop:s0 tclass=file permissive=0
04-04 22:27:56.924  1800  1820 D ccci_mdinit: (1):monitor_time_update_thread round:130690 ########
04-04 22:27:56.945  1709  1790 I HfLooper: moto_sensor LIGHT_SENSOR_LIGHT_1 lux = 0.000000, timestamp = 1662733360712772 
04-04 22:27:57.055  1709  1790 I HfLooper: moto_sensor LIGHT_SENSOR_LIGHT_1 lux = 0.000000, timestamp = 1662733470698017 
04-04 22:27:57.127  1794  1794 I BufferQueueProducer: [StatusBar#95](this:0xb400007dbfc247b0,id:-1,api:0,p:-1,c:1794) queueBuffer: fps=0.33 dur=3011.12 max=3011.12 min=3011.12
04-04 22:27:57.130  1705  2206 I hwcomposer: [HWCDisplay] [Display_0 (type:1, mode:2)] fps:0.332069,dur:3011.42,max:3011.42,min:3011.42  
04-04 22:27:57.165  1709  1790 I HfLooper: moto_sensor LIGHT_SENSOR_LIGHT_1 lux = 0.000000, timestamp = 1662733580714003 
04-04 22:27:57.275  1709  1790 I HfLooper: moto_sensor LIGHT_SENSOR_LIGHT_1 lux = 0.000000, timestamp = 1662733690699277 
04-04 22:27:57.385  1709  1790 I HfLooper: moto_sensor LIGHT_SENSOR_LIGHT_1 lux = 0.000000, timestamp = 1662733800715292 
04-04 22:27:57.497  1709  1790 I HfLooper: moto_sensor LIGHT_SENSOR_LIGHT_1 lux = 0.000000, timestamp = 1662733910700604 
04-04 22:27:57.507  2313  2403 W PackageManager: Not removing package com.google.android.trichromelibrary hosting lib com.google.android.trichromelibrary version 768016433 used by [VersionedPackage[com.android.chrome/768016433]] for user 0
04-04 22:27:57.584 11930 11930 D WifiHAL : WifiRequest::create vendor command to iface 36, vendor_id=0x1a11, subcmd=0x0002, res=0
04-04 22:27:57.585 11930 11930 I WifiHAL : feature_set=0x8488341a
04-04 22:27:57.588  2313  2748 I HalDevMgr: bestIfaceCreationProposal is null, requestIface=STA, existingIface=[name=wlan0 type=STA]
04-04 22:27:57.589  2313  6875 I MotoStaCheckin: onWifiUsabilityStats, seqNum: 98585, isSameBssidAndFreq: true, RSSI: -44, isThroughputSufficient: true, LinkSpeed: 351 Mbps, RxLinkSpeed: 390 Mbps
04-04 22:27:57.590  2313  6875 I MotoStaCheckin: onWifiUsabilityStats, Duration: 1662734008, Rx Good: 7 ( PPS: 0 ), Tx Good: 4, Tx Bad: 0 ( 0 % ), Tx Retry: 0 ( 0 % ), NSS: 0, Bandwidth: 0
04-04 22:27:57.606  1709  1790 I HfLooper: moto_sensor LIGHT_SENSOR_LIGHT_1 lux = 0.000000, timestamp = 1662734020716537 
04-04 22:27:57.715  1709  1790 I HfLooper: moto_sensor LIGHT_SENSOR_LIGHT_1 lux = 0.000000, timestamp = 1662734130701859 
04-04 22:27:57.782  1982  1982 W lbs_dbg_ext: Waited for hwservicemanager.ready for a second, waiting another...
04-04 22:27:57.782  1982  1982 W libc    : Access denied finding property "hwservicemanager.disabled"
04-04 22:27:57.778  1982  1982 W binder:1982_2: type=1400 audit(0.0:3880807): avc:  denied  { read } for  name="u:object_r:hwservicemanager_prop:s0" dev="tmpfs" ino=256 scontext=u:r:lbs_dbg_ext:s0 tcontext=u:object_r:hwservicemanager_prop:s0 tclass=file permissive=0
04-04 22:27:57.783  1982  1982 W libc    : Access denied finding property "hwservicemanager.ready"
04-04 22:27:57.783  1982  1982 W libc    : Access denied finding property "hwservicemanager.ready"
04-04 22:27:57.778  1982  1982 W binder:1982_2: type=1400 audit(0.0:3880808): avc:  denied  { read } for  name="u:object_r:hwservicemanager_prop:s0" dev="tmpfs" ino=256 scontext=u:r:lbs_dbg_ext:s0 tcontext=u:object_r:hwservicemanager_prop:s0 tclass=file permissive=0
04-04 22:27:57.778  1982  1982 W binder:1982_2: type=1400 audit(0.0:3880809): avc:  denied  { read } for  name="u:object_r:hwservicemanager_prop:s0" dev="tmpfs" ino=256 scontext=u:r:lbs_dbg_ext:s0 tcontext=u:object_r:hwservicemanager_prop:s0 tclass=file permissive=0
04-04 22:27:57.825  1709  1790 I HfLooper: moto_sensor LIGHT_SENSOR_LIGHT_1 lux = 0.000000, timestamp = 1662734240717508 
04-04 22:27:57.894 25801  2249 W adbd    : timed out while waiting for FUNCTIONFS_BIND, trying again
04-04 22:27:57.895 25801  2249 I adbd    : UsbFfs: connection terminated: monitor thread finished
04-04 22:27:57.935  1709  1790 I HfLooper: moto_sensor LIGHT_SENSOR_LIGHT_1 lux = 0.000000, timestamp = 1662734350703056 
04-04 22:27:57.937 25801 25807 I adbd    : opening control endpoint /dev/usb-ffs/adb/ep0
04-04 22:27:57.939  1982  1982 W libc    : Access denied finding property "hwservicemanager.ready"
04-04 22:27:57.934  1982  1982 W binder:1982_2: type=1400 audit(0.0:3880810): avc:  denied  { read } for  name="u:object_r:hwservicemanager_prop:s0" dev="tmpfs" ino=256 scontext=u:r:lbs_dbg_ext:s0 tcontext=u:object_r:hwservicemanager_prop:s0 tclass=file permissive=0
04-04 22:27:58.045  1709  1790 I HfLooper: moto_sensor LIGHT_SENSOR_LIGHT_1 lux = 0.000000, timestamp = 1662734460718758 
04-04 22:27:58.078  2025  2378 D ULogGuard: Monitoring: 18 threads, 0 requests, 0 time-bombs; 326 guards. ResetFlags = 0x7
04-04 22:27:58.122  1738  1806 I libPerfCtl: xgfGetFPS pid:2918 fps:-1
04-04 22:27:58.155  1709  1790 I HfLooper: moto_sensor LIGHT_SENSOR_LIGHT_1 lux = 0.000000, timestamp = 1662734570704234 
04-04 22:27:58.265  1709  1790 I HfLooper: moto_sensor LIGHT_SENSOR_LIGHT_1 lux = 0.000000, timestamp = 1662734680719921 
04-04 22:27:58.374  1709  1790 I HfLooper: moto_sensor LIGHT_SENSOR_LIGHT_1 lux = 0.000000, timestamp = 1662734790284816 
04-04 22:27:58.485  1709  1790 I HfLooper: moto_sensor LIGHT_SENSOR_LIGHT_1 lux = 0.000000, timestamp = 1662734900721363 
04-04 22:27:58.597  1709  1790 I HfLooper: moto_sensor LIGHT_SENSOR_LIGHT_1 lux = 0.000000, timestamp = 1662735010706594 
04-04 22:27:58.708  1709  1790 I HfLooper: moto_sensor LIGHT_SENSOR_LIGHT_1 lux = 0.000000, timestamp = 1662735120722354 
04-04 22:27:58.783  1982  1982 W lbs_dbg_ext: Waited for hwservicemanager.ready for a second, waiting another...
04-04 22:27:58.778  1982  1982 W binder:1982_2: type=1400 audit(0.0:3880811): avc:  denied  { read } for  name="u:object_r:hwservicemanager_prop:s0" dev="tmpfs" ino=256 scontext=u:r:lbs_dbg_ext:s0 tcontext=u:object_r:hwservicemanager_prop:s0 tclass=file permissive=0
04-04 22:27:58.784  1982  1982 W libc    : Access denied finding property "hwservicemanager.disabled"
04-04 22:27:58.785  1982  1982 W libc    : Access denied finding property "hwservicemanager.ready"
04-04 22:27:58.785  1982  1982 W libc    : Access denied finding property "hwservicemanager.ready"
04-04 22:27:58.782  1982  1982 W binder:1982_2: type=1400 audit(0.0:3880812): avc:  denied  { read } for  name="u:object_r:hwservicemanager_prop:s0" dev="tmpfs" ino=256 scontext=u:r:lbs_dbg_ext:s0 tcontext=u:object_r:hwservicemanager_prop:s0 tclass=file permissive=0
04-04 22:27:58.782  1982  1982 W binder:1982_2: type=1400 audit(0.0:3880813): avc:  denied  { read } for  name="u:object_r:hwservicemanager_prop:s0" dev="tmpfs" ino=256 scontext=u:r:lbs_dbg_ext:s0 tcontext=u:object_r:hwservicemanager_prop:s0 tclass=file permissive=0
04-04 22:27:58.815  1709  1790 I HfLooper: moto_sensor LIGHT_SENSOR_LIGHT_1 lux = 0.000000, timestamp = 1662735230707845 
04-04 22:27:58.927  1709  1790 I HfLooper: moto_sensor LIGHT_SENSOR_LIGHT_1 lux = 0.000000, timestamp = 1662735340723821 
04-04 22:27:58.944 25801  2250 W adbd    : timed out while waiting for FUNCTIONFS_BIND, trying again
04-04 22:27:58.945 25801  2250 I adbd    : UsbFfs: connection terminated: monitor thread finished
04-04 22:27:58.985 25801 25807 I adbd    : opening control endpoint /dev/usb-ffs/adb/ep0
04-04 22:27:58.988  1982  1982 W libc    : Access denied finding property "hwservicemanager.ready"
04-04 22:27:58.982  1982  1982 W binder:1982_2: type=1400 audit(0.0:3880814): avc:  denied  { read } for  name="u:object_r:hwservicemanager_prop:s0" dev="tmpfs" ino=256 scontext=u:r:lbs_dbg_ext:s0 tcontext=u:object_r:hwservicemanager_prop:s0 tclass=file permissive=0
04-04 22:27:59.034  1709  1790 I HfLooper: moto_sensor LIGHT_SENSOR_LIGHT_1 lux = 0.000000, timestamp = 1662735450221378 
04-04 22:27:59.122  1738  1806 I libPerfCtl: xgfGetFPS pid:2918 fps:-1
04-04 22:27:59.144  1709  1790 I HfLooper: moto_sensor LIGHT_SENSOR_LIGHT_1 lux = 0.000000, timestamp = 1662735560487451 
04-04 22:27:59.257  1709  1790 I HfLooper: moto_sensor LIGHT_SENSOR_LIGHT_1 lux = 0.000000, timestamp = 1662735670233008 
04-04 22:27:59.365  1709  1790 I HfLooper: moto_sensor LIGHT_SENSOR_LIGHT_1 lux = 0.000000, timestamp = 1662735780542937 
04-04 22:27:59.476  1709  1790 I HfLooper: moto_sensor LIGHT_SENSOR_LIGHT_1 lux = 0.000000, timestamp = 1662735890711480 
04-04 22:27:59.588  1709  1790 I HfLooper: moto_sensor LIGHT_SENSOR_LIGHT_1 lux = 0.000000, timestamp = 1662736000696787 
04-04 22:27:59.697  1709  1790 I HfLooper: moto_sensor LIGHT_SENSOR_LIGHT_1 lux = 0.000000, timestamp = 1662736110712485 
04-04 22:27:59.786  1982  1982 W lbs_dbg_ext: Waited for hwservicemanager.ready for a second, waiting another...
04-04 22:27:59.787  1982  1982 W libc    : Access denied finding property "hwservicemanager.disabled"
04-04 22:27:59.782  1982  1982 W binder:1982_2: type=1400 audit(0.0:3880815): avc:  denied  { read } for  name="u:object_r:hwservicemanager_prop:s0" dev="tmpfs" ino=256 scontext=u:r:lbs_dbg_ext:s0 tcontext=u:object_r:hwservicemanager_prop:s0 tclass=file permissive=0
04-04 22:27:59.787  1982  1982 W libc    : Access denied finding property "hwservicemanager.ready"
04-04 22:27:59.782  1982  1982 W binder:1982_2: type=1400 audit(0.0:3880816): avc:  denied  { read } for  name="u:object_r:hwservicemanager_prop:s0" dev="tmpfs" ino=256 scontext=u:r:lbs_dbg_ext:s0 tcontext=u:object_r:hwservicemanager_prop:s0 tclass=file permissive=0
04-04 22:27:59.788  1982  1982 W libc    : Access denied finding property "hwservicemanager.ready"
04-04 22:27:59.786  1982  1982 W binder:1982_2: type=1400 audit(0.0:3880817): avc:  denied  { read } for  name="u:object_r:hwservicemanager_prop:s0" dev="tmpfs" ino=256 scontext=u:r:lbs_dbg_ext:s0 tcontext=u:object_r:hwservicemanager_prop:s0 tclass=file permissive=0
04-04 22:27:59.805  1709  1790 I HfLooper: moto_sensor LIGHT_SENSOR_LIGHT_1 lux = 0.000000, timestamp = 1662736220697937 
04-04 22:27:59.915  1709  1790 I HfLooper: moto_sensor LIGHT_SENSOR_LIGHT_1 lux = 0.000000, timestamp = 1662736330713720 
04-04 22:27:59.992 25801  2251 W adbd    : timed out while waiting for FUNCTIONFS_BIND, trying again
04-04 22:27:59.992 25801  2251 I adbd    : UsbFfs: connection terminated: monitor thread finished
04-04 22:28:00.005  2313  2616 D PowerManagerService: nativeAcquireSuspendBlocker name:PowerManagerService.WakeLocks duration ms: 2
04-04 22:28:00.008  2313  2313 D PowerManagerService: nativeReleaseSuspendBlocker name:PowerManagerService.WakeLocks duration ms: 1
04-04 22:28:00.025  1709  1790 I HfLooper: moto_sensor LIGHT_SENSOR_LIGHT_1 lux = 0.000000, timestamp = 1662736440699192 
04-04 22:28:00.045 25801 25807 I adbd    : opening control endpoint /dev/usb-ffs/adb/ep0
04-04 22:28:00.046  1982  1982 W binder:1982_2: type=1400 audit(0.0:3880818): avc:  denied  { read } for  name="u:object_r:hwservicemanager_prop:s0" dev="tmpfs" ino=256 scontext=u:r:lbs_dbg_ext:s0 tcontext=u:object_r:hwservicemanager_prop:s0 tclass=file permissive=0
04-04 22:28:00.049  1982  1982 W libc    : Access denied finding property "hwservicemanager.ready"
04-04 22:28:00.061  1794  1794 I BufferQueueProducer: [StatusBar#95](this:0xb400007dbfc247b0,id:-1,api:0,p:-1,c:1794) queueBuffer: fps=0.34 dur=2933.42 max=2933.42 min=2933.42
04-04 22:28:00.063  1705  2206 I hwcomposer: [HWCDisplay] [Display_0 (type:1, mode:2)] fps:0.340940,dur:2933.07,max:2933.07,min:2933.07  
04-04 22:28:00.083  1794  1794 I BufferQueueProducer: [com.motorola.launcher3/com.android.launcher3.CustomizationPanelLauncher#502137](this:0xb400007dbfd552e0,id:-1,api:0,p:-1,c:1794) queueBuffer: fps=0.12 dur=51268.96 max=51134.96 min=11.07
04-04 22:28:00.123  1738  1806 I libPerfCtl: xgfGetFPS pid:2918 fps:-1
04-04 22:28:00.123  1738  1806 I libPerfCtl: xgfGetFPS pid:12940 fps:-1
04-04 22:28:00.135  1709  1790 I HfLooper: moto_sensor LIGHT_SENSOR_LIGHT_1 lux = 0.000000, timestamp = 1662736550714966 
04-04 22:28:00.244  1709  1790 I HfLooper: moto_sensor LIGHT_SENSOR_LIGHT_1 lux = 0.000000, timestamp = 1662736660220216 
04-04 22:28:00.353  1709  1790 I HfLooper: moto_sensor LIGHT_SENSOR_LIGHT_1 lux = 0.000000, timestamp = 1662736770229148 
04-04 22:28:00.464  1709  1790 I HfLooper: moto_sensor LIGHT_SENSOR_LIGHT_1 lux = 0.000000, timestamp = 1662736880494639 
04-04 22:28:00.574  1709  1790 I HfLooper: moto_sensor LIGHT_SENSOR_LIGHT_1 lux = 0.000000, timestamp = 1662736990233029 
04-04 22:28:00.602 11930 11930 D WifiHAL : WifiRequest::create vendor command to iface 36, vendor_id=0x1a11, subcmd=0x0002, res=0
04-04 22:28:00.602 11930 11930 I WifiHAL : feature_set=0x8488341a
04-04 22:28:00.606  2313  2748 I HalDevMgr: bestIfaceCreationProposal is null, requestIface=STA, existingIface=[name=wlan0 type=STA]
04-04 22:28:00.607  2313  6875 I MotoStaCheckin: onWifiUsabilityStats, seqNum: 98586, isSameBssidAndFreq: true, RSSI: -44, isThroughputSufficient: true, LinkSpeed: 351 Mbps, RxLinkSpeed: 390 Mbps
04-04 22:28:00.608  2313  6875 I MotoStaCheckin: onWifiUsabilityStats, Duration: 1662737026, Rx Good: 61 ( PPS: 0 ), Tx Good: 99, Tx Bad: 0 ( 0 % ), Tx Retry: 0 ( 0 % ), NSS: 0, Bandwidth: 0
04-04 22:28:00.685  1709  1790 I HfLooper: moto_sensor LIGHT_SENSOR_LIGHT_1 lux = 0.000000, timestamp = 1662737100550369 
04-04 22:28:00.788  1982  1982 W lbs_dbg_ext: Waited for hwservicemanager.ready for a second, waiting another...
04-04 22:28:00.788  1982  1982 W libc    : Access denied finding property "hwservicemanager.disabled"
04-04 22:28:00.786  1982  1982 W binder:1982_2: type=1400 audit(0.0:3880819): avc:  denied  { read } for  name="u:object_r:hwservicemanager_prop:s0" dev="tmpfs" ino=256 scontext=u:r:lbs_dbg_ext:s0 tcontext=u:object_r:hwservicemanager_prop:s0 tclass=file permissive=0
04-04 22:28:00.789  1982  1982 W libc    : Access denied finding property "hwservicemanager.ready"
04-04 22:28:00.789  1982  1982 W libc    : Access denied finding property "hwservicemanager.ready"
04-04 22:28:00.786  1982  1982 W binder:1982_2: type=1400 audit(0.0:3880820): avc:  denied  { read } for  name="u:object_r:hwservicemanager_prop:s0" dev="tmpfs" ino=256 scontext=u:r:lbs_dbg_ext:s0 tcontext=u:object_r:hwservicemanager_prop:s0 tclass=file permissive=0
04-04 22:28:00.786  1982  1982 W binder:1982_2: type=1400 audit(0.0:3880821): avc:  denied  { read } for  name="u:object_r:hwservicemanager_prop:s0" dev="tmpfs" ino=256 scontext=u:r:lbs_dbg_ext:s0 tcontext=u:object_r:hwservicemanager_prop:s0 tclass=file permissive=0
04-04 22:28:00.795  1709  1790 I HfLooper: moto_sensor LIGHT_SENSOR_LIGHT_1 lux = 0.000000, timestamp = 1662737210718682 
04-04 22:28:00.906  1709  1790 I HfLooper: moto_sensor LIGHT_SENSOR_LIGHT_1 lux = 0.000000, timestamp = 1662737320704171 
04-04 22:28:01.015  1709  1790 I HfLooper: moto_sensor LIGHT_SENSOR_LIGHT_1 lux = 0.000000, timestamp = 1662737430719960 
04-04 22:28:01.052 25801  2258 W adbd    : timed out while waiting for FUNCTIONFS_BIND, trying again
04-04 22:28:01.053 25801  2258 I adbd    : UsbFfs: connection terminated: monitor thread finished
04-04 22:28:01.079  2025  2378 D ULogGuard: Monitoring: 18 threads, 0 requests, 0 time-bombs; 326 guards. ResetFlags = 0x7
04-04 22:28:01.092 25801 25807 I adbd    : opening control endpoint /dev/usb-ffs/adb/ep0
04-04 22:28:01.096  1982  1982 W libc    : Access denied finding property "hwservicemanager.ready"
04-04 22:28:01.094  1982  1982 W binder:1982_2: type=1400 audit(0.0:3880822): avc:  denied  { read } for  name="u:object_r:hwservicemanager_prop:s0" dev="tmpfs" ino=256 scontext=u:r:lbs_dbg_ext:s0 tcontext=u:object_r:hwservicemanager_prop:s0 tclass=file permissive=0
04-04 22:28:01.123  1738  1806 I libPerfCtl: xgfGetFPS pid:2918 fps:-1
04-04 22:28:01.123  1738  1806 I libPerfCtl: xgfGetFPS pid:12940 fps:-1
04-04 22:28:01.126  1709  1790 I HfLooper: moto_sensor LIGHT_SENSOR_LIGHT_1 lux = 0.000000, timestamp = 1662737540705509 
04-04 22:28:01.140  3041 25681 D IpClient/wlan0: addressUpdated: 2406:7400:bb:f58c:2451:afff:fe93:298d/64 on ifindex 36 flags 0x00000100 scope 0
04-04 22:28:01.141  3041 25681 D IpClient/wlan0: addressUpdated: 2406:7400:bb:f58c:d7d9:1149:e9cd:8741/64 on ifindex 36 flags 0x00000001 scope 0
04-04 22:28:01.142  3041 25681 W AlarmManager: Unrecognized alarm listener com.android.networkstack.android.net.ip.IpClientLinkObserver$Dhcp6PdPreferredPrefixAlarmListener@a73de76
04-04 22:28:01.144  3041 25681 D ApfFilter: (wlan0): Adding RA fe80::9ea2:f4ff:fead:c72b -> ff02::1 30s 2406:7400:bb:f58c::/64 300s/120s 
04-04 22:28:01.148 11930 11930 I WifiHAL : createRequest: APF set program request
04-04 22:28:01.148 11930 11930 D WifiHAL : WifiRequest::create vendor command to iface 36, vendor_id=0xce7, subcmd=0x000f, res=0
04-04 22:28:01.150 11930 11930 I WifiHAL : Done!
04-04 22:28:01.156  1751  1797 D power@timer: [mtkPowerTimer] visRead:0
04-04 22:28:01.235  1709  1790 I HfLooper: moto_sensor LIGHT_SENSOR_LIGHT_1 lux = 0.000000, timestamp = 1662737650721447 
04-04 22:28:01.345  1709  1790 I HfLooper: moto_sensor LIGHT_SENSOR_LIGHT_1 lux = 0.000000, timestamp = 1662737760706682 
04-04 22:28:01.455  1709  1790 I HfLooper: moto_sensor LIGHT_SENSOR_LIGHT_1 lux = 0.000000, timestamp = 1662737870722475 
04-04 22:28:01.565  1709  1790 I HfLooper: moto_sensor LIGHT_SENSOR_LIGHT_1 lux = 0.000000, timestamp = 1662737980708009 
04-04 22:28:01.675  1709  1790 I HfLooper: moto_sensor LIGHT_SENSOR_LIGHT_1 lux = 0.000000, timestamp = 1662738090723927 
04-04 22:28:01.785  1709  1790 I HfLooper: moto_sensor LIGHT_SENSOR_LIGHT_1 lux = 0.000000, timestamp = 1662738200709148 
04-04 22:28:01.790  1982  1982 W lbs_dbg_ext: Waited for hwservicemanager.ready for a second, waiting another...
04-04 22:28:01.791  1982  1982 W libc    : Access denied finding property "hwservicemanager.disabled"
04-04 22:28:01.786  1982  1982 W binder:1982_2: type=1400 audit(0.0:3880823): avc:  denied  { read } for  name="u:object_r:hwservicemanager_prop:s0" dev="tmpfs" ino=256 scontext=u:r:lbs_dbg_ext:s0 tcontext=u:object_r:hwservicemanager_prop:s0 tclass=file permissive=0
04-04 22:28:01.791  1982  1982 W libc    : Access denied finding property "hwservicemanager.ready"
04-04 22:28:01.786  1982  1982 W binder:1982_2: type=1400 audit(0.0:3880824): avc:  denied  { read } for  name="u:object_r:hwservicemanager_prop:s0" dev="tmpfs" ino=256 scontext=u:r:lbs_dbg_ext:s0 tcontext=u:object_r:hwservicemanager_prop:s0 tclass=file permissive=0
04-04 22:28:01.792  1982  1982 W libc    : Access denied finding property "hwservicemanager.ready"
04-04 22:28:01.790  1982  1982 W binder:1982_2: type=1400 audit(0.0:3880825): avc:  denied  { read } for  name="u:object_r:hwservicemanager_prop:s0" dev="tmpfs" ino=256 scontext=u:r:lbs_dbg_ext:s0 tcontext=u:object_r:hwservicemanager_prop:s0 tclass=file permissive=0
04-04 22:28:01.897  1709  1790 I HfLooper: moto_sensor LIGHT_SENSOR_LIGHT_1 lux = 0.000000, timestamp = 1662738310725125 
04-04 22:28:02.008  1709  1790 I HfLooper: moto_sensor LIGHT_SENSOR_LIGHT_1 lux = 0.000000, timestamp = 1662738420710341 
04-04 22:28:02.098 25801  2260 W adbd    : timed out while waiting for FUNCTIONFS_BIND, trying again
04-04 22:28:02.098 25801  2260 I adbd    : UsbFfs: connection terminated: monitor thread finished
04-04 22:28:02.115  1709  1790 I HfLooper: moto_sensor LIGHT_SENSOR_LIGHT_1 lux = 0.000000, timestamp = 1662738530726109 
04-04 22:28:02.123  1738  1806 I libPerfCtl: xgfGetFPS pid:2918 fps:-1
04-04 22:28:02.123  1738  1806 I libPerfCtl: xgfGetFPS pid:12940 fps:-1
04-04 22:28:02.140 25801 25807 I adbd    : opening control endpoint /dev/usb-ffs/adb/ep0
04-04 22:28:02.143  1982  1982 W libc    : Access denied finding property "hwservicemanager.ready"
04-04 22:28:02.138  1982  1982 W binder:1982_2: type=1400 audit(0.0:3880826): avc:  denied  { read } for  name="u:object_r:hwservicemanager_prop:s0" dev="tmpfs" ino=256 scontext=u:r:lbs_dbg_ext:s0 tcontext=u:object_r:hwservicemanager_prop:s0 tclass=file permissive=0
04-04 22:28:02.225  1709  1790 I HfLooper: moto_sensor LIGHT_SENSOR_LIGHT_1 lux = 0.000000, timestamp = 1662738640711575 
04-04 22:28:02.335  1709  1790 I HfLooper: moto_sensor LIGHT_SENSOR_LIGHT_1 lux = 0.000000, timestamp = 1662738750666431 
04-04 22:28:02.445  1709  1790 I HfLooper: moto_sensor LIGHT_SENSOR_LIGHT_1 lux = 0.000000, timestamp = 1662738860712586 
04-04 22:28:02.556  1709  1790 I HfLooper: moto_sensor LIGHT_SENSOR_LIGHT_1 lux = 0.000000, timestamp = 1662738970698119 
04-04 22:28:02.665  1709  1790 I HfLooper: moto_sensor LIGHT_SENSOR_LIGHT_1 lux = 0.000000, timestamp = 1662739080714066 
04-04 22:28:02.774  1709  1790 I HfLooper: moto_sensor LIGHT_SENSOR_LIGHT_1 lux = 0.000000, timestamp = 1662739190163647 
04-04 22:28:02.790  1982  1982 W binder:1982_2: type=1400 audit(0.0:3880827): avc:  denied  { read } for  name="u:object_r:hwservicemanager_prop:s0" dev="tmpfs" ino=256 scontext=u:r:lbs_dbg_ext:s0 tcontext=u:object_r:hwservicemanager_prop:s0 tclass=file permissive=0
04-04 22:28:02.792  1982  1982 W lbs_dbg_ext: Waited for hwservicemanager.ready for a second, waiting another...
04-04 22:28:02.793  1982  1982 W libc    : Access denied finding property "hwservicemanager.disabled"
04-04 22:28:02.793  1982  1982 W libc    : Access denied finding property "hwservicemanager.ready"
04-04 22:28:02.790  1982  1982 W binder:1982_2: type=1400 audit(0.0:3880828): avc:  denied  { read } for  name="u:object_r:hwservicemanager_prop:s0" dev="tmpfs" ino=256 scontext=u:r:lbs_dbg_ext:s0 tcontext=u:object_r:hwservicemanager_prop:s0 tclass=file permissive=0
04-04 22:28:02.794  1982  1982 W libc    : Access denied finding property "hwservicemanager.ready"
04-04 22:28:02.790  1982  1982 W binder:1982_2: type=1400 audit(0.0:3880829): avc:  denied  { read } for  name="u:object_r:hwservicemanager_prop:s0" dev="tmpfs" ino=256 scontext=u:r:lbs_dbg_ext:s0 tcontext=u:object_r:hwservicemanager_prop:s0 tclass=file permissive=0
04-04 22:28:02.887  1709  1790 I HfLooper: moto_sensor LIGHT_SENSOR_LIGHT_1 lux = 0.000000, timestamp = 1662739300715042 
04-04 22:28:02.995  1709  1790 I HfLooper: moto_sensor LIGHT_SENSOR_LIGHT_1 lux = 0.000000, timestamp = 1662739410700586 
04-04 22:28:03.106  1709  1790 I HfLooper: moto_sensor LIGHT_SENSOR_LIGHT_1 lux = 0.000000, timestamp = 1662739520716235 
04-04 22:28:03.124  1738  1806 I libPerfCtl: xgfGetFPS pid:2918 fps:-1
04-04 22:28:03.124  1738  1806 I libPerfCtl: xgfGetFPS pid:12940 fps:-1
04-04 22:28:03.145 25801  2261 W adbd    : timed out while waiting for FUNCTIONFS_BIND, trying again
04-04 22:28:03.146 25801  2261 I adbd    : UsbFfs: connection terminated: monitor thread finished
04-04 22:28:03.149  1794  1794 I BufferQueueProducer: [StatusBar#95](this:0xb400007dbfc247b0,id:-1,api:0,p:-1,c:1794) queueBuffer: fps=0.65 dur=3088.61 max=3022.02 min=66.60
04-04 22:28:03.152  1705  2206 I hwcomposer: [HWCDisplay] [Display_0 (type:1, mode:2)] fps:0.971288,dur:3088.68,max:3021.87,min:24.10  
04-04 22:28:03.200 25801 25807 I adbd    : opening control endpoint /dev/usb-ffs/adb/ep0
04-04 22:28:03.203  1982  1982 W libc    : Access denied finding property "hwservicemanager.ready"
04-04 22:28:03.198  1982  1982 W binder:1982_2: type=1400 audit(0.0:3880830): avc:  denied  { read } for  name="u:object_r:hwservicemanager_prop:s0" dev="tmpfs" ino=256 scontext=u:r:lbs_dbg_ext:s0 tcontext=u:object_r:hwservicemanager_prop:s0 tclass=file permissive=0
04-04 22:28:03.215  1709  1790 I HfLooper: moto_sensor LIGHT_SENSOR_LIGHT_1 lux = 0.000000, timestamp = 1662739630701668 
04-04 22:28:03.325  1709  1790 I HfLooper: moto_sensor LIGHT_SENSOR_LIGHT_1 lux = 0.000000, timestamp = 1662739740717648 
04-04 22:28:03.437  1709  1790 I HfLooper: moto_sensor LIGHT_SENSOR_LIGHT_1 lux = 0.000000, timestamp = 1662739850702884 
04-04 22:28:03.545  1709  1790 I HfLooper: moto_sensor LIGHT_SENSOR_LIGHT_1 lux = 0.000000, timestamp = 1662739960718851 
04-04 22:28:03.630 11930 11930 D WifiHAL : WifiRequest::create vendor command to iface 36, vendor_id=0x1a11, subcmd=0x0002, res=0
04-04 22:28:03.631 11930 11930 I WifiHAL : feature_set=0x8488341a
04-04 22:28:03.634  2313  2748 I HalDevMgr: bestIfaceCreationProposal is null, requestIface=STA, existingIface=[name=wlan0 type=STA]
04-04 22:28:03.636  2313  6875 I MotoStaCheckin: onWifiUsabilityStats, seqNum: 98587, isSameBssidAndFreq: true, RSSI: -49, isThroughputSufficient: true, LinkSpeed: 351 Mbps, RxLinkSpeed: 390 Mbps
04-04 22:28:03.636  2313  6875 I MotoStaCheckin: onWifiUsabilityStats, Duration: 1662740055, Rx Good: 7 ( PPS: 0 ), Tx Good: 4, Tx Bad: 0 ( 0 % ), Tx Retry: 0 ( 0 % ), NSS: 0, Bandwidth: 0
04-04 22:28:03.644  1709  1789 W AString : ctor got NULL, using empty string instead
04-04 22:28:03.645  1709  1789 I SensorSavedChannel: [-91,123,200,741,-7442,-5484]==>gyro_temp.json
04-04 22:28:03.645  1709  1789 W AString : ctor got NULL, using empty string instead
04-04 22:28:03.646  1709  1789 I SensorSavedChannel: [-2579,-2992,1754]==>gyro_bias.json
04-04 22:28:03.646  1709  1789 W SensorSavedChannel: [SOIS_H] dynamic calibration process: static cali data [345,4677], bias cali data [-2579,-2992]
04-04 22:28:03.655  1709  1790 I HfLooper: moto_sensor LIGHT_SENSOR_LIGHT_1 lux = 0.000000, timestamp = 1662740070704105 
04-04 22:28:03.765  1709  1790 I HfLooper: moto_sensor LIGHT_SENSOR_LIGHT_1 lux = 0.000000, timestamp = 1662740180719913 
04-04 22:28:03.790  1982  1982 W binder:1982_2: type=1400 audit(0.0:3880831): avc:  denied  { read } for  name="u:object_r:hwservicemanager_prop:s0" dev="tmpfs" ino=256 scontext=u:r:lbs_dbg_ext:s0 tcontext=u:object_r:hwservicemanager_prop:s0 tclass=file permissive=0
04-04 22:28:03.794  1982  1982 W lbs_dbg_ext: Waited for hwservicemanager.ready for a second, waiting another...
04-04 22:28:03.795  1982  1982 W libc    : Access denied finding property "hwservicemanager.disabled"
04-04 22:28:03.795  1982  1982 W libc    : Access denied finding property "hwservicemanager.ready"
04-04 22:28:03.795  1982  1982 W libc    : Access denied finding property "hwservicemanager.ready"
04-04 22:28:03.877  1709  1790 I HfLooper: moto_sensor LIGHT_SENSOR_LIGHT_1 lux = 0.000000, timestamp = 1662740290705373 
04-04 22:28:03.985  1709  1790 I HfLooper: moto_sensor LIGHT_SENSOR_LIGHT_1 lux = 0.000000, timestamp = 1662740400721167 
04-04 22:28:04.083  2025  2378 D ULogGuard: Monitoring: 18 threads, 0 requests, 0 time-bombs; 326 guards. ResetFlags = 0x7
04-04 22:28:04.095  1709  1790 I HfLooper: moto_sensor LIGHT_SENSOR_LIGHT_1 lux = 0.000000, timestamp = 1662740510706734 
04-04 22:28:04.125  1738  1806 I libPerfCtl: xgfGetFPS pid:2918 fps:-1
04-04 22:28:04.125  1738  1806 I libPerfCtl: xgfGetFPS pid:12940 fps:-1
04-04 22:28:04.207 25801  2263 W adbd    : timed out while waiting for FUNCTIONFS_BIND, trying again
04-04 22:28:04.207  1709  1790 I HfLooper: moto_sensor LIGHT_SENSOR_LIGHT_1 lux = 0.000000, timestamp = 1662740620355907 
04-04 22:28:04.207 25801  2263 I adbd    : UsbFfs: connection terminated: monitor thread finished
04-04 22:28:04.252 25801 25807 I adbd    : opening control endpoint /dev/usb-ffs/adb/ep0
04-04 22:28:04.255  1982  1982 W libc    : Access denied finding property "hwservicemanager.ready"
04-04 22:28:04.250  1982  1982 W binder:1982_2: type=1400 audit(0.0:3880834): avc:  denied  { read } for  name="u:object_r:hwservicemanager_prop:s0" dev="tmpfs" ino=256 scontext=u:r:lbs_dbg_ext:s0 tcontext=u:object_r:hwservicemanager_prop:s0 tclass=file permissive=0
04-04 22:28:04.314  1709  1790 I HfLooper: moto_sensor LIGHT_SENSOR_LIGHT_1 lux = 0.000000, timestamp = 1662740730220310 
04-04 22:28:04.427  1709  1790 I HfLooper: moto_sensor LIGHT_SENSOR_LIGHT_1 lux = 0.000000, timestamp = 1662740840516844 
04-04 22:28:04.537  1709  1790 I HfLooper: moto_sensor LIGHT_SENSOR_LIGHT_1 lux = 0.000000, timestamp = 1662740950222455 
04-04 22:28:04.647  1709  1790 I HfLooper: moto_sensor LIGHT_SENSOR_LIGHT_1 lux = 0.000000, timestamp = 1662741060694359 
04-04 22:28:04.659  2313  2616 D PowerManagerService: nativeAcquireSuspendBlocker name:PowerManagerService.WakeLocks duration ms: 1
04-04 22:28:04.660  2313  2616 E AlarmManager: Attempt to decrement existing alarm count 0 by 1 for uid 1000
