04-04 22:28:05.855  1709  1790 I HfLooper: moto_sensor LIGHT_SENSOR_LIGHT_1 lux = 0.000000, timestamp = 1662742270716345 
04-04 22:28:05.867  2269  2436 D WM-SystemJobScheduler: Scheduling work ID 5e78e32b-c11e-45c0-b400-79b04b84c901Job ID 104837
04-04 22:28:05.880  2269  2436 D WM-GreedyScheduler: Starting work for e5c1c7c7-4136-490d-aa35-6eec6577f448
04-04 22:28:05.886  2269  2436 D WM-Processor: a: processing WorkGenerationalId(workSpecId=e5c1c7c7-4136-490d-aa35-6eec6577f448, generation=0)
04-04 22:28:05.893  2269  2269 D WM-WorkerWrapper: Starting work for com.glance.space.commons.scheduler.ScheduledWorker
04-04 22:28:05.901  2269  2436 D WM-GreedyScheduler: Cancelling work ID dbd38dc5-3c6d-4fb9-8fe4-5e7351ab3482
04-04 22:28:05.908  2269  2436 D WM-SystemJobScheduler: Scheduling work ID dbd38dc5-3c6d-4fb9-8fe4-5e7351ab3482Job ID 104838
04-04 22:28:05.915  2269  2436 I WM-WorkerWrapper: Worker result SUCCESS for Work [ id=e5c1c7c7-4136-490d-aa35-6eec6577f448, tags={ com.glance.space.commons.scheduler.ScheduledWorker,LocaleChangeTask,glance.space.tasks.WORKER } ]
04-04 22:28:05.917  2269  2269 D WM-Processor: a e5c1c7c7-4136-490d-aa35-6eec6577f448 executed; reschedule = false
04-04 22:28:05.922  2269  2436 D WM-GreedyScheduler: Cancelling work ID e5c1c7c7-4136-490d-aa35-6eec6577f448
04-04 22:28:05.945  2269  2359 I WM-WorkerWrapper: Worker result SUCCESS for Work [ id=93ea2bd4-d795-4b14-ba15-02e428fedcb3, tags={ com.glance.space.commons.scheduler.ScheduledWorker,NetworkCoordinatorTask,glance.space.tasks.WORKER } ]
04-04 22:28:05.946  2269  2269 D WM-Processor: a 93ea2bd4-d795-4b14-ba15-02e428fedcb3 executed; reschedule = false
04-04 22:28:05.947  2269  2269 D WM-GreedyScheduler: Stopping tracking for WorkGenerationalId(workSpecId=93ea2bd4-d795-4b14-ba15-02e428fedcb3, generation=0)
04-04 22:28:05.951  2269  2359 D WM-GreedyScheduler: Cancelling work ID 93ea2bd4-d795-4b14-ba15-02e428fedcb3
04-04 22:28:05.955  2269  2359 D WM-BrdcstRcvrCnstrntTrc: c: unregistering receiver
04-04 22:28:05.956  2269  2359 D WM-NetworkStateTracker: Unregistering network callback
04-04 22:28:05.965  1709  1790 I HfLooper: moto_sensor LIGHT_SENSOR_LIGHT_1 lux = 0.000000, timestamp = 1662742380701807 
04-04 22:28:06.075  1709  1790 I HfLooper: moto_sensor LIGHT_SENSOR_LIGHT_1 lux = 0.000000, timestamp = 1662742490717585 
04-04 22:28:06.125  1738  1806 I libPerfCtl: xgfGetFPS pid:2918 fps:-1
04-04 22:28:06.126  1738  1806 I libPerfCtl: xgfGetFPS pid:12940 fps:-1
04-04 22:28:06.172  1794  1794 I BufferQueueProducer: [StatusBar#95](this:0xb400007dbfc247b0,id:-1,api:0,p:-1,c:1794) queueBuffer: fps=0.33 dur=3023.11 max=3023.11 min=3023.11
04-04 22:28:06.175  1705  2206 I hwcomposer: [HWCDisplay] [Display_0 (type:1, mode:2)] fps:2.876566,dur:1390.55,max:1346.65,min:10.89  
04-04 22:28:06.185  1709  1790 I HfLooper: moto_sensor LIGHT_SENSOR_LIGHT_1 lux = 0.000000, timestamp = 1662742600703037 
04-04 22:28:06.294  1709  1790 I HfLooper: moto_sensor LIGHT_SENSOR_LIGHT_1 lux = 0.000000, timestamp = 1662742710719032 
04-04 22:28:06.306 25801  2343 W adbd    : timed out while waiting for FUNCTIONFS_BIND, trying again
04-04 22:28:06.307 25801  2343 I adbd    : UsbFfs: connection terminated: monitor thread finished
04-04 22:28:06.349 25801 25807 I adbd    : opening control endpoint /dev/usb-ffs/adb/ep0
04-04 22:28:06.351  1982  1982 W libc    : Access denied finding property "hwservicemanager.ready"
04-04 22:28:06.346  1982  1982 W binder:1982_2: type=1400 audit(0.0:3880842): avc:  denied  { read } for  name="u:object_r:hwservicemanager_prop:s0" dev="tmpfs" ino=256 scontext=u:r:lbs_dbg_ext:s0 tcontext=u:object_r:hwservicemanager_prop:s0 tclass=file permissive=0
04-04 22:28:06.406  1709  1790 I HfLooper: moto_sensor LIGHT_SENSOR_LIGHT_1 lux = 0.000000, timestamp = 1662742820704321 
04-04 22:28:06.517  1709  1790 I HfLooper: moto_sensor LIGHT_SENSOR_LIGHT_1 lux = 0.000000, timestamp = 1662742930720197 
04-04 22:28:06.625  1709  1790 I HfLooper: moto_sensor LIGHT_SENSOR_LIGHT_1 lux = 0.000000, timestamp = 1662743040705403 
04-04 22:28:06.644  3041 25681 D IpClient/wlan0: addressUpdated: 2406:7400:bb:f58c:2451:afff:fe93:298d/64 on ifindex 36 flags 0x00000100 scope 0
04-04 22:28:06.645  3041 25681 D IpClient/wlan0: addressUpdated: 2406:7400:bb:f58c:d7d9:1149:e9cd:8741/64 on ifindex 36 flags 0x00000001 scope 0
04-04 22:28:06.645  3041 25681 W AlarmManager: Unrecognized alarm listener com.android.networkstack.android.net.ip.IpClientLinkObserver$Dhcp6PdPreferredPrefixAlarmListener@a73de76
04-04 22:28:06.647  3041 25681 D ApfFilter: (wlan0): Ignoring RA RA fe80::9ea2:f4ff:fead:c72b -> ff02::1 30s 2406:7400:bb:f58c::/64 300s/120s  which matches RA fe80::9ea2:f4ff:fead:c72b -> ff02::1 30s 2406:7400:bb:f58c::/64 300s/120s 
04-04 22:28:06.652 11930 11930 D WifiHAL : WifiRequest::create vendor command to iface 36, vendor_id=0x1a11, subcmd=0x0002, res=0
04-04 22:28:06.653 11930 11930 I WifiHAL : feature_set=0x8488341a
04-04 22:28:06.656  2313  2748 I HalDevMgr: bestIfaceCreationProposal is null, requestIface=STA, existingIface=[name=wlan0 type=STA]
04-04 22:28:06.657  2313  6875 I MotoStaCheckin: onWifiUsabilityStats, seqNum: 98588, isSameBssidAndFreq: true, RSSI: -51, isThroughputSufficient: true, LinkSpeed: 351 Mbps, RxLinkSpeed: 390 Mbps
04-04 22:28:06.657  2313  6875 I MotoStaCheckin: onWifiUsabilityStats, Duration: 1662743076, Rx Good: 36 ( PPS: 0 ), Tx Good: 43, Tx Bad: 0 ( 0 % ), Tx Retry: 0 ( 0 % ), NSS: 0, Bandwidth: 0
04-04 22:28:06.735  1709  1790 I HfLooper: moto_sensor LIGHT_SENSOR_LIGHT_1 lux = 0.000000, timestamp = 1662743150721139 
04-04 22:28:06.794  1982  1982 W binder:1982_2: type=1400 audit(0.0:3880843): avc:  denied  { read } for  name="u:object_r:hwservicemanager_prop:s0" dev="tmpfs" ino=256 scontext=u:r:lbs_dbg_ext:s0 tcontext=u:object_r:hwservicemanager_prop:s0 tclass=file permissive=0
04-04 22:28:06.798  1982  1982 W lbs_dbg_ext: Waited for hwservicemanager.ready for a second, waiting another...
04-04 22:28:06.799  1982  1982 W libc    : Access denied finding property "hwservicemanager.disabled"
04-04 22:28:06.799  1982  1982 W libc    : Access denied finding property "hwservicemanager.ready"
04-04 22:28:06.799  1982  1982 W libc    : Access denied finding property "hwservicemanager.ready"
04-04 22:28:06.845  1709  1790 I HfLooper: moto_sensor LIGHT_SENSOR_LIGHT_1 lux = 0.000000, timestamp = 1662743260706553 
04-04 22:28:06.955  1709  1790 I HfLooper: moto_sensor LIGHT_SENSOR_LIGHT_1 lux = 0.000000, timestamp = 1662743370722307 
04-04 22:28:07.065  1709  1790 I HfLooper: moto_sensor LIGHT_SENSOR_LIGHT_1 lux = 0.000000, timestamp = 1662743480707749 
04-04 22:28:07.084  2025  2378 D ULogGuard: Monitoring: 18 threads, 0 requests, 0 time-bombs; 326 guards. ResetFlags = 0x7
04-04 22:28:07.125  1738  1806 I libPerfCtl: xgfGetFPS pid:2918 fps:-1
04-04 22:28:07.125  1738  1806 I libPerfCtl: xgfGetFPS pid:12940 fps:-1
04-04 22:28:07.174  1709  1790 I HfLooper: moto_sensor LIGHT_SENSOR_LIGHT_1 lux = 0.000000, timestamp = 1662743590272438 
04-04 22:28:07.285  1709  1790 I HfLooper: moto_sensor LIGHT_SENSOR_LIGHT_1 lux = 0.000000, timestamp = 1662743700708996 
04-04 22:28:07.355 25801  2511 W adbd    : timed out while waiting for FUNCTIONFS_BIND, trying again
04-04 22:28:07.355 25801  2511 I adbd    : UsbFfs: connection terminated: monitor thread finished
04-04 22:28:07.395  1709  1790 I HfLooper: moto_sensor LIGHT_SENSOR_LIGHT_1 lux = 0.000000, timestamp = 1662743810724995 
04-04 22:28:07.409 25801 25807 I adbd    : opening control endpoint /dev/usb-ffs/adb/ep0
04-04 22:28:07.411  1982  1982 W libc    : Access denied finding property "hwservicemanager.ready"
04-04 22:28:07.406  1982  1982 W binder:1982_2: type=1400 audit(0.0:3880846): avc:  denied  { read } for  name="u:object_r:hwservicemanager_prop:s0" dev="tmpfs" ino=256 scontext=u:r:lbs_dbg_ext:s0 tcontext=u:object_r:hwservicemanager_prop:s0 tclass=file permissive=0
04-04 22:28:07.505  1709  1790 I HfLooper: moto_sensor LIGHT_SENSOR_LIGHT_1 lux = 0.000000, timestamp = 1662743920710226 
04-04 22:28:07.615  1709  1790 I HfLooper: moto_sensor LIGHT_SENSOR_LIGHT_1 lux = 0.000000, timestamp = 1662744030726019 
04-04 22:28:07.726  1709  1790 I HfLooper: moto_sensor LIGHT_SENSOR_LIGHT_1 lux = 0.000000, timestamp = 1662744140223788 
04-04 22:28:07.799  1982  1982 W lbs_dbg_ext: Waited for hwservicemanager.ready for a second, waiting another...
04-04 22:28:07.800  1982  1982 W libc    : Access denied finding property "hwservicemanager.disabled"
04-04 22:28:07.798  1982  1982 W binder:1982_2: type=1400 audit(0.0:3880847): avc:  denied  { read } for  name="u:object_r:hwservicemanager_prop:s0" dev="tmpfs" ino=256 scontext=u:r:lbs_dbg_ext:s0 tcontext=u:object_r:hwservicemanager_prop:s0 tclass=file permissive=0
04-04 22:28:07.800  1982  1982 W libc    : Access denied finding property "hwservicemanager.ready"
04-04 22:28:07.800  1982  1982 W libc    : Access denied finding property "hwservicemanager.ready"
04-04 22:28:07.798  1982  1982 W binder:1982_2: type=1400 audit(0.0:3880848): avc:  denied  { read } for  name="u:object_r:hwservicemanager_prop:s0" dev="tmpfs" ino=256 scontext=u:r:lbs_dbg_ext:s0 tcontext=u:object_r:hwservicemanager_prop:s0 tclass=file permissive=0
04-04 22:28:07.798  1982  1982 W binder:1982_2: type=1400 audit(0.0:3880849): avc:  denied  { read } for  name="u:object_r:hwservicemanager_prop:s0" dev="tmpfs" ino=256 scontext=u:r:lbs_dbg_ext:s0 tcontext=u:object_r:hwservicemanager_prop:s0 tclass=file permissive=0
04-04 22:28:07.834  1709  1790 I HfLooper: moto_sensor LIGHT_SENSOR_LIGHT_1 lux = 0.000000, timestamp = 1662744250520413 
04-04 22:28:07.947  1709  1790 I HfLooper: moto_sensor LIGHT_SENSOR_LIGHT_1 lux = 0.000000, timestamp = 1662744360226370 
04-04 22:28:08.057  1709  1790 I HfLooper: moto_sensor LIGHT_SENSOR_LIGHT_1 lux = 0.000000, timestamp = 1662744470575928 
04-04 22:28:08.126  1738  1806 I libPerfCtl: xgfGetFPS pid:2918 fps:-1
04-04 22:28:08.126  1738  1806 I libPerfCtl: xgfGetFPS pid:12940 fps:-1
04-04 22:28:08.166  1709  1790 I HfLooper: moto_sensor LIGHT_SENSOR_LIGHT_1 lux = 0.000000, timestamp = 1662744580713952 
04-04 22:28:08.275  1709  1790 I HfLooper: moto_sensor LIGHT_SENSOR_LIGHT_1 lux = 0.000000, timestamp = 1662744690699260 
04-04 22:28:08.385  1709  1790 I HfLooper: moto_sensor LIGHT_SENSOR_LIGHT_1 lux = 0.000000, timestamp = 1662744800714951 
04-04 22:28:08.414 25801  2513 W adbd    : timed out while waiting for FUNCTIONFS_BIND, trying again
04-04 22:28:08.415 25801  2513 I adbd    : UsbFfs: connection terminated: monitor thread finished
04-04 22:28:08.465 25801 25807 I adbd    : opening control endpoint /dev/usb-ffs/adb/ep0
04-04 22:28:08.468  1982  1982 W libc    : Access denied finding property "hwservicemanager.ready"
04-04 22:28:08.466  1982  1982 W binder:1982_2: type=1400 audit(0.0:3880850): avc:  denied  { read } for  name="u:object_r:hwservicemanager_prop:s0" dev="tmpfs" ino=256 scontext=u:r:lbs_dbg_ext:s0 tcontext=u:object_r:hwservicemanager_prop:s0 tclass=file permissive=0
04-04 22:28:08.495  1709  1790 I HfLooper: moto_sensor LIGHT_SENSOR_LIGHT_1 lux = 0.000000, timestamp = 1662744910700394 
04-04 22:28:08.606  1709  1790 I HfLooper: moto_sensor LIGHT_SENSOR_LIGHT_1 lux = 0.000000, timestamp = 1662745020716394 
04-04 22:28:08.649  2313  2817 D ActivityManager: freezing 2269 com.glance.lockscreenM, reason = moto_freezer, adj=915, adjType=cch-empty
04-04 22:28:08.658  2313  2755 D InetDiagMessage: Destroyed 0 sockets, proto=IPPROTO_TCP, family=AF_INET, states=14
04-04 22:28:08.663  2313  2755 D InetDiagMessage: Destroyed 1 sockets, proto=IPPROTO_TCP, family=AF_INET6, states=14
04-04 22:28:08.663  2313  2755 D InetDiagMessage: Destroyed live tcp sockets for uids={10414} in 10ms
04-04 22:28:08.715  1709  1790 I HfLooper: moto_sensor LIGHT_SENSOR_LIGHT_1 lux = 0.000000, timestamp = 1662745130701716 
04-04 22:28:08.798  1982  1982 W binder:1982_2: type=1400 audit(0.0:3880851): avc:  denied  { read } for  name="u:object_r:hwservicemanager_prop:s0" dev="tmpfs" ino=256 scontext=u:r:lbs_dbg_ext:s0 tcontext=u:object_r:hwservicemanager_prop:s0 tclass=file permissive=0
04-04 22:28:08.801  1982  1982 W lbs_dbg_ext: Waited for hwservicemanager.ready for a second, waiting another...
04-04 22:28:08.801  1982  1982 W libc    : Access denied finding property "hwservicemanager.disabled"
04-04 22:28:08.802  1982  1982 W libc    : Access denied finding property "hwservicemanager.ready"
04-04 22:28:08.798  1982  1982 W binder:1982_2: type=1400 audit(0.0:3880852): avc:  denied  { read } for  name="u:object_r:hwservicemanager_prop:s0" dev="tmpfs" ino=256 scontext=u:r:lbs_dbg_ext:s0 tcontext=u:object_r:hwservicemanager_prop:s0 tclass=file permissive=0
04-04 22:28:08.802  1982  1982 W libc    : Access denied finding property "hwservicemanager.ready"
04-04 22:28:08.798  1982  1982 W binder:1982_2: type=1400 audit(0.0:3880853): avc:  denied  { read } for  name="u:object_r:hwservicemanager_prop:s0" dev="tmpfs" ino=256 scontext=u:r:lbs_dbg_ext:s0 tcontext=u:object_r:hwservicemanager_prop:s0 tclass=file permissive=0
04-04 22:28:08.825  1709  1790 I HfLooper: moto_sensor LIGHT_SENSOR_LIGHT_1 lux = 0.000000, timestamp = 1662745240717635 
04-04 22:28:08.937  1709  1790 I HfLooper: moto_sensor LIGHT_SENSOR_LIGHT_1 lux = 0.000000, timestamp = 1662745350702865 
04-04 22:28:09.045  1709  1790 I HfLooper: moto_sensor LIGHT_SENSOR_LIGHT_1 lux = 0.000000, timestamp = 1662745460718620 
04-04 22:28:09.126  1738  1806 I libPerfCtl: xgfGetFPS pid:2918 fps:-1
04-04 22:28:09.127  1738  1806 I libPerfCtl: xgfGetFPS pid:12940 fps:-1
04-04 22:28:09.155  1709  1790 I HfLooper: moto_sensor LIGHT_SENSOR_LIGHT_1 lux = 0.000000, timestamp = 1662745570704159 
04-04 22:28:09.183  1794  1794 I BufferQueueProducer: [StatusBar#95](this:0xb400007dbfc247b0,id:-1,api:0,p:-1,c:1794) queueBuffer: fps=0.33 dur=3010.46 max=3010.46 min=3010.46
04-04 22:28:09.186  1705  2206 I hwcomposer: [HWCDisplay] [Display_0 (type:1, mode:2)] fps:0.332129,dur:3010.88,max:3010.88,min:3010.88  
04-04 22:28:09.265  1709  1790 I HfLooper: moto_sensor LIGHT_SENSOR_LIGHT_1 lux = 0.000000, timestamp = 1662745680719865 
04-04 22:28:09.374  1709  1790 I HfLooper: moto_sensor LIGHT_SENSOR_LIGHT_1 lux = 0.000000, timestamp = 1662745790284788 
04-04 22:28:09.472 25801  2514 W adbd    : timed out while waiting for FUNCTIONFS_BIND, trying again
04-04 22:28:09.472 25801  2514 I adbd    : UsbFfs: connection terminated: monitor thread finished
04-04 22:28:09.485  1709  1790 I HfLooper: moto_sensor LIGHT_SENSOR_LIGHT_1 lux = 0.000000, timestamp = 1662745900721101 
04-04 22:28:09.521 25801 25807 I adbd    : opening control endpoint /dev/usb-ffs/adb/ep0
04-04 22:28:09.523  1982  1982 W libc    : Access denied finding property "hwservicemanager.ready"
04-04 22:28:09.518  1982  1982 W binder:1982_2: type=1400 audit(0.0:3880854): avc:  denied  { read } for  name="u:object_r:hwservicemanager_prop:s0" dev="tmpfs" ino=256 scontext=u:r:lbs_dbg_ext:s0 tcontext=u:object_r:hwservicemanager_prop:s0 tclass=file permissive=0
04-04 22:28:09.550  1742  1742 I android.hardware.thermal-service.mediatek: getTemperaturesWithType TemperatureType: 3
04-04 22:28:09.552  1742  1742 W android.hardware.thermal-service.mediatek: i=0 tz_data[i].tz_idx[0]=9
04-04 22:28:09.552  1742  1742 W android.hardware.thermal-service.mediatek: i=1 tz_data[i].tz_idx[0]=9
04-04 22:28:09.552  1742  1742 W android.hardware.thermal-service.mediatek: i=2 tz_data[i].tz_idx[0]=6
04-04 22:28:09.552  1742  1742 W android.hardware.thermal-service.mediatek: i=3 tz_data[i].tz_idx[0]=53
04-04 22:28:09.555  1742  1742 I android.hardware.thermal-service.mediatek: fill_temperatures filterType1 name: SKIN type: SKIN throttlingStatus: NONE value: 35.209 ret_temps size 0
04-04 22:28:09.555  1742  1742 W android.hardware.thermal-service.mediatek: i=4 tz_data[i].tz_idx[0]=0
04-04 22:28:09.555  1742  1742 W android.hardware.thermal-service.mediatek: i=5 tz_data[i].tz_idx[0]=44
04-04 22:28:09.555  1742  1742 W android.hardware.thermal-service.mediatek: i=6 tz_data[i].tz_idx[0]=-1
04-04 22:28:09.555  1742  1742 W android.hardware.thermal-service.mediatek: i=7 tz_data[i].tz_idx[0]=-1
04-04 22:28:09.555  1742  1742 W android.hardware.thermal-service.mediatek: i=8 tz_data[i].tz_idx[0]=-1
04-04 22:28:09.555  1742  1742 W android.hardware.thermal-service.mediatek: i=9 tz_data[i].tz_idx[0]=9
04-04 22:28:09.555  1742  1742 W android.hardware.thermal-service.mediatek: i=10 tz_data[i].tz_idx[0]=9
04-04 22:28:09.555  1742  1742 W android.hardware.thermal-service.mediatek: i=11 tz_data[i].tz_idx[0]=-1
04-04 22:28:09.555  1742  1742 W android.hardware.thermal-service.mediatek: i=12 tz_data[i].tz_idx[0]=-1
04-04 22:28:09.555  1742  1742 W android.hardware.thermal-service.mediatek: i=13 tz_data[i].tz_idx[0]=9
04-04 22:28:09.594  1709  1790 I HfLooper: moto_sensor LIGHT_SENSOR_LIGHT_1 lux = 0.000000, timestamp = 1662746010223008 
04-04 22:28:09.680 11930 11930 D WifiHAL : WifiRequest::create vendor command to iface 36, vendor_id=0x1a11, subcmd=0x0002, res=0
04-04 22:28:09.681 11930 11930 I WifiHAL : feature_set=0x8488341a
04-04 22:28:09.685  2313  2748 I HalDevMgr: bestIfaceCreationProposal is null, requestIface=STA, existingIface=[name=wlan0 type=STA]
04-04 22:28:09.686  2313  6875 I MotoStaCheckin: onWifiUsabilityStats, seqNum: 98589, isSameBssidAndFreq: true, RSSI: -49, isThroughputSufficient: true, LinkSpeed: 351 Mbps, RxLinkSpeed: 390 Mbps
04-04 22:28:09.686  2313  6875 I MotoStaCheckin: onWifiUsabilityStats, Duration: 1662746104, Rx Good: 13 ( PPS: 0 ), Tx Good: 12, Tx Bad: 0 ( 0 % ), Tx Retry: 0 ( 0 % ), NSS: 0, Bandwidth: 0
04-04 22:28:09.705  1709  1790 I HfLooper: moto_sensor LIGHT_SENSOR_LIGHT_1 lux = 0.000000, timestamp = 1662746120722398 
04-04 22:28:09.798  1982  1982 W binder:1982_2: type=1400 audit(0.0:3880855): avc:  denied  { read } for  name="u:object_r:hwservicemanager_prop:s0" dev="tmpfs" ino=256 scontext=u:r:lbs_dbg_ext:s0 tcontext=u:object_r:hwservicemanager_prop:s0 tclass=file permissive=0
04-04 22:28:09.802  1982  1982 W lbs_dbg_ext: Waited for hwservicemanager.ready for a second, waiting another...
04-04 22:28:09.803  1982  1982 W libc    : Access denied finding property "hwservicemanager.disabled"
04-04 22:28:09.803  1982  1982 W libc    : Access denied finding property "hwservicemanager.ready"
04-04 22:28:09.804  1982  1982 W libc    : Access denied finding property "hwservicemanager.ready"
04-04 22:28:09.802  1982  1982 W binder:1982_2: type=1400 audit(0.0:3880857): avc:  denied  { read } for  name="u:object_r:hwservicemanager_prop:s0" dev="tmpfs" ino=256 scontext=u:r:lbs_dbg_ext:s0 tcontext=u:object_r:hwservicemanager_prop:s0 tclass=file permissive=0
04-04 22:28:09.815  1709  1790 I HfLooper: moto_sensor LIGHT_SENSOR_LIGHT_1 lux = 0.000000, timestamp = 1662746230707874 
04-04 22:28:09.925  1709  1790 I HfLooper: moto_sensor LIGHT_SENSOR_LIGHT_1 lux = 0.000000, timestamp = 1662746340723667 
04-04 22:28:10.035  1709  1790 I HfLooper: moto_sensor LIGHT_SENSOR_LIGHT_1 lux = 0.000000, timestamp = 1662746450709162 
04-04 22:28:10.087  2025  2378 D ULogGuard: Monitoring: 18 threads, 0 requests, 0 time-bombs; 326 guards. ResetFlags = 0x7
04-04 22:28:10.126  1738  1806 I libPerfCtl: xgfGetFPS pid:2918 fps:-1
04-04 22:28:10.127  1738  1806 I libPerfCtl: xgfGetFPS pid:12940 fps:-1
04-04 22:28:10.147  1709  1790 I HfLooper: moto_sensor LIGHT_SENSOR_LIGHT_1 lux = 0.000000, timestamp = 1662746560724937 
04-04 22:28:10.257  1709  1790 I HfLooper: moto_sensor LIGHT_SENSOR_LIGHT_1 lux = 0.000000, timestamp = 1662746670710407 
04-04 22:28:10.280  2313  2755 D InetDiagMessage: Destroyed 0 sockets, proto=IPPROTO_TCP, family=AF_INET, states=14
04-04 22:28:10.285  2313  2755 D InetDiagMessage: Destroyed 1 sockets, proto=IPPROTO_TCP, family=AF_INET6, states=14
04-04 22:28:10.285  2313  2755 D InetDiagMessage: Destroyed live tcp sockets for uids={10405} in 10ms
04-04 22:28:10.288  2313  2755 D InetDiagMessage: Destroyed 0 sockets, proto=IPPROTO_TCP, family=AF_INET, states=14
04-04 22:28:10.291  2313  2755 D InetDiagMessage: Destroyed 0 sockets, proto=IPPROTO_TCP, family=AF_INET6, states=14
04-04 22:28:10.291  2313  2755 D InetDiagMessage: Destroyed live tcp sockets for uids={20405} in 6ms
04-04 22:28:10.365  1709  1790 I HfLooper: moto_sensor LIGHT_SENSOR_LIGHT_1 lux = 0.000000, timestamp = 1662746780695720 
04-04 22:28:10.477  1709  1790 I HfLooper: moto_sensor LIGHT_SENSOR_LIGHT_1 lux = 0.000000, timestamp = 1662746890711629 
04-04 22:28:10.528 25801  2515 W adbd    : timed out while waiting for FUNCTIONFS_BIND, trying again
04-04 22:28:10.529 25801  2515 I adbd    : UsbFfs: connection terminated: monitor thread finished
04-04 22:28:10.549  2313  2755 D InetDiagMessage: Destroyed 0 sockets, proto=IPPROTO_TCP, family=AF_INET, states=14
04-04 22:28:10.551  2313  2755 D InetDiagMessage: Destroyed 0 sockets, proto=IPPROTO_TCP, family=AF_INET6, states=14
04-04 22:28:10.551  2313  2755 D InetDiagMessage: Destroyed live tcp sockets for uids={10414} in 4ms
04-04 22:28:10.553  2313  2755 D InetDiagMessage: Destroyed 0 sockets, proto=IPPROTO_TCP, family=AF_INET, states=14
04-04 22:28:10.554  2313  2755 D InetDiagMessage: Destroyed 0 sockets, proto=IPPROTO_TCP, family=AF_INET6, states=14
04-04 22:28:10.555  2313  2755 D InetDiagMessage: Destroyed live tcp sockets for uids={20414} in 3ms
04-04 22:28:10.584  1709  1790 I HfLooper: moto_sensor LIGHT_SENSOR_LIGHT_1 lux = 0.000000, timestamp = 1662747000215384 
04-04 22:28:10.589 25801 25807 I adbd    : opening control endpoint /dev/usb-ffs/adb/ep0
04-04 22:28:10.591  1982  1982 W libc    : Access denied finding property "hwservicemanager.ready"
04-04 22:28:10.586  1982  1982 W binder:1982_2: type=1400 audit(0.0:3880858): avc:  denied  { read } for  name="u:object_r:hwservicemanager_prop:s0" dev="tmpfs" ino=256 scontext=u:r:lbs_dbg_ext:s0 tcontext=u:object_r:hwservicemanager_prop:s0 tclass=file permissive=0
04-04 22:28:10.694  1709  1790 I HfLooper: moto_sensor LIGHT_SENSOR_LIGHT_1 lux = 0.000000, timestamp = 1662747110139701 
04-04 22:28:10.802  1982  1982 W binder:1982_2: type=1400 audit(0.0:3880859): avc:  denied  { read } for  name="u:object_r:hwservicemanager_prop:s0" dev="tmpfs" ino=256 scontext=u:r:lbs_dbg_ext:s0 tcontext=u:object_r:hwservicemanager_prop:s0 tclass=file permissive=0
04-04 22:28:10.804  1982  1982 W lbs_dbg_ext: Waited for hwservicemanager.ready for a second, waiting another...
04-04 22:28:10.804  1982  1982 W libc    : Access denied finding property "hwservicemanager.disabled"
04-04 22:28:10.805  1982  1982 W libc    : Access denied finding property "hwservicemanager.ready"
04-04 22:28:10.805  1982  1982 W libc    : Access denied finding property "hwservicemanager.ready"
04-04 22:28:10.805  1709  1790 I HfLooper: moto_sensor LIGHT_SENSOR_LIGHT_1 lux = 0.000000, timestamp = 1662747220613217 
04-04 22:28:10.802  1982  1982 W binder:1982_2: type=1400 audit(0.0:3880860): avc:  denied  { read } for  name="u:object_r:hwservicemanager_prop:s0" dev="tmpfs" ino=256 scontext=u:r:lbs_dbg_ext:s0 tcontext=u:object_r:hwservicemanager_prop:s0 tclass=file permissive=0
04-04 22:28:10.802  1982  1982 W binder:1982_2: type=1400 audit(0.0:3880861): avc:  denied  { read } for  name="u:object_r:hwservicemanager_prop:s0" dev="tmpfs" ino=256 scontext=u:r:lbs_dbg_ext:s0 tcontext=u:object_r:hwservicemanager_prop:s0 tclass=file permissive=0
04-04 22:28:10.915  1709  1790 I HfLooper: moto_sensor LIGHT_SENSOR_LIGHT_1 lux = 0.000000, timestamp = 1662747330228904 
04-04 22:28:11.025  1709  1790 I HfLooper: moto_sensor LIGHT_SENSOR_LIGHT_1 lux = 0.000000, timestamp = 1662747440668890 
04-04 22:28:11.103  1709  1789 W AString : ctor got NULL, using empty string instead
04-04 22:28:11.104  1709  1789 I SensorSavedChannel: [-88,118,199,626,-7232,-5444]==>gyro_temp.json
04-04 22:28:11.104  1709  1789 W AString : ctor got NULL, using empty string instead
04-04 22:28:11.105  1709  1789 I SensorSavedChannel: [-2602,-2949,1759]==>gyro_bias.json
04-04 22:28:11.105  1709  1789 W SensorSavedChannel: [SOIS_H] dynamic calibration process: static cali data [345,4677], bias cali data [-2602,-2949]
04-04 22:28:11.127  1738  1806 I libPerfCtl: xgfGetFPS pid:2918 fps:-1
04-04 22:28:11.127  1738  1806 I libPerfCtl: xgfGetFPS pid:12940 fps:-1
04-04 22:28:11.135  1709  1790 I HfLooper: moto_sensor LIGHT_SENSOR_LIGHT_1 lux = 0.000000, timestamp = 1662747550715005 
04-04 22:28:11.246  1709  1790 I HfLooper: moto_sensor LIGHT_SENSOR_LIGHT_1 lux = 0.000000, timestamp = 1662747660700475 
04-04 22:28:11.355  1709  1790 I HfLooper: moto_sensor LIGHT_SENSOR_LIGHT_1 lux = 0.000000, timestamp = 1662747770716225 
04-04 22:28:11.465  1709  1790 I HfLooper: moto_sensor LIGHT_SENSOR_LIGHT_1 lux = 0.000000, timestamp = 1662747880701687 
04-04 22:28:11.574  1709  1790 I HfLooper: moto_sensor LIGHT_SENSOR_LIGHT_1 lux = 0.000000, timestamp = 1662747990266596 
04-04 22:28:11.595 25801  2516 W adbd    : timed out while waiting for FUNCTIONFS_BIND, trying again
04-04 22:28:11.595 25801  2516 I adbd    : UsbFfs: connection terminated: monitor thread finished
04-04 22:28:11.633 25801 25807 I adbd    : opening control endpoint /dev/usb-ffs/adb/ep0
04-04 22:28:11.635  1982  1982 W libc    : Access denied finding property "hwservicemanager.ready"
04-04 22:28:11.630  1982  1982 W binder:1982_2: type=1400 audit(0.0:3880862): avc:  denied  { read } for  name="u:object_r:hwservicemanager_prop:s0" dev="tmpfs" ino=256 scontext=u:r:lbs_dbg_ext:s0 tcontext=u:object_r:hwservicemanager_prop:s0 tclass=file permissive=0
04-04 22:28:11.685  1709  1790 I HfLooper: moto_sensor LIGHT_SENSOR_LIGHT_1 lux = 0.000000, timestamp = 1662748100702976 
04-04 22:28:11.797  1709  1790 I HfLooper: moto_sensor LIGHT_SENSOR_LIGHT_1 lux = 0.000000, timestamp = 1662748210718696 
04-04 22:28:11.806  1982  1982 W lbs_dbg_ext: Waited for hwservicemanager.ready for a second, waiting another...
04-04 22:28:11.802  1982  1982 W binder:1982_2: type=1400 audit(0.0:3880863): avc:  denied  { read } for  name="u:object_r:hwservicemanager_prop:s0" dev="tmpfs" ino=256 scontext=u:r:lbs_dbg_ext:s0 tcontext=u:object_r:hwservicemanager_prop:s0 tclass=file permissive=0
04-04 22:28:11.806  1982  1982 W libc    : Access denied finding property "hwservicemanager.disabled"
04-04 22:28:11.807  1982  1982 W libc    : Access denied finding property "hwservicemanager.ready"
04-04 22:28:11.802  1982  1982 W binder:1982_2: type=1400 audit(0.0:3880864): avc:  denied  { read } for  name="u:object_r:hwservicemanager_prop:s0" dev="tmpfs" ino=256 scontext=u:r:lbs_dbg_ext:s0 tcontext=u:object_r:hwservicemanager_prop:s0 tclass=file permissive=0
04-04 22:28:11.807  1982  1982 W libc    : Access denied finding property "hwservicemanager.ready"
04-04 22:28:11.802  1982  1982 W binder:1982_2: type=1400 audit(0.0:3880865): avc:  denied  { read } for  name="u:object_r:hwservicemanager_prop:s0" dev="tmpfs" ino=256 scontext=u:r:lbs_dbg_ext:s0 tcontext=u:object_r:hwservicemanager_prop:s0 tclass=file permissive=0
04-04 22:28:11.909  1709  1790 I HfLooper: moto_sensor LIGHT_SENSOR_LIGHT_1 lux = 0.000000, timestamp = 1662748320704157 
04-04 22:28:12.017  1709  1790 I HfLooper: moto_sensor LIGHT_SENSOR_LIGHT_1 lux = 0.000000, timestamp = 1662748430719941 
04-04 22:28:12.125  1709  1790 I HfLooper: moto_sensor LIGHT_SENSOR_LIGHT_1 lux = 0.000000, timestamp = 1662748540705485 
04-04 22:28:12.128  1738  1806 I libPerfCtl: xgfGetFPS pid:2918 fps:-1
04-04 22:28:12.128  1738  1806 I libPerfCtl: xgfGetFPS pid:12940 fps:-1
04-04 22:28:12.205  1794  1794 I BufferQueueProducer: [StatusBar#95](this:0xb400007dbfc247b0,id:-1,api:0,p:-1,c:1794) queueBuffer: fps=0.33 dur=3022.20 max=3022.20 min=3022.20
04-04 22:28:12.207  1705  2206 I hwcomposer: [HWCDisplay] [Display_0 (type:1, mode:2)] fps:0.330948,dur:3021.62,max:3021.62,min:3021.62  
04-04 22:28:12.235  1709  1790 I HfLooper: moto_sensor LIGHT_SENSOR_LIGHT_1 lux = 0.000000, timestamp = 1662748650690634 
04-04 22:28:12.345  1709  1790 I HfLooper: moto_sensor LIGHT_SENSOR_LIGHT_1 lux = 0.000000, timestamp = 1662748760706393 
04-04 22:28:12.457  1709  1790 I HfLooper: moto_sensor LIGHT_SENSOR_LIGHT_1 lux = 0.000000, timestamp = 1662748870691941 
04-04 22:28:12.566  1709  1790 I HfLooper: moto_sensor LIGHT_SENSOR_LIGHT_1 lux = 0.000000, timestamp = 1662748980707946 
04-04 22:28:12.608  3041 25681 D IpClient/wlan0: addressUpdated: 2406:7400:bb:f58c:2451:afff:fe93:298d/64 on ifindex 36 flags 0x00000100 scope 0
04-04 22:28:12.609  3041 25681 D IpClient/wlan0: addressUpdated: 2406:7400:bb:f58c:d7d9:1149:e9cd:8741/64 on ifindex 36 flags 0x00000001 scope 0
04-04 22:28:12.609  3041 25681 W AlarmManager: Unrecognized alarm listener com.android.networkstack.android.net.ip.IpClientLinkObserver$Dhcp6PdPreferredPrefixAlarmListener@a73de76
04-04 22:28:12.610  3041 25681 D ApfFilter: (wlan0): Ignoring RA RA fe80::9ea2:f4ff:fead:c72b -> ff02::1 30s 2406:7400:bb:f58c::/64 300s/120s  which matches RA fe80::9ea2:f4ff:fead:c72b -> ff02::1 30s 2406:7400:bb:f58c::/64 300s/120s 
04-04 22:28:12.638 25801  2524 W adbd    : timed out while waiting for FUNCTIONFS_BIND, trying again
04-04 22:28:12.639 25801  2524 I adbd    : UsbFfs: connection terminated: monitor thread finished
04-04 22:28:12.675  1709  1790 I HfLooper: moto_sensor LIGHT_SENSOR_LIGHT_1 lux = 0.000000, timestamp = 1662749090723851 
04-04 22:28:12.703 25801 25807 I adbd    : opening control endpoint /dev/usb-ffs/adb/ep0
04-04 22:28:12.705  1982  1982 W libc    : Access denied finding property "hwservicemanager.ready"
04-04 22:28:12.702  1982  1982 W binder:1982_2: type=1400 audit(0.0:3880866): avc:  denied  { read } for  name="u:object_r:hwservicemanager_prop:s0" dev="tmpfs" ino=256 scontext=u:r:lbs_dbg_ext:s0 tcontext=u:object_r:hwservicemanager_prop:s0 tclass=file permissive=0
04-04 22:28:12.709 11930 11930 D WifiHAL : WifiRequest::create vendor command to iface 36, vendor_id=0x1a11, subcmd=0x0002, res=0
04-04 22:28:12.710 11930 11930 I WifiHAL : feature_set=0x8488341a
04-04 22:28:12.714  2313  2748 I HalDevMgr: bestIfaceCreationProposal is null, requestIface=STA, existingIface=[name=wlan0 type=STA]
04-04 22:28:12.716  2313  6875 I MotoStaCheckin: onWifiUsabilityStats, seqNum: 98590, isSameBssidAndFreq: true, RSSI: -52, isThroughputSufficient: true, LinkSpeed: 351 Mbps, RxLinkSpeed: 390 Mbps
04-04 22:28:12.716  2313  6875 I MotoStaCheckin: onWifiUsabilityStats, Duration: 1662749135, Rx Good: 85 ( PPS: 0 ), Tx Good: 166, Tx Bad: 0 ( 0 % ), Tx Retry: 0 ( 0 % ), NSS: 0, Bandwidth: 0
04-04 22:28:12.785  1709  1790 I HfLooper: moto_sensor LIGHT_SENSOR_LIGHT_1 lux = 0.000000, timestamp = 1662749200709044 
04-04 22:28:12.807  1982  1982 W lbs_dbg_ext: Waited for hwservicemanager.ready for a second, waiting another...
04-04 22:28:12.807  1982  1982 W libc    : Access denied finding property "hwservicemanager.disabled"
04-04 22:28:12.802  1982  1982 W binder:1982_2: type=1400 audit(0.0:3880867): avc:  denied  { read } for  name="u:object_r:hwservicemanager_prop:s0" dev="tmpfs" ino=256 scontext=u:r:lbs_dbg_ext:s0 tcontext=u:object_r:hwservicemanager_prop:s0 tclass=file permissive=0
04-04 22:28:12.808  1982  1982 W libc    : Access denied finding property "hwservicemanager.ready"
04-04 22:28:12.808  1982  1982 W libc    : Access denied finding property "hwservicemanager.ready"
04-04 22:28:12.806  1982  1982 W binder:1982_2: type=1400 audit(0.0:3880868): avc:  denied  { read } for  name="u:object_r:hwservicemanager_prop:s0" dev="tmpfs" ino=256 scontext=u:r:lbs_dbg_ext:s0 tcontext=u:object_r:hwservicemanager_prop:s0 tclass=file permissive=0
04-04 22:28:12.806  1982  1982 W binder:1982_2: type=1400 audit(0.0:3880869): avc:  denied  { read } for  name="u:object_r:hwservicemanager_prop:s0" dev="tmpfs" ino=256 scontext=u:r:lbs_dbg_ext:s0 tcontext=u:object_r:hwservicemanager_prop:s0 tclass=file permissive=0
04-04 22:28:12.895  1709  1790 I HfLooper: moto_sensor LIGHT_SENSOR_LIGHT_1 lux = 0.000000, timestamp = 1662749310724803 
04-04 22:28:13.005  1709  1790 I HfLooper: moto_sensor LIGHT_SENSOR_LIGHT_1 lux = 0.000000, timestamp = 1662749420710298 
04-04 22:28:13.090  2025  2378 D ULogGuard: Monitoring: 18 threads, 0 requests, 0 time-bombs; 326 guards. ResetFlags = 0x7
04-04 22:28:13.117  1709  1790 I HfLooper: moto_sensor LIGHT_SENSOR_LIGHT_1 lux = 0.000000, timestamp = 1662749530726052 
04-04 22:28:13.127  1738  1806 I libPerfCtl: xgfGetFPS pid:2918 fps:-1
04-04 22:28:13.127  1738  1806 I libPerfCtl: xgfGetFPS pid:12940 fps:-1
04-04 22:28:13.227  1709  1790 I HfLooper: moto_sensor LIGHT_SENSOR_LIGHT_1 lux = 0.000000, timestamp = 1662749640711528 
04-04 22:28:13.335  1709  1790 I HfLooper: moto_sensor LIGHT_SENSOR_LIGHT_1 lux = 0.000000, timestamp = 1662749750696835 
04-04 22:28:13.445  1709  1790 I HfLooper: moto_sensor LIGHT_SENSOR_LIGHT_1 lux = 0.000000, timestamp = 1662749860712769 
04-04 22:28:13.557  1709  1790 I HfLooper: moto_sensor LIGHT_SENSOR_LIGHT_1 lux = 0.000000, timestamp = 1662749970698004 
04-04 22:28:13.666  1709  1790 I HfLooper: moto_sensor LIGHT_SENSOR_LIGHT_1 lux = 0.000000, timestamp = 1662750080227855 
04-04 22:28:13.708 25801  2525 W adbd    : timed out while waiting for FUNCTIONFS_BIND, trying again
04-04 22:28:13.709 25801  2525 I adbd    : UsbFfs: connection terminated: monitor thread finished
04-04 22:28:13.719 23886 24123 I PlayCommon: [7659] Preparing logs for uploading
04-04 22:28:13.729 23886 24123 I PlayCommon: [7659] Connecting to server: https://play.googleapis.com/play/log?format=raw&proto_v2=true
04-04 22:28:13.756 25801 25807 I adbd    : opening control endpoint /dev/usb-ffs/adb/ep0
04-04 22:28:13.758  1982  1982 W libc    : Access denied finding property "hwservicemanager.ready"
04-04 22:28:13.754  1982  1982 W binder:1982_2: type=1400 audit(0.0:3880870): avc:  denied  { read } for  name="u:object_r:hwservicemanager_prop:s0" dev="tmpfs" ino=256 scontext=u:r:lbs_dbg_ext:s0 tcontext=u:object_r:hwservicemanager_prop:s0 tclass=file permissive=0
04-04 22:28:13.775  1709  1790 I HfLooper: moto_sensor LIGHT_SENSOR_LIGHT_1 lux = 0.000000, timestamp = 1662750190400787 
04-04 22:28:13.808  1982  1982 W lbs_dbg_ext: Waited for hwservicemanager.ready for a second, waiting another...
04-04 22:28:13.809  1982  1982 W libc    : Access denied finding property "hwservicemanager.disabled"
04-04 22:28:13.806  1982  1982 W binder:1982_2: type=1400 audit(0.0:3880871): avc:  denied  { read } for  name="u:object_r:hwservicemanager_prop:s0" dev="tmpfs" ino=256 scontext=u:r:lbs_dbg_ext:s0 tcontext=u:object_r:hwservicemanager_prop:s0 tclass=file permissive=0
04-04 22:28:13.809  1982  1982 W libc    : Access denied finding property "hwservicemanager.ready"
04-04 22:28:13.806  1982  1982 W binder:1982_2: type=1400 audit(0.0:3880872): avc:  denied  { read } for  name="u:object_r:hwservicemanager_prop:s0" dev="tmpfs" ino=256 scontext=u:r:lbs_dbg_ext:s0 tcontext=u:object_r:hwservicemanager_prop:s0 tclass=file permissive=0
04-04 22:28:13.806  1982  1982 W binder:1982_2: type=1400 audit(0.0:3880873): avc:  denied  { read } for  name="u:object_r:hwservicemanager_prop:s0" dev="tmpfs" ino=256 scontext=u:r:lbs_dbg_ext:s0 tcontext=u:object_r:hwservicemanager_prop:s0 tclass=file permissive=0
04-04 22:28:13.810  1982  1982 W libc    : Access denied finding property "hwservicemanager.ready"
04-04 22:28:13.872 23886 24123 I PlayCommon: [7659] Successfully uploaded logs.
04-04 22:28:13.885  1709  1790 I HfLooper: moto_sensor LIGHT_SENSOR_LIGHT_1 lux = 0.000000, timestamp = 1662750300837172 
04-04 22:28:13.995  1709  1790 I HfLooper: moto_sensor LIGHT_SENSOR_LIGHT_1 lux = 0.000000, timestamp = 1662750410456476 
04-04 22:28:14.106  1709  1790 I HfLooper: moto_sensor LIGHT_SENSOR_LIGHT_1 lux = 0.000000, timestamp = 1662750520716251 
04-04 22:28:14.128  1738  1806 I libPerfCtl: xgfGetFPS pid:2918 fps:-1
04-04 22:28:14.128  1738  1806 I libPerfCtl: xgfGetFPS pid:12940 fps:-1
04-04 22:28:14.164  2313  2616 D PowerManagerService: nativeAcquireSuspendBlocker name:PowerManagerService.WakeLocks duration ms: 3
04-04 22:28:14.171  2313  2573 D PowerManagerService: nativeReleaseSuspendBlocker name:PowerManagerService.WakeLocks duration ms: 1
04-04 22:28:14.215  1709  1790 I HfLooper: moto_sensor LIGHT_SENSOR_LIGHT_1 lux = 0.000000, timestamp = 1662750630701764 
04-04 22:28:14.218  2313  2573 D IntervalStats: Unable to parse usage stats packages: [1462, 1673, 1679, 1681, 1740, 1745, 1772, 1774, 1775, 1776, 1777, 1780]
04-04 22:28:14.327  1709  1790 I HfLooper: moto_sensor LIGHT_SENSOR_LIGHT_1 lux = 0.000000, timestamp = 1662750740717683 
04-04 22:28:14.437  1709  1790 I HfLooper: moto_sensor LIGHT_SENSOR_LIGHT_1 lux = 0.000000, timestamp = 1662750850702909 
04-04 22:28:14.545  1709  1790 I HfLooper: moto_sensor LIGHT_SENSOR_LIGHT_1 lux = 0.000000, timestamp = 1662750960718692 
04-04 22:28:14.655  1709  1790 I HfLooper: moto_sensor LIGHT_SENSOR_LIGHT_1 lux = 0.000000, timestamp = 1662751070704226 
04-04 22:28:14.762 25801  2536 W adbd    : timed out while waiting for FUNCTIONFS_BIND, trying again
04-04 22:28:14.763 25801  2536 I adbd    : UsbFfs: connection terminated: monitor thread finished
04-04 22:28:14.765  1709  1790 I HfLooper: moto_sensor LIGHT_SENSOR_LIGHT_1 lux = 0.000000, timestamp = 1662751180719919 
04-04 22:28:14.806  1982  1982 W binder:1982_2: type=1400 audit(0.0:3880874): avc:  denied  { read } for  name="u:object_r:hwservicemanager_prop:s0" dev="tmpfs" ino=256 scontext=u:r:lbs_dbg_ext:s0 tcontext=u:object_r:hwservicemanager_prop:s0 tclass=file permissive=0
04-04 22:28:14.810  1982  1982 W lbs_dbg_ext: Waited for hwservicemanager.ready for a second, waiting another...
04-04 22:28:14.811  1982  1982 W libc    : Access denied finding property "hwservicemanager.disabled"
04-04 22:28:14.811  1982  1982 W libc    : Access denied finding property "hwservicemanager.ready"
04-04 22:28:14.806  1982  1982 W binder:1982_2: type=1400 audit(0.0:3880875): avc:  denied  { read } for  name="u:object_r:hwservicemanager_prop:s0" dev="tmpfs" ino=256 scontext=u:r:lbs_dbg_ext:s0 tcontext=u:object_r:hwservicemanager_prop:s0 tclass=file permissive=0
04-04 22:28:14.806  1982  1982 W binder:1982_2: type=1400 audit(0.0:3880876): avc:  denied  { read } for  name="u:object_r:hwservicemanager_prop:s0" dev="tmpfs" ino=256 scontext=u:r:lbs_dbg_ext:s0 tcontext=u:object_r:hwservicemanager_prop:s0 tclass=file permissive=0
04-04 22:28:14.812  1982  1982 W libc    : Access denied finding property "hwservicemanager.ready"
04-04 22:28:14.844 25801 25807 I adbd    : opening control endpoint /dev/usb-ffs/adb/ep0
04-04 22:28:14.847  1982  1982 W libc    : Access denied finding property "hwservicemanager.ready"
04-04 22:28:14.842  1982  1982 W binder:1982_2: type=1400 audit(0.0:3880877): avc:  denied  { read } for  name="u:object_r:hwservicemanager_prop:s0" dev="tmpfs" ino=256 scontext=u:r:lbs_dbg_ext:s0 tcontext=u:object_r:hwservicemanager_prop:s0 tclass=file permissive=0
04-04 22:28:14.875  1709  1790 I HfLooper: moto_sensor LIGHT_SENSOR_LIGHT_1 lux = 0.000000, timestamp = 1662751290705380 
04-04 22:28:14.985  1709  1790 I HfLooper: moto_sensor LIGHT_SENSOR_LIGHT_1 lux = 0.000000, timestamp = 1662751400721121 
04-04 22:28:15.095  1709  1790 I HfLooper: moto_sensor LIGHT_SENSOR_LIGHT_1 lux = 0.000000, timestamp = 1662751510706597 
04-04 22:28:15.128  1738  1806 I libPerfCtl: xgfGetFPS pid:2918 fps:-1
04-04 22:28:15.129  1738  1806 I libPerfCtl: xgfGetFPS pid:12940 fps:-1
04-04 22:28:15.206  1709  1790 I HfLooper: moto_sensor LIGHT_SENSOR_LIGHT_1 lux = 0.000000, timestamp = 1662751620722597 
04-04 22:28:15.217  1794  1794 I BufferQueueProducer: [StatusBar#95](this:0xb400007dbfc247b0,id:-1,api:0,p:-1,c:1794) queueBuffer: fps=0.33 dur=3011.53 max=3011.53 min=3011.53
04-04 22:28:15.219  1705  2206 I hwcomposer: [HWCDisplay] [Display_0 (type:1, mode:2)] fps:0.332061,dur:3011.49,max:3011.49,min:3011.49  
04-04 22:28:15.315  1709  1790 I HfLooper: moto_sensor LIGHT_SENSOR_LIGHT_1 lux = 0.000000, timestamp = 1662751730707582 
04-04 22:28:15.370  2313  2817 D ActivityManager: freezing 9088 com.motorola.smartfeed, reason = moto_freezer, adj=900, adjType=cch-client-act
04-04 22:28:15.378  2313  2755 D InetDiagMessage: Destroyed 0 sockets, proto=IPPROTO_TCP, family=AF_INET, states=14
04-04 22:28:15.383  2313  2755 D InetDiagMessage: Destroyed 0 sockets, proto=IPPROTO_TCP, family=AF_INET6, states=14
04-04 22:28:15.383  2313  2755 D InetDiagMessage: Destroyed live tcp sockets for uids={10405} in 9ms
04-04 22:28:15.425  1709  1790 I HfLooper: moto_sensor LIGHT_SENSOR_LIGHT_1 lux = 0.000000, timestamp = 1662751840693111 
04-04 22:28:15.536  1709  1790 I HfLooper: moto_sensor LIGHT_SENSOR_LIGHT_1 lux = 0.000000, timestamp = 1662751950709034 
04-04 22:28:15.645  1709  1790 I HfLooper: moto_sensor LIGHT_SENSOR_LIGHT_1 lux = 0.000000, timestamp = 1662752060725071 
04-04 22:28:15.734 11930 11931 D WifiHAL : WifiRequest::create vendor command to iface 36, vendor_id=0x1a11, subcmd=0x0002, res=0
04-04 22:28:15.734 11930 11931 I WifiHAL : feature_set=0x8488341a
04-04 22:28:15.738  2313  2748 I HalDevMgr: bestIfaceCreationProposal is null, requestIface=STA, existingIface=[name=wlan0 type=STA]
04-04 22:28:15.739  2313  6875 I MotoStaCheckin: onWifiUsabilityStats, seqNum: 98591, isSameBssidAndFreq: true, RSSI: -52, isThroughputSufficient: true, LinkSpeed: 351 Mbps, RxLinkSpeed: 390 Mbps
04-04 22:28:15.739  2313  6875 I MotoStaCheckin: onWifiUsabilityStats, Duration: 1662752158, Rx Good: 18 ( PPS: 0 ), Tx Good: 15, Tx Bad: 0 ( 0 % ), Tx Retry: 0 ( 0 % ), NSS: 0, Bandwidth: 0
04-04 22:28:15.755  1709  1790 I HfLooper: moto_sensor LIGHT_SENSOR_LIGHT_1 lux = 0.000000, timestamp = 1662752170710306 
04-04 22:28:15.812  1982  1982 W lbs_dbg_ext: Waited for hwservicemanager.ready for a second, waiting another...
04-04 22:28:15.813  1982  1982 W libc    : Access denied finding property "hwservicemanager.disabled"
04-04 22:28:15.810  1982  1982 W binder:1982_2: type=1400 audit(0.0:3880878): avc:  denied  { read } for  name="u:object_r:hwservicemanager_prop:s0" dev="tmpfs" ino=256 scontext=u:r:lbs_dbg_ext:s0 tcontext=u:object_r:hwservicemanager_prop:s0 tclass=file permissive=0
04-04 22:28:15.813  1982  1982 W libc    : Access denied finding property "hwservicemanager.ready"
04-04 22:28:15.813  1982  1982 W libc    : Access denied finding property "hwservicemanager.ready"
04-04 22:28:15.810  1982  1982 W binder:1982_2: type=1400 audit(0.0:3880879): avc:  denied  { read } for  name="u:object_r:hwservicemanager_prop:s0" dev="tmpfs" ino=256 scontext=u:r:lbs_dbg_ext:s0 tcontext=u:object_r:hwservicemanager_prop:s0 tclass=file permissive=0
04-04 22:28:15.810  1982  1982 W binder:1982_2: type=1400 audit(0.0:3880880): avc:  denied  { read } for  name="u:object_r:hwservicemanager_prop:s0" dev="tmpfs" ino=256 scontext=u:r:lbs_dbg_ext:s0 tcontext=u:object_r:hwservicemanager_prop:s0 tclass=file permissive=0
04-04 22:28:15.850 25801  2537 W adbd    : timed out while waiting for FUNCTIONFS_BIND, trying again
04-04 22:28:15.850 25801  2537 I adbd    : UsbFfs: connection terminated: monitor thread finished
04-04 22:28:15.865  1709  1790 I HfLooper: moto_sensor LIGHT_SENSOR_LIGHT_1 lux = 0.000000, timestamp = 1662752280695624 
04-04 22:28:15.892 25801 25807 I adbd    : opening control endpoint /dev/usb-ffs/adb/ep0
04-04 22:28:15.895  1982  1982 W libc    : Access denied finding property "hwservicemanager.ready"
04-04 22:28:15.890  1982  1982 W binder:1982_2: type=1400 audit(0.0:3880881): avc:  denied  { read } for  name="u:object_r:hwservicemanager_prop:s0" dev="tmpfs" ino=256 scontext=u:r:lbs_dbg_ext:s0 tcontext=u:object_r:hwservicemanager_prop:s0 tclass=file permissive=0
04-04 22:28:15.974  1709  1790 I HfLooper: moto_sensor LIGHT_SENSOR_LIGHT_1 lux = 0.000000, timestamp = 1662752390260446 
04-04 22:28:16.085  1709  1790 I HfLooper: moto_sensor LIGHT_SENSOR_LIGHT_1 lux = 0.000000, timestamp = 1662752500696749 
04-04 22:28:16.094  2025  2378 D ULogGuard: Monitoring: 18 threads, 0 requests, 0 time-bombs; 326 guards. ResetFlags = 0x7
04-04 22:28:16.197  1709  1790 I HfLooper: moto_sensor LIGHT_SENSOR_LIGHT_1 lux = 0.000000, timestamp = 1662752610712730 
04-04 22:28:16.212  1738  1806 I libPerfCtl: xgfGetFPS pid:2918 fps:-1
04-04 22:28:16.296  3041 25681 D IpClient/wlan0: addressUpdated: 2406:7400:bb:f58c:2451:afff:fe93:298d/64 on ifindex 36 flags 0x00000100 scope 0
04-04 22:28:16.297  3041 25681 D IpClient/wlan0: addressUpdated: 2406:7400:bb:f58c:d7d9:1149:e9cd:8741/64 on ifindex 36 flags 0x00000001 scope 0
04-04 22:28:16.298  3041 25681 W AlarmManager: Unrecognized alarm listener com.android.networkstack.android.net.ip.IpClientLinkObserver$Dhcp6PdPreferredPrefixAlarmListener@a73de76
04-04 22:28:16.301  3041 25681 D ApfFilter: (wlan0): Ignoring RA RA fe80::9ea2:f4ff:fead:c72b -> ff02::1 30s 2406:7400:bb:f58c::/64 300s/120s  which matches RA fe80::9ea2:f4ff:fead:c72b -> ff02::1 30s 2406:7400:bb:f58c::/64 300s/120s 
04-04 22:28:16.305  1709  1790 I HfLooper: moto_sensor LIGHT_SENSOR_LIGHT_1 lux = 0.000000, timestamp = 1662752720698052 
04-04 22:28:16.415  1709  1790 I HfLooper: moto_sensor LIGHT_SENSOR_LIGHT_1 lux = 0.000000, timestamp = 1662752830713960 
04-04 22:28:16.527  1709  1790 I HfLooper: moto_sensor LIGHT_SENSOR_LIGHT_1 lux = 0.000000, timestamp = 1662752940699273 
04-04 22:28:16.637  1709  1790 I HfLooper: moto_sensor LIGHT_SENSOR_LIGHT_1 lux = 0.000000, timestamp = 1662753050714932 
04-04 22:28:16.745  1709  1790 I HfLooper: moto_sensor LIGHT_SENSOR_LIGHT_1 lux = 0.000000, timestamp = 1662753160700394 
04-04 22:28:16.810  1982  1982 W binder:1982_2: type=1400 audit(0.0:3880882): avc:  denied  { read } for  name="u:object_r:hwservicemanager_prop:s0" dev="tmpfs" ino=256 scontext=u:r:lbs_dbg_ext:s0 tcontext=u:object_r:hwservicemanager_prop:s0 tclass=file permissive=0
04-04 22:28:16.813  1982  1982 W lbs_dbg_ext: Waited for hwservicemanager.ready for a second, waiting another...
04-04 22:28:16.814  1982  1982 W libc    : Access denied finding property "hwservicemanager.disabled"
04-04 22:28:16.814  1982  1982 W libc    : Access denied finding property "hwservicemanager.ready"
04-04 22:28:16.810  1982  1982 W binder:1982_2: type=1400 audit(0.0:3880883): avc:  denied  { read } for  name="u:object_r:hwservicemanager_prop:s0" dev="tmpfs" ino=256 scontext=u:r:lbs_dbg_ext:s0 tcontext=u:object_r:hwservicemanager_prop:s0 tclass=file permissive=0
04-04 22:28:16.815  1982  1982 W libc    : Access denied finding property "hwservicemanager.ready"
04-04 22:28:16.810  1982  1982 W binder:1982_2: type=1400 audit(0.0:3880884): avc:  denied  { read } for  name="u:object_r:hwservicemanager_prop:s0" dev="tmpfs" ino=256 scontext=u:r:lbs_dbg_ext:s0 tcontext=u:object_r:hwservicemanager_prop:s0 tclass=file permissive=0
04-04 22:28:16.855  1709  1790 I HfLooper: moto_sensor LIGHT_SENSOR_LIGHT_1 lux = 0.000000, timestamp = 1662753270716423 
04-04 22:28:16.898 25801  2538 W adbd    : timed out while waiting for FUNCTIONFS_BIND, trying again
04-04 22:28:16.898 25801  2538 I adbd    : UsbFfs: connection terminated: monitor thread finished
04-04 22:28:16.940 25801 25807 I adbd    : opening control endpoint /dev/usb-ffs/adb/ep0
04-04 22:28:16.943  1982  1982 W libc    : Access denied finding property "hwservicemanager.ready"
04-04 22:28:16.938  1982  1982 W binder:1982_2: type=1400 audit(0.0:3880885): avc:  denied  { read } for  name="u:object_r:hwservicemanager_prop:s0" dev="tmpfs" ino=256 scontext=u:r:lbs_dbg_ext:s0 tcontext=u:object_r:hwservicemanager_prop:s0 tclass=file permissive=0
04-04 22:28:16.965  1709  1790 I HfLooper: moto_sensor LIGHT_SENSOR_LIGHT_1 lux = 0.000000, timestamp = 1662753380701759 
04-04 22:28:17.074  1709  1790 I HfLooper: moto_sensor LIGHT_SENSOR_LIGHT_1 lux = 0.000000, timestamp = 1662753490384470 
04-04 22:28:17.184  1709  1790 I HfLooper: moto_sensor LIGHT_SENSOR_LIGHT_1 lux = 0.000000, timestamp = 1662753600374023 
04-04 22:28:17.215  1738  1806 I libPerfCtl: xgfGetFPS pid:2918 fps:-1
04-04 22:28:17.297  1709  1790 I HfLooper: moto_sensor LIGHT_SENSOR_LIGHT_1 lux = 0.000000, timestamp = 1662753710810408 
04-04 22:28:17.406  1709  1790 I HfLooper: moto_sensor LIGHT_SENSOR_LIGHT_1 lux = 0.000000, timestamp = 1662753820429508 
04-04 22:28:17.518  1709  1790 I HfLooper: moto_sensor LIGHT_SENSOR_LIGHT_1 lux = 0.000000, timestamp = 1662753930719975 
04-04 22:28:17.628  1709  1790 I HfLooper: moto_sensor LIGHT_SENSOR_LIGHT_1 lux = 0.000000, timestamp = 1662754040705504 
04-04 22:28:17.737  1709  1790 I HfLooper: moto_sensor LIGHT_SENSOR_LIGHT_1 lux = 0.000000, timestamp = 1662754150721438 
04-04 22:28:17.815  1982  1982 W lbs_dbg_ext: Waited for hwservicemanager.ready for a second, waiting another...
04-04 22:28:17.810  1982  1982 W binder:1982_2: type=1400 audit(0.0:3880886): avc:  denied  { read } for  name="u:object_r:hwservicemanager_prop:s0" dev="tmpfs" ino=256 scontext=u:r:lbs_dbg_ext:s0 tcontext=u:object_r:hwservicemanager_prop:s0 tclass=file permissive=0
04-04 22:28:17.815  1982  1982 W libc    : Access denied finding property "hwservicemanager.disabled"
04-04 22:28:17.816  1982  1982 W libc    : Access denied finding property "hwservicemanager.ready"
04-04 22:28:17.816  1982  1982 W libc    : Access denied finding property "hwservicemanager.ready"
04-04 22:28:17.814  1982  1982 W binder:1982_2: type=1400 audit(0.0:3880888): avc:  denied  { read } for  name="u:object_r:hwservicemanager_prop:s0" dev="tmpfs" ino=256 scontext=u:r:lbs_dbg_ext:s0 tcontext=u:object_r:hwservicemanager_prop:s0 tclass=file permissive=0
04-04 22:28:17.845  1709  1790 I HfLooper: moto_sensor LIGHT_SENSOR_LIGHT_1 lux = 0.000000, timestamp = 1662754260706649 
04-04 22:28:17.948 25801  2551 W adbd    : timed out while waiting for FUNCTIONFS_BIND, trying again
04-04 22:28:17.948 25801  2551 I adbd    : UsbFfs: connection terminated: monitor thread finished
04-04 22:28:17.955  1709  1790 I HfLooper: moto_sensor LIGHT_SENSOR_LIGHT_1 lux = 0.000000, timestamp = 1662754370264803 
